Component: ARM Compiler 5.06 update 5 (build 528) Tool: armlink [4d35e2]

==============================================================================

Section Cross References

    system_stm32f10x.o(i.SetSysClock) refers to system_stm32f10x.o(i.SetSysClockTo72) for SetSysClockTo72
    system_stm32f10x.o(i.SystemCoreClockUpdate) refers to system_stm32f10x.o(.data) for SystemCoreClock
    system_stm32f10x.o(i.SystemInit) refers to system_stm32f10x.o(i.SetSysClock) for SetSysClock
    startup_stm32f10x_md.o(STACK) refers (Special) to heapauxi.o(.text) for __use_two_region_memory
    startup_stm32f10x_md.o(HEAP) refers (Special) to heapauxi.o(.text) for __use_two_region_memory
    startup_stm32f10x_md.o(RESET) refers (Special) to heapauxi.o(.text) for __use_two_region_memory
    startup_stm32f10x_md.o(RESET) refers to startup_stm32f10x_md.o(STACK) for __initial_sp
    startup_stm32f10x_md.o(RESET) refers to startup_stm32f10x_md.o(.text) for Reset_Handler
    startup_stm32f10x_md.o(RESET) refers to systick_timer.o(i.SysTick_Handler) for SysTick_Handler
    startup_stm32f10x_md.o(RESET) refers to ws2812b.o(i.DMA1_Channel1_IRQHandler) for DMA1_Channel1_IRQHandler
    startup_stm32f10x_md.o(RESET) refers to ws2812b.o(i.DMA1_Channel4_IRQHandler) for DMA1_Channel4_IRQHandler
    startup_stm32f10x_md.o(RESET) refers to ws2812b.o(i.DMA1_Channel7_IRQHandler) for DMA1_Channel7_IRQHandler
    startup_stm32f10x_md.o(RESET) refers to uart.o(i.USART1_IRQHandler) for USART1_IRQHandler
    startup_stm32f10x_md.o(RESET) refers to uart.o(i.USART2_IRQHandler) for USART2_IRQHandler
    startup_stm32f10x_md.o(.text) refers (Special) to heapauxi.o(.text) for __use_two_region_memory
    startup_stm32f10x_md.o(.text) refers to system_stm32f10x.o(i.SystemInit) for SystemInit
    startup_stm32f10x_md.o(.text) refers to __main.o(!!!main) for __main
    startup_stm32f10x_md.o(.text) refers to startup_stm32f10x_md.o(HEAP) for Heap_Mem
    startup_stm32f10x_md.o(.text) refers to startup_stm32f10x_md.o(STACK) for Stack_Mem
    stm32f10x_flash.o(i.FLASH_EnableWriteProtection) refers to stm32f10x_flash.o(i.FLASH_WaitForLastOperation) for FLASH_WaitForLastOperation
    stm32f10x_flash.o(i.FLASH_EraseAllBank1Pages) refers to stm32f10x_flash.o(i.FLASH_WaitForLastBank1Operation) for FLASH_WaitForLastBank1Operation
    stm32f10x_flash.o(i.FLASH_EraseAllPages) refers to stm32f10x_flash.o(i.FLASH_WaitForLastOperation) for FLASH_WaitForLastOperation
    stm32f10x_flash.o(i.FLASH_EraseOptionBytes) refers to stm32f10x_flash.o(i.FLASH_GetReadOutProtectionStatus) for FLASH_GetReadOutProtectionStatus
    stm32f10x_flash.o(i.FLASH_EraseOptionBytes) refers to stm32f10x_flash.o(i.FLASH_WaitForLastOperation) for FLASH_WaitForLastOperation
    stm32f10x_flash.o(i.FLASH_ErasePage) refers to stm32f10x_flash.o(i.FLASH_WaitForLastOperation) for FLASH_WaitForLastOperation
    stm32f10x_flash.o(i.FLASH_ProgramHalfWord) refers to stm32f10x_flash.o(i.FLASH_WaitForLastOperation) for FLASH_WaitForLastOperation
    stm32f10x_flash.o(i.FLASH_ProgramOptionByteData) refers to stm32f10x_flash.o(i.FLASH_WaitForLastOperation) for FLASH_WaitForLastOperation
    stm32f10x_flash.o(i.FLASH_ProgramWord) refers to stm32f10x_flash.o(i.FLASH_WaitForLastOperation) for FLASH_WaitForLastOperation
    stm32f10x_flash.o(i.FLASH_ReadOutProtection) refers to stm32f10x_flash.o(i.FLASH_WaitForLastOperation) for FLASH_WaitForLastOperation
    stm32f10x_flash.o(i.FLASH_UserOptionByteConfig) refers to stm32f10x_flash.o(i.FLASH_WaitForLastOperation) for FLASH_WaitForLastOperation
    stm32f10x_flash.o(i.FLASH_WaitForLastBank1Operation) refers to stm32f10x_flash.o(i.FLASH_GetBank1Status) for FLASH_GetBank1Status
    stm32f10x_flash.o(i.FLASH_WaitForLastOperation) refers to stm32f10x_flash.o(i.FLASH_GetBank1Status) for FLASH_GetBank1Status
    stm32f10x_gpio.o(i.GPIO_AFIODeInit) refers to stm32f10x_rcc.o(i.RCC_APB2PeriphResetCmd) for RCC_APB2PeriphResetCmd
    stm32f10x_gpio.o(i.GPIO_DeInit) refers to stm32f10x_rcc.o(i.RCC_APB2PeriphResetCmd) for RCC_APB2PeriphResetCmd
    stm32f10x_rcc.o(i.RCC_GetClocksFreq) refers to stm32f10x_rcc.o(.data) for APBAHBPrescTable
    stm32f10x_rcc.o(i.RCC_WaitForHSEStartUp) refers to stm32f10x_rcc.o(i.RCC_GetFlagStatus) for RCC_GetFlagStatus
    stm32f10x_spi.o(i.I2S_Init) refers to stm32f10x_rcc.o(i.RCC_GetClocksFreq) for RCC_GetClocksFreq
    stm32f10x_spi.o(i.SPI_I2S_DeInit) refers to stm32f10x_rcc.o(i.RCC_APB2PeriphResetCmd) for RCC_APB2PeriphResetCmd
    stm32f10x_spi.o(i.SPI_I2S_DeInit) refers to stm32f10x_rcc.o(i.RCC_APB1PeriphResetCmd) for RCC_APB1PeriphResetCmd
    stm32f10x_usart.o(i.USART_DeInit) refers to stm32f10x_rcc.o(i.RCC_APB2PeriphResetCmd) for RCC_APB2PeriphResetCmd
    stm32f10x_usart.o(i.USART_DeInit) refers to stm32f10x_rcc.o(i.RCC_APB1PeriphResetCmd) for RCC_APB1PeriphResetCmd
    stm32f10x_usart.o(i.USART_Init) refers to stm32f10x_rcc.o(i.RCC_GetClocksFreq) for RCC_GetClocksFreq
[...]
    .bss                                     0x20001825   Section      200  ws2812b.o(.bss)
    .bss                                     0x200018f0   Section      228  rand.o(.bss)
    .bss                                     0x200019d4   Section       96  libspace.o(.bss)
    HEAP                                     0x20001a38   Section     4096  startup_stm32f10x_md.o(HEAP)
    Heap_Mem                                 0x20001a38   Data        4096  startup_stm32f10x_md.o(HEAP)
    STACK                                    0x20002a38   Section     2048  startup_stm32f10x_md.o(STACK)
    Stack_Mem                                0x20002a38   Data        2048  startup_stm32f10x_md.o(STACK)
    __initial_sp                             0x20003238   Data           0  startup_stm32f10x_md.o(STACK)

    Global Symbols

    Symbol Name                              Value     Ov Type        Size  Object(Section)

    BuildAttributes$$THM_ISAv4$P$D$K$B$S$PE$A:L22UL41UL21$X:L11$S22US41US21$IEEE1$IW$USESV6$~STKCKD$USESV7$~SHL$OTIME$ROPI$IEEEJ$EBA8$UX$STANDARDLIB$REQ8$PRES8$EABIv2 0x00000000   Number         0  anon$$obj.o ABSOLUTE
    __ARM_use_no_argv                        0x00000000   Number         0  main.o ABSOLUTE
    _printf_flags                            0x00000000   Number         0  printf_stubs.o ABSOLUTE
    _printf_return_value                     0x00000000   Number         0  printf_stubs.o ABSOLUTE
    _printf_sizespec                         0x00000000   Number         0  printf_stubs.o ABSOLUTE
    _printf_widthprec                        0x00000000   Number         0  printf_stubs.o ABSOLUTE
    __ARM_exceptions_init                     - Undefined Weak Reference
    __alloca_initialize                       - Undefined Weak Reference
    __arm_preinit_                            - Undefined Weak Reference
    __cpp_initialize__aeabi_                  - Undefined Weak Reference
    __cxa_finalize                            - Undefined Weak Reference
    __sigvec_lookup                           - Undefined Weak Reference
    __user_heap_extent                        - Undefined Weak Reference
    _atexit_init                              - Undefined Weak Reference
    _call_atexit_fns                          - Undefined Weak Reference
    _clock_init                               - Undefined Weak Reference
    _fp_trap_init                             - Undefined Weak Reference
    _fp_trap_shutdown                         - Undefined Weak Reference
    _get_lc_collate                           - Undefined Weak Reference
    _get_lc_monetary                          - Undefined Weak Reference
    _get_lc_time                              - Undefined Weak Reference
    _getenv_init                              - Undefined Weak Reference
    _handle_redirection                       - Undefined Weak Reference
    _initio                                   - Undefined Weak Reference
    _mutex_acquire                            - Undefined Weak Reference
    _mutex_free                               - Undefined Weak Reference
    _mutex_release                            - Undefined Weak Reference
    _printf_mbtowc                            - Undefined Weak Reference
    _printf_wc                                - Undefined Weak Reference
    _scanf_longlong                           - Undefined Weak Reference
    _scanf_mbtowc                             - Undefined Weak Reference
    _scanf_real                               - Undefined Weak Reference
    _scanf_string                             - Undefined Weak Reference
    _scanf_wctomb                             - Undefined Weak Reference
    _scanf_wstring                            - Undefined Weak Reference
    _signal_finish                            - Undefined Weak Reference
    _signal_init                              - Undefined Weak Reference
    _terminateio                              - Undefined Weak Reference
    __Vectors_Size                           0x000000ec   Number         0  startup_stm32f10x_md.o ABSOLUTE
    __Vectors                                0x08000000   Data           4  startup_stm32f10x_md.o(RESET)
    __Vectors_End                            0x080000ec   Data           0  startup_stm32f10x_md.o(RESET)
    __main                                   0x080000ed   Thumb Code     8  __main.o(!!!main)
    __scatterload                            0x080000f5   Thumb Code     0  __scatter.o(!!!scatter)
    __scatterload_rt2                        0x080000f5   Thumb Code    44  __scatter.o(!!!scatter)
    __scatterload_rt2_thumb_only             0x080000f5   Thumb Code     0  __scatter.o(!!!scatter)
    __scatterload_null                       0x08000103   Thumb Code     0  __scatter.o(!!!scatter)
    __decompress                             0x08000129   Thumb Code    90  __dczerorl2.o(!!dczerorl2)
    __decompress1                            0x08000129   Thumb Code     0  __dczerorl2.o(!!dczerorl2)
    __scatterload_zeroinit                   0x08000185   Thumb Code    28  __scatter_zi.o(!!handler_zi)
    _printf_n                                0x080001a1   Thumb Code     0  _printf_n.o(.ARM.Collect$$_printf_percent$$00000001)
    _printf_percent                          0x080001a1   Thumb Code     0  _printf_percent.o(.ARM.Collect$$_printf_percent$$00000000)
    _printf_p                                0x080001a7   Thumb Code     0  _printf_p.o(.ARM.Collect$$_printf_percent$$00000002)
    _printf_f                                0x080001ad   Thumb Code     0  _printf_f.o(.ARM.Collect$$_printf_percent$$00000003)
    _printf_e                                0x080001b3   Thumb Code     0  _printf_e.o(.ARM.Collect$$_printf_percent$$00000004)
    _printf_g                                0x080001b9   Thumb Code     0  _printf_g.o(.ARM.Collect$$_printf_percent$$00000005)
    _printf_a                                0x080001bf   Thumb Code     0  _printf_a.o(.ARM.Collect$$_printf_percent$$00000006)
    _printf_ll                               0x080001c5   Thumb Code     0  _printf_ll.o(.ARM.Collect$$_printf_percent$$00000007)
    _printf_i                                0x080001cf   Thumb Code     0  _printf_i.o(.ARM.Collect$$_printf_percent$$00000008)
    _printf_d                                0x080001d5   Thumb Code     0  _printf_d.o(.ARM.Collect$$_printf_percent$$00000009)
    _printf_u                                0x080001db   Thumb Code     0  _printf_u.o(.ARM.Collect$$_printf_percent$$0000000A)
    _printf_o                                0x080001e1   Thumb Code     0  _printf_o.o(.ARM.Collect$$_printf_percent$$0000000B)
    _printf_x                                0x080001e7   Thumb Code     0  _printf_x.o(.ARM.Collect$$_printf_percent$$0000000C)
    _printf_lli                              0x080001ed   Thumb Code     0  _printf_lli.o(.ARM.Collect$$_printf_percent$$0000000D)
    _printf_lld                              0x080001f3   Thumb Code     0  _printf_lld.o(.ARM.Collect$$_printf_percent$$0000000E)
    _printf_llu                              0x080001f9   Thumb Code     0  _printf_llu.o(.ARM.Collect$$_printf_percent$$0000000F)
    _printf_llo                              0x080001ff   Thumb Code     0  _printf_llo.o(.ARM.Collect$$_printf_percent$$00000010)
    _printf_llx                              0x08000205   Thumb Code     0  _printf_llx.o(.ARM.Collect$$_printf_percent$$00000011)
    _printf_l                                0x0800020b   Thumb Code     0  _printf_l.o(.ARM.Collect$$_printf_percent$$00000012)
    _printf_c                                0x08000215   Thumb Code     0  _printf_c.o(.ARM.Collect$$_printf_percent$$00000013)
    _printf_s                                0x0800021b   Thumb Code     0  _printf_s.o(.ARM.Collect$$_printf_percent$$00000014)
    _printf_lc                               0x08000221   Thumb Code     0  _printf_lc.o(.ARM.Collect$$_printf_percent$$00000015)
    _printf_ls                               0x08000227   Thumb Code     0  _printf_ls.o(.ARM.Collect$$_printf_percent$$00000016)
    _printf_percent_end                      0x0800022d   Thumb Code     0  _printf_percent_end.o(.ARM.Collect$$_printf_percent$$00000017)
    __rt_lib_init                            0x08000231   Thumb Code     0  libinit.o(.ARM.Collect$$libinit$$00000000)
    __rt_lib_init_fp_1                       0x08000233   Thumb Code     0  libinit2.o(.ARM.Collect$$libinit$$00000002)
    __rt_lib_init_heap_1                     0x08000233   Thumb Code     0  libinit2.o(.ARM.Collect$$libinit$$0000000A)
    __rt_lib_init_preinit_1                  0x08000233   Thumb Code     0  libinit2.o(.ARM.Collect$$libinit$$00000004)
    __rt_lib_init_rand_2                     0x08000233   Thumb Code     0  libinit2.o(.ARM.Collect$$libinit$$0000000D)
    __rt_lib_init_user_alloc_1               0x08000233   Thumb Code     0  libinit2.o(.ARM.Collect$$libinit$$0000000C)
    __rt_lib_init_lc_common                  0x08000237   Thumb Code     0  libinit2.o(.ARM.Collect$$libinit$$0000000F)
    __rt_lib_init_rand_1                     0x08000237   Thumb Code     0  libinit2.o(.ARM.Collect$$libinit$$0000000E)
    __rt_lib_init_lc_collate_1               0x0800023d   Thumb Code     0  libinit2.o(.ARM.Collect$$libinit$$00000011)
    __rt_lib_init_lc_ctype_2                 0x0800023d   Thumb Code     0  libinit2.o(.ARM.Collect$$libinit$$00000012)
    __rt_lib_init_lc_ctype_1                 0x08000249   Thumb Code     0  libinit2.o(.ARM.Collect$$libinit$$00000013)
    __rt_lib_init_lc_monetary_1              0x08000249   Thumb Code     0  libinit2.o(.ARM.Collect$$libinit$$00000015)
    __rt_lib_init_lc_numeric_2               0x08000249   Thumb Code     0  libinit2.o(.ARM.Collect$$libinit$$00000016)
    __rt_lib_init_alloca_1                   0x08000253   Thumb Code     0  libinit2.o(.ARM.Collect$$libinit$$0000002E)
    __rt_lib_init_argv_1                     0x08000253   Thumb Code     0  libinit2.o(.ARM.Collect$$libinit$$0000002C)
    __rt_lib_init_atexit_1                   0x08000253   Thumb Code     0  libinit2.o(.ARM.Collect$$libinit$$0000001B)
    __rt_lib_init_clock_1                    0x08000253   Thumb Code     0  libinit2.o(.ARM.Collect$$libinit$$00000021)
    __rt_lib_init_cpp_1                      0x08000253   Thumb Code     0  libinit2.o(.ARM.Collect$$libinit$$00000032)
    __rt_lib_init_exceptions_1               0x08000253   Thumb Code     0  libinit2.o(.ARM.Collect$$libinit$$00000030)
    __rt_lib_init_fp_trap_1                  0x08000253   Thumb Code     0  libinit2.o(.ARM.Collect$$libinit$$0000001F)
    __rt_lib_init_getenv_1                   0x08000253   Thumb Code     0  libinit2.o(.ARM.Collect$$libinit$$00000023)
    __rt_lib_init_lc_numeric_1               0x08000253   Thumb Code     0  libinit2.o(.ARM.Collect$$libinit$$00000017)
    __rt_lib_init_lc_time_1                  0x08000253   Thumb Code     0  libinit2.o(.ARM.Collect$$libinit$$00000019)
    __rt_lib_init_return                     0x08000253   Thumb Code     0  libinit2.o(.ARM.Collect$$libinit$$00000033)
    __rt_lib_init_signal_1                   0x08000253   Thumb Code     0  libinit2.o(.ARM.Collect$$libinit$$0000001D)
    __rt_lib_init_stdio_1                    0x08000253   Thumb Code     0  libinit2.o(.ARM.Collect$$libinit$$00000025)
    __rt_lib_shutdown                        0x08000255   Thumb Code     0  libshutdown.o(.ARM.Collect$$libshutdown$$00000000)
    __rt_lib_shutdown_cpp_1                  0x08000257   Thumb Code     0  libshutdown2.o(.ARM.Collect$$libshutdown$$00000002)
    __rt_lib_shutdown_fp_trap_1              0x08000257   Thumb Code     0  libshutdown2.o(.ARM.Collect$$libshutdown$$00000007)
    __rt_lib_shutdown_heap_1                 0x08000257   Thumb Code     0  libshutdown2.o(.ARM.Collect$$libshutdown$$0000000F)
    __rt_lib_shutdown_return                 0x08000257   Thumb Code     0  libshutdown2.o(.ARM.Collect$$libshutdown$$00000010)
    __rt_lib_shutdown_signal_1               0x08000257   Thumb Code     0  libshutdown2.o(.ARM.Collect$$libshutdown$$0000000A)
    __rt_lib_shutdown_stdio_1                0x08000257   Thumb Code     0  libshutdown2.o(.ARM.Collect$$libshutdown$$00000004)
    __rt_lib_shutdown_user_alloc_1           0x08000257   Thumb Code     0  libshutdown2.o(.ARM.Collect$$libshutdown$$0000000C)
    __rt_entry                               0x08000259   Thumb Code     0  __rtentry.o(.ARM.Collect$$rtentry$$00000000)
    __rt_entry_presh_1                       0x08000259   Thumb Code     0  __rtentry2.o(.ARM.Collect$$rtentry$$00000002)
    __rt_entry_sh                            0x08000259   Thumb Code     0  __rtentry4.o(.ARM.Collect$$rtentry$$00000004)
    __rt_entry_li                            0x0800025f   Thumb Code     0  __rtentry2.o(.ARM.Collect$$rtentry$$0000000A)
    __rt_entry_postsh_1                      0x0800025f   Thumb Code     0  __rtentry2.o(.ARM.Collect$$rtentry$$00000009)
    __rt_entry_main                          0x08000263   Thumb Code     0  __rtentry2.o(.ARM.Collect$$rtentry$$0000000D)
    __rt_entry_postli_1                      0x08000263   Thumb Code     0  __rtentry2.o(.ARM.Collect$$rtentry$$0000000C)
    __rt_exit                                0x0800026b   Thumb Code     0  rtexit.o(.ARM.Collect$$rtexit$$00000000)
    __rt_exit_ls                             0x0800026d   Thumb Code     0  rtexit2.o(.ARM.Collect$$rtexit$$00000003)
    __rt_exit_prels_1                        0x0800026d   Thumb Code     0  rtexit2.o(.ARM.Collect$$rtexit$$00000002)
    __rt_exit_exit                           0x08000271   Thumb Code     0  rtexit2.o(.ARM.Collect$$rtexit$$00000004)
    __asm___6_fifo_c_a58ba41a__get_interrupt_state 0x08000279   Thumb Code     6  fifo.o(.emb_text)
    __asm___6_fifo_c_a58ba41a__set_interrupt_state 0x0800027f   Thumb Code     6  fifo.o(.emb_text)
    __asm___11_uni_flash_c_4f08e9e3__get_interrupt_state 0x08000285   Thumb Code     6  uni_flash.o(.emb_text)
    __asm___11_uni_flash_c_4f08e9e3__set_interrupt_state 0x0800028b   Thumb Code     6  uni_flash.o(.emb_text)
    Reset_Handler                            0x08000291   Thumb Code     8  startup_stm32f10x_md.o(.text)
    NMI_Handler                              0x08000299   Thumb Code     2  startup_stm32f10x_md.o(.text)
    HardFault_Handler                        0x0800029b   Thumb Code     2  startup_stm32f10x_md.o(.text)
    MemManage_Handler                        0x0800029d   Thumb Code     2  startup_stm32f10x_md.o(.text)
    BusFault_Handler                         0x0800029f   Thumb Code     2  startup_stm32f10x_md.o(.text)
    UsageFault_Handler                       0x080002a1   Thumb Code     2  startup_stm32f10x_md.o(.text)
    SVC_Handler                              0x080002a3   Thumb Code     2  startup_stm32f10x_md.o(.text)
    DebugMon_Handler                         0x080002a5   Thumb Code     2  startup_stm32f10x_md.o(.text)
    PendSV_Handler                           0x080002a7   Thumb Code     2  startup_stm32f10x_md.o(.text)
    ADC1_2_IRQHandler                        0x080002ab   Thumb Code     0  startup_stm32f10x_md.o(.text)
    CAN1_RX1_IRQHandler                      0x080002ab   Thumb Code     0  startup_stm32f10x_md.o(.text)
    CAN1_SCE_IRQHandler                      0x080002ab   Thumb Code     0  startup_stm32f10x_md.o(.text)
    DMA1_Channel2_IRQHandler                 0x080002ab   Thumb Code     0  startup_stm32f10x_md.o(.text)
    DMA1_Channel3_IRQHandler                 0x080002ab   Thumb Code     0  startup_stm32f10x_md.o(.text)
    DMA1_Channel5_IRQHandler                 0x080002ab   Thumb Code     0  startup_stm32f10x_md.o(.text)
    DMA1_Channel6_IRQHandler                 0x080002ab   Thumb Code     0  startup_stm32f10x_md.o(.text)
    EXTI0_IRQHandler                         0x080002ab   Thumb Code     0  startup_stm32f10x_md.o(.text)
    EXTI15_10_IRQHandler                     0x080002ab   Thumb Code     0  startup_stm32f10x_md.o(.text)
    EXTI1_IRQHandler                         0x080002ab   Thumb Code     0  startup_stm32f10x_md.o(.text)
    EXTI2_IRQHandler                         0x080002ab   Thumb Code     0  startup_stm32f10x_md.o(.text)
    EXTI3_IRQHandler                         0x080002ab   Thumb Code     0  startup_stm32f10x_md.o(.text)
    EXTI4_IRQHandler                         0x080002ab   Thumb Code     0  startup_stm32f10x_md.o(.text)
    EXTI9_5_IRQHandler                       0x080002ab   Thumb Code     0  startup_stm32f10x_md.o(.text)
    FLASH_IRQHandler                         0x080002ab   Thumb Code     0  startup_stm32f10x_md.o(.text)
    I2C1_ER_IRQHandler                       0x080002ab   Thumb Code     0  startup_stm32f10x_md.o(.text)
    I2C1_EV_IRQHandler                       0x080002ab   Thumb Code     0  startup_stm32f10x_md.o(.text)
    I2C2_ER_IRQHandler                       0x080002ab   Thumb Code     0  startup_stm32f10x_md.o(.text)
    I2C2_EV_IRQHandler                       0x080002ab   Thumb Code     0  startup_stm32f10x_md.o(.text)
    PVD_IRQHandler                           0x080002ab   Thumb Code     0  startup_stm32f10x_md.o(.text)
    RCC_IRQHandler                           0x080002ab   Thumb Code     0  startup_stm32f10x_md.o(.text)
    RTCAlarm_IRQHandler                      0x080002ab   Thumb Code     0  startup_stm32f10x_md.o(.text)
    RTC_IRQHandler                           0x080002ab   Thumb Code     0  startup_stm32f10x_md.o(.text)
    SPI1_IRQHandler                          0x080002ab   Thumb Code     0  startup_stm32f10x_md.o(.text)
    SPI2_IRQHandler                          0x080002ab   Thumb Code     0  startup_stm32f10x_md.o(.text)
    TAMPER_IRQHandler                        0x080002ab   Thumb Code     0  startup_stm32f10x_md.o(.text)
    TIM1_BRK_IRQHandler                      0x080002ab   Thumb Code     0  startup_stm32f10x_md.o(.text)
    TIM1_CC_IRQHandler                       0x080002ab   Thumb Code     0  startup_stm32f10x_md.o(.text)
    TIM1_TRG_COM_IRQHandler                  0x080002ab   Thumb Code     0  startup_stm32f10x_md.o(.text)
    TIM1_UP_IRQHandler                       0x080002ab   Thumb Code     0  startup_stm32f10x_md.o(.text)
    TIM2_IRQHandler                          0x080002ab   Thumb Code     0  startup_stm32f10x_md.o(.text)
    TIM3_IRQHandler                          0x080002ab   Thumb Code     0  startup_stm32f10x_md.o(.text)
    TIM4_IRQHandler                          0x080002ab   Thumb Code     0  startup_stm32f10x_md.o(.text)
    USART3_IRQHandler                        0x080002ab   Thumb Code     0  startup_stm32f10x_md.o(.text)
    USBWakeUp_IRQHandler                     0x080002ab   Thumb Code     0  startup_stm32f10x_md.o(.text)
    USB_HP_CAN1_TX_IRQHandler                0x080002ab   Thumb Code     0  startup_stm32f10x_md.o(.text)
    USB_LP_CAN1_RX0_IRQHandler               0x080002ab   Thumb Code     0  startup_stm32f10x_md.o(.text)
    WWDG_IRQHandler                          0x080002ab   Thumb Code     0  startup_stm32f10x_md.o(.text)
    __user_initial_stackheap                 0x080002ad   Thumb Code     0  startup_stm32f10x_md.o(.text)
    vfprintf                                 0x080002d1   Thumb Code    10  vfprintf.o(.text)
    srand                                    0x080002dd   Thumb Code    42  rand.o(.text)
    _rand_init                               0x08000307   Thumb Code     4  rand.o(.text)
    memcmp                                   0x08000319   Thumb Code    88  memcmp.o(.text)
    __aeabi_memcpy                           0x08000371   Thumb Code     0  rt_memcpy_v6.o(.text)
    __rt_memcpy                              0x08000371   Thumb Code   138  rt_memcpy_v6.o(.text)
    _memcpy_lastbytes                        0x080003d7   Thumb Code     0  rt_memcpy_v6.o(.text)
    __aeabi_memcpy4                          0x080003fb   Thumb Code     0  rt_memcpy_w.o(.text)
    __aeabi_memcpy8                          0x080003fb   Thumb Code     0  rt_memcpy_w.o(.text)
    __rt_memcpy_w                            0x080003fb   Thumb Code   100  rt_memcpy_w.o(.text)
    _memcpy_lastbytes_aligned                0x08000443   Thumb Code     0  rt_memcpy_w.o(.text)
    __aeabi_memclr                           0x0800045f   Thumb Code     0  rt_memclr.o(.text)
    __rt_memclr                              0x0800045f   Thumb Code    68  rt_memclr.o(.text)
    _memset                                  0x08000463   Thumb Code     0  rt_memclr.o(.text)
    __use_two_region_memory                  0x080004a3   Thumb Code     2  heapauxi.o(.text)
    __rt_heap_escrow                         0x080004a5   Thumb Code     2  heapauxi.o(.text)
    __rt_heap_expand                         0x080004a7   Thumb Code     2  heapauxi.o(.text)
    _printf_pre_padding                      0x080004a9   Thumb Code    44  _printf_pad.o(.text)
    _printf_post_padding                     0x080004d5   Thumb Code    34  _printf_pad.o(.text)
    _printf_truncate_signed                  0x080004f7   Thumb Code    18  _printf_truncate.o(.text)
    _printf_truncate_unsigned                0x08000509   Thumb Code    18  _printf_truncate.o(.text)
    _printf_str                              0x0800051b   Thumb Code    82  _printf_str.o(.text)
    _printf_int_dec                          0x0800056d   Thumb Code   104  _printf_dec.o(.text)
    _printf_charcount                        0x080005e5   Thumb Code    40  _printf_charcount.o(.text)
    _printf_char_file                        0x0800060d   Thumb Code    32  _printf_char_file.o(.text)
    _printf_wctomb                           0x08000631   Thumb Code   182  _printf_wctomb.o(.text)
    _printf_longlong_dec                     0x080006ed   Thumb Code   108  _printf_longlong_dec.o(.text)
    _printf_longlong_oct                     0x08000769   Thumb Code    66  _printf_oct_int_ll.o(.text)
    _printf_int_oct                          0x080007ab   Thumb Code    24  _printf_oct_int_ll.o(.text)
    _printf_ll_oct                           0x080007c3   Thumb Code    12  _printf_oct_int_ll.o(.text)
    _printf_longlong_hex                     0x080007d9   Thumb Code    86  _printf_hex_int_ll_ptr.o(.text)
    _printf_int_hex                          0x0800082f   Thumb Code    28  _printf_hex_int_ll_ptr.o(.text)
    _printf_ll_hex                           0x0800084b   Thumb Code    12  _printf_hex_int_ll_ptr.o(.text)
    _printf_hex_ptr                          0x08000857   Thumb Code    18  _printf_hex_int_ll_ptr.o(.text)
    __printf                                 0x0800086d   Thumb Code   388  __printf_flags_ss_wp.o(.text)
    __aeabi_memclr4                          0x080009f5   Thumb Code     0  rt_memclr_w.o(.text)
    __aeabi_memclr8                          0x080009f5   Thumb Code     0  rt_memclr_w.o(.text)
    __rt_memclr_w                            0x080009f5   Thumb Code    78  rt_memclr_w.o(.text)
    _memset_w                                0x080009f9   Thumb Code     0  rt_memclr_w.o(.text)
    __user_libspace                          0x08000a45   Thumb Code     8  libspace.o(.text)
    __user_perproc_libspace                  0x08000a45   Thumb Code     0  libspace.o(.text)
    __user_perthread_libspace                0x08000a45   Thumb Code     0  libspace.o(.text)
    _ll_udiv10                               0x08000a4d   Thumb Code   138  lludiv10.o(.text)
    _printf_int_common                       0x08000ad7   Thumb Code   178  _printf_intcommon.o(.text)
    __lib_sel_fp_printf                      0x08000b89   Thumb Code     2  _printf_fp_dec.o(.text)
    _printf_fp_dec_real                      0x08000d3b   Thumb Code   620  _printf_fp_dec.o(.text)
    _printf_fp_hex_real                      0x08000fa9   Thumb Code   756  _printf_fp_hex.o(.text)
    _printf_char_common                      0x080012af   Thumb Code    32  _printf_char_common.o(.text)
    _printf_cs_common                        0x080012d5   Thumb Code    20  _printf_char.o(.text)
    _printf_char                             0x080012e9   Thumb Code    16  _printf_char.o(.text)
    _printf_string                           0x080012f9   Thumb Code     8  _printf_char.o(.text)
    _printf_lcs_common                       0x08001301   Thumb Code    20  _printf_wchar.o(.text)
    _printf_wchar                            0x08001315   Thumb Code    16  _printf_wchar.o(.text)
    _printf_wstring                          0x08001325   Thumb Code     8  _printf_wchar.o(.text)
    _wcrtomb                                 0x0800132d   Thumb Code    64  _wcrtomb.o(.text)
    __I$use$semihosting                      0x0800136d   Thumb Code     0  use_no_semi.o(.text)
    __use_no_semihosting_swi                 0x0800136d   Thumb Code     2  use_no_semi.o(.text)
    __semihosting_library_function           0x0800136f   Thumb Code     0  indicate_semi.o(.text)
    __user_setup_stackheap                   0x0800136f   Thumb Code    74  sys_stackheap_outer.o(.text)
    __rt_ctype_table                         0x080013b9   Thumb Code    16  rt_ctype_table.o(.text)
    __rt_locale                              0x080013c9   Thumb Code     8  rt_locale_intlibspace.o(.text)
    _printf_fp_infnan                        0x080013d1   Thumb Code   112  _printf_fp_infnan.o(.text)
    _btod_etento                             0x08001451   Thumb Code   224  bigflt0.o(.text)
    exit                                     0x08001535   Thumb Code    18  exit.o(.text)
    _sys_exit                                0x08001549   Thumb Code     8  sys_exit.o(.text)
    strcmp                                   0x08001555   Thumb Code   128  strcmpv7m.o(.text)
    _btod_d2e                                0x080015d5   Thumb Code    62  btod.o(CL$$btod_d2e)
    _d2e_denorm_low                          0x08001613   Thumb Code    70  btod.o(CL$$btod_d2e_denorm_low)
    _d2e_norm_op1                            0x08001659   Thumb Code    96  btod.o(CL$$btod_d2e_norm_op1)
    __btod_div_common                        0x080016b9   Thumb Code   696  btod.o(CL$$btod_div_common)
    _e2e                                     0x080019f1   Thumb Code   220  btod.o(CL$$btod_e2e)
    _btod_ediv                               0x08001acd   Thumb Code    42  btod.o(CL$$btod_ediv)
    _btod_emul                               0x08001af7   Thumb Code    42  btod.o(CL$$btod_emul)
    __btod_mult_common                       0x08001b21   Thumb Code   580  btod.o(CL$$btod_mult_common)
    ADC_Cmd                                  0x08001d65   Thumb Code    22  stm32f10x_adc.o(i.ADC_Cmd)
    ADC_DeInit                               0x08001d7d   Thumb Code    78  stm32f10x_adc.o(i.ADC_DeInit)
    ADC_GetCalibrationStatus                 0x08001dd9   Thumb Code    20  stm32f10x_adc.o(i.ADC_GetCalibrationStatus)
    ADC_GetFlagStatus                        0x08001ded   Thumb Code    18  stm32f10x_adc.o(i.ADC_GetFlagStatus)
    ADC_GetResetCalibrationStatus            0x08001dff   Thumb Code    20  stm32f10x_adc.o(i.ADC_GetResetCalibrationStatus)
    ADC_Init                                 0x08001e15   Thumb Code    70  stm32f10x_adc.o(i.ADC_Init)
    ADC_RegularChannelConfig                 0x08001e65   Thumb Code   184  stm32f10x_adc.o(i.ADC_RegularChannelConfig)
    ADC_ResetCalibration                     0x08001f1d   Thumb Code    10  stm32f10x_adc.o(i.ADC_ResetCalibration)
    ADC_SoftwareStartConvCmd                 0x08001f27   Thumb Code    22  stm32f10x_adc.o(i.ADC_SoftwareStartConvCmd)
    ADC_StartCalibration                     0x08001f3d   Thumb Code    10  stm32f10x_adc.o(i.ADC_StartCalibration)
    ADC_TempSensorVrefintCmd                 0x08001f49   Thumb Code    30  stm32f10x_adc.o(i.ADC_TempSensorVrefintCmd)
    CRC_CalcCRC                              0x08001f6d   Thumb Code    10  stm32f10x_crc.o(i.CRC_CalcCRC)
    CRC_ResetDR                              0x08001f7d   Thumb Code     8  stm32f10x_crc.o(i.CRC_ResetDR)
    DMA1_Channel1_IRQHandler                 0x08001f89   Thumb Code    54  ws2812b.o(i.DMA1_Channel1_IRQHandler)
    DMA1_Channel4_IRQHandler                 0x08001fc9   Thumb Code    56  ws2812b.o(i.DMA1_Channel4_IRQHandler)
    DMA1_Channel7_IRQHandler                 0x08002009   Thumb Code    68  ws2812b.o(i.DMA1_Channel7_IRQHandler)
    DMA_Cmd                                  0x08002055   Thumb Code    24  stm32f10x_dma.o(i.DMA_Cmd)
    DMA_ITConfig                             0x0800206d   Thumb Code    18  stm32f10x_dma.o(i.DMA_ITConfig)
    DMA_Init                                 0x0800207f   Thumb Code    60  stm32f10x_dma.o(i.DMA_Init)
    DMA_StructInit                           0x080020bb   Thumb Code    26  stm32f10x_dma.o(i.DMA_StructInit)
    GPIO_Init                                0x080020d5   Thumb Code   278  stm32f10x_gpio.o(i.GPIO_Init)
    GPIO_StructInit                          0x080021eb   Thumb Code    16  stm32f10x_gpio.o(i.GPIO_StructInit)
    NVIC_Init                                0x080021fd   Thumb Code   100  misc.o(i.NVIC_Init)
    RCC_AHBPeriphClockCmd                    0x0800226d   Thumb Code    26  stm32f10x_rcc.o(i.RCC_AHBPeriphClockCmd)
    RCC_APB1PeriphClockCmd                   0x0800228d   Thumb Code    26  stm32f10x_rcc.o(i.RCC_APB1PeriphClockCmd)
    RCC_APB2PeriphClockCmd                   0x080022ad   Thumb Code    26  stm32f10x_rcc.o(i.RCC_APB2PeriphClockCmd)
    RCC_APB2PeriphResetCmd                   0x080022cd   Thumb Code    26  stm32f10x_rcc.o(i.RCC_APB2PeriphResetCmd)
    RCC_PLLCmd                               0x080022ed   Thumb Code     6  stm32f10x_rcc.o(i.RCC_PLLCmd)
    RCC_PLLConfig                            0x080022f9   Thumb Code    24  stm32f10x_rcc.o(i.RCC_PLLConfig)
    SPI_Cmd                                  0x08002315   Thumb Code    24  stm32f10x_spi.o(i.SPI_Cmd)
    SPI_Init                                 0x0800232d   Thumb Code    60  stm32f10x_spi.o(i.SPI_Init)
    SysTick_Handler                          0x08002451   Thumb Code   108  systick_timer.o(i.SysTick_Handler)
    SystemInit                               0x080024c9   Thumb Code    78  system_stm32f10x.o(i.SystemInit)
    TEST_get_frame                           0x08002529   Thumb Code    26  player.o(i.TEST_get_frame)
    TIM_Cmd                                  0x0800254d   Thumb Code    24  stm32f10x_tim.o(i.TIM_Cmd)
    TIM_DMACmd                               0x08002565   Thumb Code    18  stm32f10x_tim.o(i.TIM_DMACmd)
    TIM_OC2Init                              0x08002579   Thumb Code   154  stm32f10x_tim.o(i.TIM_OC2Init)
    TIM_OC2PreloadConfig                     0x0800261d   Thumb Code    26  stm32f10x_tim.o(i.TIM_OC2PreloadConfig)
    TIM_OC3Init                              0x08002639   Thumb Code   150  stm32f10x_tim.o(i.TIM_OC3Init)
    TIM_OC3PreloadConfig                     0x080026d9   Thumb Code    18  stm32f10x_tim.o(i.TIM_OC3PreloadConfig)
    TIM_OC4Init                              0x080026ed   Thumb Code   114  stm32f10x_tim.o(i.TIM_OC4Init)
    TIM_OC4PreloadConfig                     0x08002769   Thumb Code    26  stm32f10x_tim.o(i.TIM_OC4PreloadConfig)
    TIM_OCStructInit                         0x08002783   Thumb Code    20  stm32f10x_tim.o(i.TIM_OCStructInit)
    TIM_TimeBaseInit                         0x08002799   Thumb Code   122  stm32f10x_tim.o(i.TIM_TimeBaseInit)
    USART1_IRQHandler                        0x0800283d   Thumb Code    66  uart.o(i.USART1_IRQHandler)
    USART2_IRQHandler                        0x08002885   Thumb Code    66  uart.o(i.USART2_IRQHandler)
    __ARM_fpclassify                         0x080028cd   Thumb Code    40  fpclassify.o(i.__ARM_fpclassify)
    _is_digit                                0x080028f5   Thumb Code    14  __printf_wp.o(i._is_digit)
    at25df_read                              0x08002941   Thumb Code    58  at25df.o(i.at25df_read)
    auto_start_next_frame                    0x08002981   Thumb Code    78  player.o(i.auto_start_next_frame)
    convert_byte_to_bin                      0x080029d5   Thumb Code    40  ws2812b.o(i.convert_byte_to_bin)
    convert_led_to_bin                       0x080029fd   Thumb Code   126  ws2812b.o(i.convert_led_to_bin)
    crc32hw                                  0x08002a7b   Thumb Code   208  crc32.o(i.crc32hw)
    delay_ms                                 0x08002c31   Thumb Code    22  delay.o(i.delay_ms)
    delay_us                                 0x08002c47   Thumb Code    24  delay.o(i.delay_us)
    dprintf                                  0x08002c61   Thumb Code    28  dprintf.o(i.dprintf)
    ferror                                   0x08002c81   Thumb Code     8  dprintf.o(i.ferror)
    fifo_get_byte                            0x08002c89   Thumb Code    66  fifo.o(i.fifo_get_byte)
    fifo_put_byte                            0x08002ccb   Thumb Code    44  fifo.o(i.fifo_put_byte)
    fileStorageInit                          0x08002cf9   Thumb Code   160  at25db321_filestrorage.o(i.fileStorageInit)
    fill_frame                               0x08002de9   Thumb Code    14  player.o(i.fill_frame)
    fputc                                    0x08002df9   Thumb Code    38  dprintf.o(i.fputc)
    get_led_state_from_frame                 0x08002e25   Thumb Code   106  effect_processor.o(i.get_led_state_from_frame)
    get_linear_progress_y_TEST               0x08002e91   Thumb Code   198  effect_processor.o(i.get_linear_progress_y_TEST)
    handler_definition                       0x08002f5d   Thumb Code    58  effect_processor.o(i.handler_definition)
    initLowLevel                             0x08003021   Thumb Code    20  low_level0.o(i.initLowLevel)
    init_w2812_TIM2_1_struct                 0x08003595   Thumb Code    88  ws2812b.o(i.init_w2812_TIM2_1_struct)
    init_w2812_TIM2_3_struct                 0x08003609   Thumb Code    84  ws2812b.o(i.init_w2812_TIM2_3_struct)
    init_w2812_TIM2_4_struct                 0x08003679   Thumb Code    84  ws2812b.o(i.init_w2812_TIM2_4_struct)
    led_handler                              0x080036e9   Thumb Code    96  ws2812b.o(i.led_handler)
    led_map_set_pixel                        0x08003749   Thumb Code    66  led_maping.o(i.led_map_set_pixel)
    led_maping_init_leds                     0x08003791   Thumb Code     6  led_maping.o(i.led_maping_init_leds)
    led_maping_set_map                       0x0800379d   Thumb Code    48  led_maping.o(i.led_maping_set_map)
    led_maping_temp_matrix_set               0x080037d5   Thumb Code   576  led_maping.o(i.led_maping_temp_matrix_set)
    linear_color_change_handler              0x08003a19   Thumb Code   304  effect_processor.o(i.linear_color_change_handler)
    main                                     0x08003b51   Thumb Code    66  main.o(i.main)
    payer_handler                            0x08003b99   Thumb Code    28  player.o(i.payer_handler)
    player_play_mem                          0x08003bb9   Thumb Code    28  player.o(i.player_play_mem)
    player_start_mem                         0x08003bd5   Thumb Code    36  player.o(i.player_start_mem)
    player_stop_mem                          0x08003c01   Thumb Code    60  player.o(i.player_stop_mem)
    player_synchro                           0x08003c45   Thumb Code   246  player.o(i.player_synchro)
    randomizer_init                          0x08003d49   Thumb Code   188  randomizer.o(i.randomizer_init)
    rcc_adc                                  0x08003e09   Thumb Code    72  rcc.o(i.rcc_adc)
    rf_init                                  0x08003e5d   Thumb Code    88  rf_parser.o(i.rf_init)
    rf_parse                                 0x08003ec9   Thumb Code   132  rf_parser.o(i.rf_parse)
    rf_set_channel                           0x08003f91   Thumb Code    46  rf_parser.o(i.rf_set_channel)
    rf_task                                  0x08003fd5   Thumb Code    46  rf_parser.o(i.rf_task)
    set_binary_data                          0x0800400d   Thumb Code   114  ws2812b.o(i.set_binary_data)
    set_empty_DMA_buffer                     0x0800407f   Thumb Code    38  ws2812b.o(i.set_empty_DMA_buffer)
    set_led_state                            0x080040a5   Thumb Code   126  player.o(i.set_led_state)
    software_timer                           0x08004131   Thumb Code    60  systick_timer.o(i.software_timer)
    software_timer_start                     0x08004171   Thumb Code    18  systick_timer.o(i.software_timer_start)
    spi_transfer                             0x0800418d   Thumb Code   108  spi_bitbang.o(i.spi_transfer)
    spi_transfer_block                       0x080041fd   Thumb Code    44  spi_bitbang.o(i.spi_transfer_block)
    spi_write_block                          0x08004229   Thumb Code    28  spi_bitbang.o(i.spi_write_block)
    start_ws2812                             0x0800426d   Thumb Code    34  ws2812b.o(i.start_ws2812)
    sx1276_InitLoRaMode                      0x080043f1   Thumb Code   410  sx1276_transc.o(i.sx1276_InitLoRaMode)
    sx1276_LoRa_SetFrequency                 0x0800458b   Thumb Code   102  sx1276_transc.o(i.sx1276_LoRa_SetFrequency)
    sx1276_LoRa_SetMode                      0x080045f1   Thumb Code    42  sx1276_transc.o(i.sx1276_LoRa_SetMode)
    sx1276_LoRa_startRx                      0x0800461b   Thumb Code    18  sx1276_transc.o(i.sx1276_LoRa_startRx)
    sx1276_LoRa_updateState                  0x0800462d   Thumb Code   260  sx1276_transc.o(i.sx1276_LoRa_updateState)
    systick_timer_init                       0x08004739   Thumb Code    74  systick_timer.o(i.systick_timer_init)
    triple_defination                        0x08004791   Thumb Code    60  ws2812b.o(i.triple_defination)
    uart_putc                                0x080047d9   Thumb Code    50  uart.o(i.uart_putc)
    uni_eeprom_check_in                      0x0800480b   Thumb Code   120  uni_eeprom.o(i.uni_eeprom_check_in)
    uni_eeprom_check_page_empty              0x08004883   Thumb Code    52  uni_eeprom.o(i.uni_eeprom_check_page_empty)
    uni_eeprom_check_page_overload_or_impossible_write 0x080048b7   Thumb Code    84  uni_eeprom.o(i.uni_eeprom_check_page_overload_or_impossible_write)
    uni_eeprom_data_find                     0x0800490b   Thumb Code   152  uni_eeprom.o(i.uni_eeprom_data_find)
    uni_eeprom_data_load                     0x080049a3   Thumb Code    46  uni_eeprom.o(i.uni_eeprom_data_load)
    uni_eeprom_data_save                     0x080049d1   Thumb Code   268  uni_eeprom.o(i.uni_eeprom_data_save)
    uni_eeprom_init                          0x08004add   Thumb Code    26  uni_eeprom.o(i.uni_eeprom_init)
    uni_eeprom_init_and_get                  0x08004af7   Thumb Code    32  uni_eeprom.o(i.uni_eeprom_init_and_get)
    uni_eeprom_page_erase                    0x08004b17   Thumb Code    46  uni_eeprom.o(i.uni_eeprom_page_erase)
    uni_eeprom_reset_out                     0x08004b45   Thumb Code    48  uni_eeprom.o(i.uni_eeprom_reset_out)
    uni_flash_check_page_number              0x08004b75   Thumb Code    14  uni_flash.o(i.uni_flash_check_page_number)
    uni_flash_erase_page                     0x08004b85   Thumb Code   100  uni_flash.o(i.uni_flash_erase_page)
    uni_flash_get_page_address_end           0x08004bf5   Thumb Code    28  uni_flash.o(i.uni_flash_get_page_address_end)
    uni_flash_get_page_address_start         0x08004c11   Thumb Code    24  uni_flash.o(i.uni_flash_get_page_address_start)
    uni_flash_start_programming              0x08004c29   Thumb Code    58  uni_flash.o(i.uni_flash_start_programming)
    uni_flash_stop_programming               0x08004c71   Thumb Code    24  uni_flash.o(i.uni_flash_stop_programming)
    uni_flash_write_block                    0x08004c8d   Thumb Code   146  uni_flash.o(i.uni_flash_write_block)
    ws2812_init_univerces                    0x08004d25   Thumb Code    46  ws2812b.o(i.ws2812_init_univerces)
    ws2812b_Init                             0x08004d61   Thumb Code   288  ws2812b.o(i.ws2812b_Init)
    _get_lc_numeric                          0x08004e89   Thumb Code    44  lc_numeric_c.o(locale$$code)
    _get_lc_ctype                            0x08004eb5   Thumb Code    44  lc_ctype_c.o(locale$$code)
    __aeabi_d2uiz                            0x08004ee1   Thumb Code     0  dfixu.o(x$fpl$dfixu)
    _dfixu                                   0x08004ee1   Thumb Code    90  dfixu.o(x$fpl$dfixu)
    __aeabi_ui2d                             0x08004f3b   Thumb Code     0  dflt_clz.o(x$fpl$dfltu)
    _dfltu                                   0x08004f3b   Thumb Code    38  dflt_clz.o(x$fpl$dfltu)
    __aeabi_dmul                             0x08004f61   Thumb Code     0  dmul.o(x$fpl$dmul)
    _dmul                                    0x08004f61   Thumb Code   332  dmul.o(x$fpl$dmul)
    __fpl_dnaninf                            0x080050b5   Thumb Code   156  dnaninf.o(x$fpl$dnaninf)
    __fpl_dretinf                            0x08005151   Thumb Code    12  dretinf.o(x$fpl$dretinf)
    __aeabi_fadd                             0x0800515d   Thumb Code     0  faddsub_clz.o(x$fpl$fadd)
    _fadd                                    0x0800515d   Thumb Code   196  faddsub_clz.o(x$fpl$fadd)
    __aeabi_fdiv                             0x08005221   Thumb Code     0  fdiv.o(x$fpl$fdiv)
    _fdiv                                    0x08005221   Thumb Code   384  fdiv.o(x$fpl$fdiv)
    __aeabi_f2uiz                            0x080053a5   Thumb Code     0  ffixu.o(x$fpl$ffixu)
    _ffixu                                   0x080053a5   Thumb Code    62  ffixu.o(x$fpl$ffixu)
    __aeabi_i2f                              0x080053e5   Thumb Code     0  fflt_clz.o(x$fpl$fflt)
    _fflt                                    0x080053e5   Thumb Code    48  fflt_clz.o(x$fpl$fflt)
    __aeabi_ui2f                             0x08005415   Thumb Code     0  fflt_clz.o(x$fpl$ffltu)
    _ffltu                                   0x08005415   Thumb Code    38  fflt_clz.o(x$fpl$ffltu)
    __aeabi_fmul                             0x0800543d   Thumb Code     0  fmul.o(x$fpl$fmul)
    _fmul                                    0x0800543d   Thumb Code   258  fmul.o(x$fpl$fmul)
    __fpl_fnaninf                            0x0800553f   Thumb Code   140  fnaninf.o(x$fpl$fnaninf)
    __fpl_fretinf                            0x080055cb   Thumb Code    10  fretinf.o(x$fpl$fretinf)
    __aeabi_fsub                             0x080055d5   Thumb Code     0  faddsub_clz.o(x$fpl$fsub)
    _fsub                                    0x080055d5   Thumb Code   234  faddsub_clz.o(x$fpl$fsub)
    _printf_fp_dec                           0x080056bf   Thumb Code     4  printf1.o(x$fpl$printf1)
    _printf_fp_hex                           0x080056c3   Thumb Code     4  printf2.o(x$fpl$printf2)
    __I$use$fp                               0x080056c6   Number         0  usenofp.o(x$fpl$usenofp)
    Region$$Table$$Base                      0x080057c8   Number         0  anon$$obj.o(Region$$Table)
    Region$$Table$$Limit                     0x080057e8   Number         0  anon$$obj.o(Region$$Table)
    __ctype                                  0x08005811   Data           0  lc_ctype_c.o(locale$$data)
    uart1                                    0x20000000   Data          36  uart.o(.data)
    uart2                                    0x20000024   Data          36  uart.o(.data)
    __stdout                                 0x20000050   Data           4  dprintf.o(.data)
    __stdin                                  0x20000054   Data           4  dprintf.o(.data)
    at25df_busy                              0x20000058   Data           4  at25df.o(.data)
    my_coverter                              0x20000062   Data           2  main.o(.data)
    channel                                  0x20000064   Data           2  main.o(.data)
    temp_mem                                 0x20000067   Data         525  player.o(.data)
    systick_timer                            0x20000674   Data          24  systick_timer.o(.bss)
    fStorage                                 0x2000068c   Data         524  at25db321_filestrorage.o(.bss)
    transc                                   0x20000898   Data         392  main.o(.bss)
    transc_update                            0x20000a20   Data          20  main.o(.bss)
    my_ws2812_1                              0x20000a34   Data         880  main.o(.bss)
    my_ws2812_2                              0x20000da4   Data         880  main.o(.bss)
    my_ws2812_3                              0x20001114   Data         880  main.o(.bss)
    static_led                               0x20001484   Data         360  main.o(.bss)
    my_memory                                0x200015ec   Data          16  main.o(.bss)
    my_player                                0x200015fc   Data         228  main.o(.bss)
    my_map                                   0x200016e0   Data         112  main.o(.bss)
    my_ledmap                                0x200017bc   Data         105  led_maping.o(.bss)
    static_treset_buffer                     0x20001825   Data         200  ws2812b.o(.bss)
    _random_number_data                      0x200018f0   Data         228  rand.o(.bss)
    __libspace_start                         0x200019d4   Data          96  libspace.o(.bss)
    __temporary_stack_top$libspace           0x20001a34   Data           0  libspace.o(.bss)



==============================================================================

Memory Map of the image

  Image Entry point : 0x08000291

  Load Region LR_1 (Base: 0x08000000, Size: 0x00005b88, Max: 0xffffffff, ABSOLUTE, COMPRESSED[0x00005990])

    Execution Region ER_RO (Exec base: 0x08000000, Load base: 0x08000000, Size: 0x00005914, Max: 0xffffffff, ABSOLUTE)

    Exec Addr    Load Addr    Size         Type   Attr      Idx    E Section Name        Object

    0x08000000   0x08000000   0x000000ec   Data   RO          132    RESET               startup_stm32f10x_md.o
    0x080000ec   0x080000ec   0x00000008   Code   RO         4306  * !!!main             c_w.l(__main.o)
    0x080000f4   0x080000f4   0x00000034   Code   RO         4727    !!!scatter          c_w.l(__scatter.o)
    0x08000128   0x08000128   0x0000005a   Code   RO         4725    !!dczerorl2         c_w.l(__dczerorl2.o)
    0x08000182   0x08000182   0x00000002   PAD
    0x08000184   0x08000184   0x0000001c   Code   RO         4729    !!handler_zi        c_w.l(__scatter_zi.o)
    0x080001a0   0x080001a0   0x00000000   Code   RO         4449    .ARM.Collect$$_printf_percent$$00000000  c_w.l(_printf_percent.o)
    0x080001a0   0x080001a0   0x00000006   Code   RO         4438    .ARM.Collect$$_printf_percent$$00000001  c_w.l(_printf_n.o)
    0x080001a6   0x080001a6   0x00000006   Code   RO         4440    .ARM.Collect$$_printf_percent$$00000002  c_w.l(_printf_p.o)
    0x080001ac   0x080001ac   0x00000006   Code   RO         4445    .ARM.Collect$$_printf_percent$$00000003  c_w.l(_printf_f.o)
    0x080001b2   0x080001b2   0x00000006   Code   RO         4446    .ARM.Collect$$_printf_percent$$00000004  c_w.l(_printf_e.o)
    0x080001b8   0x080001b8   0x00000006   Code   RO         4447    .ARM.Collect$$_printf_percent$$00000005  c_w.l(_printf_g.o)
    0x080001be   0x080001be   0x00000006   Code   RO         4448    .ARM.Collect$$_printf_percent$$00000006  c_w.l(_printf_a.o)
    0x080001c4   0x080001c4   0x0000000a   Code   RO         4453    .ARM.Collect$$_printf_percent$$00000007  c_w.l(_printf_ll.o)
    0x080001ce   0x080001ce   0x00000006   Code   RO         4442    .ARM.Collect$$_printf_percent$$00000008  c_w.l(_printf_i.o)
    0x080001d4   0x080001d4   0x00000006   Code   RO         4443    .ARM.Collect$$_printf_percent$$00000009  c_w.l(_printf_d.o)
    0x080001da   0x080001da   0x00000006   Code   RO         4444    .ARM.Collect$$_printf_percent$$0000000A  c_w.l(_printf_u.o)
    0x080001e0   0x080001e0   0x00000006   Code   RO         4441    .ARM.Collect$$_printf_percent$$0000000B  c_w.l(_printf_o.o)
    0x080001e6   0x080001e6   0x00000006   Code   RO         4439    .ARM.Collect$$_printf_percent$$0000000C  c_w.l(_printf_x.o)
    0x080001ec   0x080001ec   0x00000006   Code   RO         4450    .ARM.Collect$$_printf_percent$$0000000D  c_w.l(_printf_lli.o)
    0x080001f2   0x080001f2   0x00000006   Code   RO         4451    .ARM.Collect$$_printf_percent$$0000000E  c_w.l(_printf_lld.o)
    0x080001f8   0x080001f8   0x00000006   Code   RO         4452    .ARM.Collect$$_printf_percent$$0000000F  c_w.l(_printf_llu.o)
    0x080001fe   0x080001fe   0x00000006   Code   RO         4457    .ARM.Collect$$_printf_percent$$00000010  c_w.l(_printf_llo.o)
    0x08000204   0x08000204   0x00000006   Code   RO         4458    .ARM.Collect$$_printf_percent$$00000011  c_w.l(_printf_llx.o)
    0x0800020a   0x0800020a   0x0000000a   Code   RO         4454    .ARM.Collect$$_printf_percent$$00000012  c_w.l(_printf_l.o)
    0x08000214   0x08000214   0x00000006   Code   RO         4436    .ARM.Collect$$_printf_percent$$00000013  c_w.l(_printf_c.o)
    0x0800021a   0x0800021a   0x00000006   Code   RO         4437    .ARM.Collect$$_printf_percent$$00000014  c_w.l(_printf_s.o)
    0x08000220   0x08000220   0x00000006   Code   RO         4455    .ARM.Collect$$_printf_percent$$00000015  c_w.l(_printf_lc.o)
    0x08000226   0x08000226   0x00000006   Code   RO         4456    .ARM.Collect$$_printf_percent$$00000016  c_w.l(_printf_ls.o)
    0x0800022c   0x0800022c   0x00000004   Code   RO         4576    .ARM.Collect$$_printf_percent$$00000017  c_w.l(_printf_percent_end.o)
    0x08000230   0x08000230   0x00000002   Code   RO         4655    .ARM.Collect$$libinit$$00000000  c_w.l(libinit.o)
    0x08000232   0x08000232   0x00000000   Code   RO         4470    .ARM.Collect$$libinit$$00000002  c_w.l(libinit2.o)
    0x08000232   0x08000232   0x00000000   Code   RO         4472    .ARM.Collect$$libinit$$00000004  c_w.l(libinit2.o)
    0x08000232   0x08000232   0x00000000   Code   RO         4475    .ARM.Collect$$libinit$$0000000A  c_w.l(libinit2.o)
    0x08000232   0x08000232   0x00000000   Code   RO         4477    .ARM.Collect$$libinit$$0000000C  c_w.l(libinit2.o)
    0x08000232   0x08000232   0x00000004   Code   RO         4478    .ARM.Collect$$libinit$$0000000D  c_w.l(libinit2.o)
    0x08000236   0x08000236   0x00000000   Code   RO         4479    .ARM.Collect$$libinit$$0000000E  c_w.l(libinit2.o)
    0x08000236   0x08000236   0x00000006   Code   RO         4480    .ARM.Collect$$libinit$$0000000F  c_w.l(libinit2.o)
    0x0800023c   0x0800023c   0x00000000   Code   RO         4482    .ARM.Collect$$libinit$$00000011  c_w.l(libinit2.o)
    0x0800023c   0x0800023c   0x0000000c   Code   RO         4483    .ARM.Collect$$libinit$$00000012  c_w.l(libinit2.o)
    0x08000248   0x08000248   0x00000000   Code   RO         4484    .ARM.Collect$$libinit$$00000013  c_w.l(libinit2.o)
    0x08000248   0x08000248   0x00000000   Code   RO         4486    .ARM.Collect$$libinit$$00000015  c_w.l(libinit2.o)
    0x08000248   0x08000248   0x0000000a   Code   RO         4487    .ARM.Collect$$libinit$$00000016  c_w.l(libinit2.o)
    0x08000252   0x08000252   0x00000000   Code   RO         4488    .ARM.Collect$$libinit$$00000017  c_w.l(libinit2.o)
    0x08000252   0x08000252   0x00000000   Code   RO         4490    .ARM.Collect$$libinit$$00000019  c_w.l(libinit2.o)
    0x08000252   0x08000252   0x00000000   Code   RO         4492    .ARM.Collect$$libinit$$0000001B  c_w.l(libinit2.o)
    0x08000252   0x08000252   0x00000000   Code   RO         4494    .ARM.Collect$$libinit$$0000001D  c_w.l(libinit2.o)
    0x08000252   0x08000252   0x00000000   Code   RO         4496    .ARM.Collect$$libinit$$0000001F  c_w.l(libinit2.o)
    0x08000252   0x08000252   0x00000000   Code   RO         4498    .ARM.Collect$$libinit$$00000021  c_w.l(libinit2.o)
    0x08000252   0x08000252   0x00000000   Code   RO         4500    .ARM.Collect$$libinit$$00000023  c_w.l(libinit2.o)
    0x08000252   0x08000252   0x00000000   Code   RO         4502    .ARM.Collect$$libinit$$00000025  c_w.l(libinit2.o)
    0x08000252   0x08000252   0x00000000   Code   RO         4506    .ARM.Collect$$libinit$$0000002C  c_w.l(libinit2.o)
    0x08000252   0x08000252   0x00000000   Code   RO         4508    .ARM.Collect$$libinit$$0000002E  c_w.l(libinit2.o)
    0x08000252   0x08000252   0x00000000   Code   RO         4510    .ARM.Collect$$libinit$$00000030  c_w.l(libinit2.o)
    0x08000252   0x08000252   0x00000000   Code   RO         4512    .ARM.Collect$$libinit$$00000032  c_w.l(libinit2.o)
    0x08000252   0x08000252   0x00000002   Code   RO         4513    .ARM.Collect$$libinit$$00000033  c_w.l(libinit2.o)
    0x08000254   0x08000254   0x00000002   Code   RO         4722    .ARM.Collect$$libshutdown$$00000000  c_w.l(libshutdown.o)
    0x08000256   0x08000256   0x00000000   Code   RO         4678    .ARM.Collect$$libshutdown$$00000002  c_w.l(libshutdown2.o)
    0x08000256   0x08000256   0x00000000   Code   RO         4680    .ARM.Collect$$libshutdown$$00000004  c_w.l(libshutdown2.o)
    0x08000256   0x08000256   0x00000000   Code   RO         4683    .ARM.Collect$$libshutdown$$00000007  c_w.l(libshutdown2.o)
    0x08000256   0x08000256   0x00000000   Code   RO         4686    .ARM.Collect$$libshutdown$$0000000A  c_w.l(libshutdown2.o)
    0x08000256   0x08000256   0x00000000   Code   RO         4688    .ARM.Collect$$libshutdown$$0000000C  c_w.l(libshutdown2.o)
    0x08000256   0x08000256   0x00000000   Code   RO         4691    .ARM.Collect$$libshutdown$$0000000F  c_w.l(libshutdown2.o)
    0x08000256   0x08000256   0x00000002   Code   RO         4692    .ARM.Collect$$libshutdown$$00000010  c_w.l(libshutdown2.o)
    0x08000258   0x08000258   0x00000000   Code   RO         4344    .ARM.Collect$$rtentry$$00000000  c_w.l(__rtentry.o)
    0x08000258   0x08000258   0x00000000   Code   RO         4537    .ARM.Collect$$rtentry$$00000002  c_w.l(__rtentry2.o)
    0x08000258   0x08000258   0x00000006   Code   RO         4549    .ARM.Collect$$rtentry$$00000004  c_w.l(__rtentry4.o)
    0x0800025e   0x0800025e   0x00000000   Code   RO         4539    .ARM.Collect$$rtentry$$00000009  c_w.l(__rtentry2.o)
    0x0800025e   0x0800025e   0x00000004   Code   RO         4540    .ARM.Collect$$rtentry$$0000000A  c_w.l(__rtentry2.o)
    0x08000262   0x08000262   0x00000000   Code   RO         4542    .ARM.Collect$$rtentry$$0000000C  c_w.l(__rtentry2.o)
    0x08000262   0x08000262   0x00000008   Code   RO         4543    .ARM.Collect$$rtentry$$0000000D  c_w.l(__rtentry2.o)
    0x0800026a   0x0800026a   0x00000002   Code   RO         4662    .ARM.Collect$$rtexit$$00000000  c_w.l(rtexit.o)
    0x0800026c   0x0800026c   0x00000000   Code   RO         4696    .ARM.Collect$$rtexit$$00000002  c_w.l(rtexit2.o)
    0x0800026c   0x0800026c   0x00000004   Code   RO         4697    .ARM.Collect$$rtexit$$00000003  c_w.l(rtexit2.o)
    0x08000270   0x08000270   0x00000006   Code   RO         4698    .ARM.Collect$$rtexit$$00000004  c_w.l(rtexit2.o)
    0x08000276   0x08000276   0x00000002   PAD
    0x08000278   0x08000278   0x0000000c   Code   RO         1979    .emb_text           fifo.o
    0x08000284   0x08000284   0x0000000c   Code   RO         3081    .emb_text           uni_flash.o
    0x08000290   0x08000290   0x00000040   Code   RO          133  * .text               startup_stm32f10x_md.o
    0x080002d0   0x080002d0   0x0000000a   Code   RO         4281    .text               c_w.l(vfprintf.o)
    0x080002da   0x080002da   0x00000002   PAD
    0x080002dc   0x080002dc   0x0000003c   Code   RO         4288    .text               c_w.l(rand.o)
    0x08000318   0x08000318   0x00000058   Code   RO         4294    .text               c_w.l(memcmp.o)
    0x08000370   0x08000370   0x0000008a   Code   RO         4298    .text               c_w.l(rt_memcpy_v6.o)
    0x080003fa   0x080003fa   0x00000064   Code   RO         4300    .text               c_w.l(rt_memcpy_w.o)
    0x0800045e   0x0800045e   0x00000044   Code   RO         4302    .text               c_w.l(rt_memclr.o)
    0x080004a2   0x080004a2   0x00000006   Code   RO         4304    .text               c_w.l(heapauxi.o)
    0x080004a8   0x080004a8   0x0000004e   Code   RO         4372    .text               c_w.l(_printf_pad.o)
    0x080004f6   0x080004f6   0x00000024   Code   RO         4374    .text               c_w.l(_printf_truncate.o)
    0x0800051a   0x0800051a   0x00000052   Code   RO         4376    .text               c_w.l(_printf_str.o)
    0x0800056c   0x0800056c   0x00000078   Code   RO         4378    .text               c_w.l(_printf_dec.o)
    0x080005e4   0x080005e4   0x00000028   Code   RO         4380    .text               c_w.l(_printf_charcount.o)
    0x0800060c   0x0800060c   0x00000024   Code   RO         4382    .text               c_w.l(_printf_char_file.o)
    0x08000630   0x08000630   0x000000bc   Code   RO         4384    .text               c_w.l(_printf_wctomb.o)
    0x080006ec   0x080006ec   0x0000007c   Code   RO         4387    .text               c_w.l(_printf_longlong_dec.o)
    0x08000768   0x08000768   0x00000070   Code   RO         4393    .text               c_w.l(_printf_oct_int_ll.o)
    0x080007d8   0x080007d8   0x00000094   Code   RO         4413    .text               c_w.l(_printf_hex_int_ll_ptr.o)
    0x0800086c   0x0800086c   0x00000188   Code   RO         4433    .text               c_w.l(__printf_flags_ss_wp.o)
    0x080009f4   0x080009f4   0x0000004e   Code   RO         4465    .text               c_w.l(rt_memclr_w.o)
    0x08000a42   0x08000a42   0x00000002   PAD
    0x08000a44   0x08000a44   0x00000008   Code   RO         4533    .text               c_w.l(libspace.o)
    0x08000a4c   0x08000a4c   0x0000008a   Code   RO         4559    .text               c_w.l(lludiv10.o)
    0x08000ad6   0x08000ad6   0x000000b2   Code   RO         4563    .text               c_w.l(_printf_intcommon.o)
    0x08000b88   0x08000b88   0x0000041e   Code   RO         4565    .text               c_w.l(_printf_fp_dec.o)
    0x08000fa6   0x08000fa6   0x00000002   PAD
    0x08000fa8   0x08000fa8   0x000002fc   Code   RO         4567    .text               c_w.l(_printf_fp_hex.o)
    0x080012a4   0x080012a4   0x00000030   Code   RO         4570    .text               c_w.l(_printf_char_common.o)
    0x080012d4   0x080012d4   0x0000002c   Code   RO         4572    .text               c_w.l(_printf_char.o)
    0x08001300   0x08001300   0x0000002c   Code   RO         4574    .text               c_w.l(_printf_wchar.o)
    0x0800132c   0x0800132c   0x00000040   Code   RO         4579    .text               c_w.l(_wcrtomb.o)
    0x0800136c   0x0800136c   0x00000002   Code   RO         4592    .text               c_w.l(use_no_semi.o)
    0x0800136e   0x0800136e   0x00000000   Code   RO         4594    .text               c_w.l(indicate_semi.o)
    0x0800136e   0x0800136e   0x0000004a   Code   RO         4595    .text               c_w.l(sys_stackheap_outer.o)
    0x080013b8   0x080013b8   0x00000010   Code   RO         4597    .text               c_w.l(rt_ctype_table.o)
    0x080013c8   0x080013c8   0x00000008   Code   RO         4604    .text               c_w.l(rt_locale_intlibspace.o)
    0x080013d0   0x080013d0   0x00000080   Code   RO         4608    .text               c_w.l(_printf_fp_infnan.o)
    0x08001450   0x08001450   0x000000e4   Code   RO         4612    .text               c_w.l(bigflt0.o)
    0x08001534   0x08001534   0x00000012   Code   RO         4640    .text               c_w.l(exit.o)
    0x08001546   0x08001546   0x00000002   PAD
    0x08001548   0x08001548   0x0000000c   Code   RO         4660    .text               c_w.l(sys_exit.o)
    0x08001554   0x08001554   0x00000080   Code   RO         4675    .text               c_w.l(strcmpv7m.o)
    0x080015d4   0x080015d4   0x0000003e   Code   RO         4615    CL$$btod_d2e        c_w.l(btod.o)
    0x08001612   0x08001612   0x00000046   Code   RO         4617    CL$$btod_d2e_denorm_low  c_w.l(btod.o)
    0x08001658   0x08001658   0x00000060   Code   RO         4616    CL$$btod_d2e_norm_op1  c_w.l(btod.o)
    0x080016b8   0x080016b8   0x00000338   Code   RO         4625    CL$$btod_div_common  c_w.l(btod.o)
    0x080019f0   0x080019f0   0x000000dc   Code   RO         4622    CL$$btod_e2e        c_w.l(btod.o)
    0x08001acc   0x08001acc   0x0000002a   Code   RO         4619    CL$$btod_ediv       c_w.l(btod.o)
    0x08001af6   0x08001af6   0x0000002a   Code   RO         4618    CL$$btod_emul       c_w.l(btod.o)
    0x08001b20   0x08001b20   0x00000244   Code   RO         4624    CL$$btod_mult_common  c_w.l(btod.o)
    0x08001d64   0x08001d64   0x00000016   Code   RO         2391    i.ADC_Cmd           stm32f10x_adc.o
    0x08001d7a   0x08001d7a   0x00000002   PAD
    0x08001d7c   0x08001d7c   0x0000005c   Code   RO         2393    i.ADC_DeInit        stm32f10x_adc.o
    0x08001dd8   0x08001dd8   0x00000014   Code   RO         2399    i.ADC_GetCalibrationStatus  stm32f10x_adc.o
    0x08001dec   0x08001dec   0x00000012   Code   RO         2402    i.ADC_GetFlagStatus  stm32f10x_adc.o
    0x08001dfe   0x08001dfe   0x00000014   Code   RO         2405    i.ADC_GetResetCalibrationStatus  stm32f10x_adc.o
    0x08001e12   0x08001e12   0x00000002   PAD
    0x08001e14   0x08001e14   0x00000050   Code   RO         2409    i.ADC_Init          stm32f10x_adc.o
    0x08001e64   0x08001e64   0x000000b8   Code   RO         2413    i.ADC_RegularChannelConfig  stm32f10x_adc.o
    0x08001f1c   0x08001f1c   0x0000000a   Code   RO         2414    i.ADC_ResetCalibration  stm32f10x_adc.o
    0x08001f26   0x08001f26   0x00000016   Code   RO         2416    i.ADC_SoftwareStartConvCmd  stm32f10x_adc.o
    0x08001f3c   0x08001f3c   0x0000000a   Code   RO         2418    i.ADC_StartCalibration  stm32f10x_adc.o
    0x08001f46   0x08001f46   0x00000002   PAD
    0x08001f48   0x08001f48   0x00000024   Code   RO         2420    i.ADC_TempSensorVrefintCmd  stm32f10x_adc.o
    0x08001f6c   0x08001f6c   0x00000010   Code   RO          197    i.CRC_CalcCRC       stm32f10x_crc.o
    0x08001f7c   0x08001f7c   0x0000000c   Code   RO          200    i.CRC_ResetDR       stm32f10x_crc.o
    0x08001f88   0x08001f88   0x00000040   Code   RO         4105    i.DMA1_Channel1_IRQHandler  ws2812b.o
    0x08001fc8   0x08001fc8   0x00000040   Code   RO         4106    i.DMA1_Channel4_IRQHandler  ws2812b.o
    0x08002008   0x08002008   0x0000004c   Code   RO         4107    i.DMA1_Channel7_IRQHandler  ws2812b.o
    0x08002054   0x08002054   0x00000018   Code   RO          240    i.DMA_Cmd           stm32f10x_dma.o
    0x0800206c   0x0800206c   0x00000012   Code   RO          245    i.DMA_ITConfig      stm32f10x_dma.o
    0x0800207e   0x0800207e   0x0000003c   Code   RO          246    i.DMA_Init          stm32f10x_dma.o
    0x080020ba   0x080020ba   0x0000001a   Code   RO          248    i.DMA_StructInit    stm32f10x_dma.o
    0x080020d4   0x080020d4   0x00000116   Code   RO          490    i.GPIO_Init         stm32f10x_gpio.o
    0x080021ea   0x080021ea   0x00000010   Code   RO          499    i.GPIO_StructInit   stm32f10x_gpio.o
    0x080021fa   0x080021fa   0x00000002   PAD
    0x080021fc   0x080021fc   0x00000070   Code   RO          137    i.NVIC_Init         misc.o
    0x0800226c   0x0800226c   0x00000020   Code   RO          599    i.RCC_AHBPeriphClockCmd  stm32f10x_rcc.o
    0x0800228c   0x0800228c   0x00000020   Code   RO          600    i.RCC_APB1PeriphClockCmd  stm32f10x_rcc.o
    0x080022ac   0x080022ac   0x00000020   Code   RO          602    i.RCC_APB2PeriphClockCmd  stm32f10x_rcc.o
    0x080022cc   0x080022cc   0x00000020   Code   RO          603    i.RCC_APB2PeriphResetCmd  stm32f10x_rcc.o
    0x080022ec   0x080022ec   0x0000000c   Code   RO          623    i.RCC_PLLCmd        stm32f10x_rcc.o
    0x080022f8   0x080022f8   0x0000001c   Code   RO          624    i.RCC_PLLConfig     stm32f10x_rcc.o
    0x08002314   0x08002314   0x00000018   Code   RO          803    i.SPI_Cmd           stm32f10x_spi.o
    0x0800232c   0x0800232c   0x0000003c   Code   RO          816    i.SPI_Init          stm32f10x_spi.o
    0x08002368   0x08002368   0x00000008   Code   RO           17    i.SetSysClock       system_stm32f10x.o
    0x08002370   0x08002370   0x000000e0   Code   RO           18    i.SetSysClockTo72   system_stm32f10x.o
    0x08002450   0x08002450   0x00000078   Code   RO         2608    i.SysTick_Handler   systick_timer.o
    0x080024c8   0x080024c8   0x00000060   Code   RO           20    i.SystemInit        system_stm32f10x.o
    0x08002528   0x08002528   0x00000024   Code   RO         3972    i.TEST_get_frame    player.o
    0x0800254c   0x0800254c   0x00000018   Code   RO         1138    i.TIM_Cmd           stm32f10x_tim.o
    0x08002564   0x08002564   0x00000012   Code   RO         1141    i.TIM_DMACmd        stm32f10x_tim.o
    0x08002576   0x08002576   0x00000002   PAD
    0x08002578   0x08002578   0x000000a4   Code   RO         1172    i.TIM_OC2Init       stm32f10x_tim.o
    0x0800261c   0x0800261c   0x0000001a   Code   RO         1175    i.TIM_OC2PreloadConfig  stm32f10x_tim.o
    0x08002636   0x08002636   0x00000002   PAD
    0x08002638   0x08002638   0x000000a0   Code   RO         1177    i.TIM_OC3Init       stm32f10x_tim.o
    0x080026d8   0x080026d8   0x00000012   Code   RO         1180    i.TIM_OC3PreloadConfig  stm32f10x_tim.o
    0x080026ea   0x080026ea   0x00000002   PAD
    0x080026ec   0x080026ec   0x0000007c   Code   RO         1182    i.TIM_OC4Init       stm32f10x_tim.o
    0x08002768   0x08002768   0x0000001a   Code   RO         1184    i.TIM_OC4PreloadConfig  stm32f10x_tim.o
    0x08002782   0x08002782   0x00000014   Code   RO         1185    i.TIM_OCStructInit  stm32f10x_tim.o
    0x08002796   0x08002796   0x00000002   PAD
    0x08002798   0x08002798   0x000000a4   Code   RO         1209    i.TIM_TimeBaseInit  stm32f10x_tim.o
    0x0800283c   0x0800283c   0x00000048   Code   RO         2227    i.USART1_IRQHandler  uart.o
    0x08002884   0x08002884   0x00000048   Code   RO         2228    i.USART2_IRQHandler  uart.o
    0x080028cc   0x080028cc   0x00000028   Code   RO         4658    i.__ARM_fpclassify  m_ws.l(fpclassify.o)
    0x080028f4   0x080028f4   0x0000000e   Code   RO         4426    i._is_digit         c_w.l(__printf_wp.o)
    0x08002902   0x08002902   0x00000008   Code   RO         2904    i.at25df_cs_high_delay  at25df.o
    0x0800290a   0x0800290a   0x00000008   Code   RO         2905    i.at25df_delay_50ns  at25df.o
    0x08002912   0x08002912   0x00000002   PAD
    0x08002914   0x08002914   0x00000018   Code   RO         2915    i.at25df_off        at25df.o
    0x0800292c   0x0800292c   0x00000014   Code   RO         2916    i.at25df_on         at25df.o
    0x08002940   0x08002940   0x00000040   Code   RO         2919    i.at25df_read       at25df.o
    0x08002980   0x08002980   0x00000054   Code   RO         3973    i.auto_start_next_frame  player.o
    0x080029d4   0x080029d4   0x00000028   Code   RO         4108    i.convert_byte_to_bin  ws2812b.o
    0x080029fc   0x080029fc   0x0000007e   Code   RO         4109    i.convert_led_to_bin  ws2812b.o
    0x08002a7a   0x08002a7a   0x000000d0   Code   RO         2149    i.crc32hw           crc32.o
    0x08002b4a   0x08002b4a   0x00000002   PAD
    0x08002b4c   0x08002b4c   0x0000007c   Code   RO         3974    i.crosfade_calc     player.o
    0x08002bc8   0x08002bc8   0x00000068   Code   RO         3975    i.crossfade_correct  player.o
    0x08002c30   0x08002c30   0x00000016   Code   RO         2118    i.delay_ms          delay.o
    0x08002c46   0x08002c46   0x00000018   Code   RO         2120    i.delay_us          delay.o
    0x08002c5e   0x08002c5e   0x00000002   PAD
    0x08002c60   0x08002c60   0x00000020   Code   RO         2684    i.dprintf           dprintf.o
    0x08002c80   0x08002c80   0x00000008   Code   RO         2686    i.ferror            dprintf.o
    0x08002c88   0x08002c88   0x00000042   Code   RO         1981    i.fifo_get_byte     fifo.o
    0x08002cca   0x08002cca   0x0000002c   Code   RO         1984    i.fifo_put_byte     fifo.o
    0x08002cf6   0x08002cf6   0x00000002   PAD
    0x08002cf8   0x08002cf8   0x000000f0   Code   RO         2807    i.fileStorageInit   at25db321_filestrorage.o
    0x08002de8   0x08002de8   0x0000000e   Code   RO         3976    i.fill_frame        player.o
    0x08002df6   0x08002df6   0x00000002   PAD
    0x08002df8   0x08002df8   0x0000002c   Code   RO         2688    i.fputc             dprintf.o
    0x08002e24   0x08002e24   0x0000006a   Code   RO         3895    i.get_led_state_from_frame  effect_processor.o
    0x08002e8e   0x08002e8e   0x00000002   PAD
    0x08002e90   0x08002e90   0x000000cc   Code   RO         3896    i.get_linear_progress_y_TEST  effect_processor.o
    0x08002f5c   0x08002f5c   0x0000003a   Code   RO         3897    i.handler_definition  effect_processor.o
    0x08002f96   0x08002f96   0x00000002   PAD
    0x08002f98   0x08002f98   0x00000088   Code   RO         3978    i.holdtime_calc     player.o
    0x08003020   0x08003020   0x00000014   Code   RO         3255    i.initLowLevel      low_level0.o
    0x08003034   0x08003034   0x000000bc   Code   RO         3256    i.initTransceiver   low_level0.o
    0x080030f0   0x080030f0   0x000003d4   Code   RO         3257    i.init_gpio         low_level0.o
    0x080034c4   0x080034c4   0x00000080   Code   RO         3258    i.init_rcc          low_level0.o
    0x08003544   0x08003544   0x00000050   Code   RO         3259    i.init_spi          low_level0.o
    0x08003594   0x08003594   0x00000074   Code   RO         4110    i.init_w2812_TIM2_1_struct  ws2812b.o
    0x08003608   0x08003608   0x00000070   Code   RO         4111    i.init_w2812_TIM2_3_struct  ws2812b.o
    0x08003678   0x08003678   0x00000070   Code   RO         4112    i.init_w2812_TIM2_4_struct  ws2812b.o
    0x080036e8   0x080036e8   0x00000060   Code   RO         4113    i.led_handler       ws2812b.o
    0x08003748   0x08003748   0x00000048   Code   RO         3930    i.led_map_set_pixel  led_maping.o
    0x08003790   0x08003790   0x0000000c   Code   RO         3931    i.led_maping_init_leds  led_maping.o
    0x0800379c   0x0800379c   0x00000038   Code   RO         3932    i.led_maping_set_map  led_maping.o
    0x080037d4   0x080037d4   0x00000244   Code   RO         3933    i.led_maping_temp_matrix_set  led_maping.o
    0x08003a18   0x08003a18   0x00000138   Code   RO         3898    i.linear_color_change_handler  effect_processor.o
    0x08003b50   0x08003b50   0x00000048   Code   RO         3228    i.main              main.o
    0x08003b98   0x08003b98   0x00000020   Code   RO         3979    i.payer_handler     player.o
    0x08003bb8   0x08003bb8   0x0000001c   Code   RO         3981    i.player_play_mem   player.o
    0x08003bd4   0x08003bd4   0x0000002c   Code   RO         3982    i.player_start_mem  player.o
    0x08003c00   0x08003c00   0x00000044   Code   RO         3983    i.player_stop_mem   player.o
    0x08003c44   0x08003c44   0x00000104   Code   RO         3984    i.player_synchro    player.o
    0x08003d48   0x08003d48   0x000000c0   Code   RO         2210    i.randomizer_init   randomizer.o
    0x08003e08   0x08003e08   0x0000004c   Code   RO         2182    i.rcc_adc           rcc.o
    0x08003e54   0x08003e54   0x00000008   Code   RO         2152    i.reverse_32        crc32.o
    0x08003e5c   0x08003e5c   0x0000006c   Code   RO         3307    i.rf_init           rf_parser.o
    0x08003ec8   0x08003ec8   0x000000c8   Code   RO         3308    i.rf_parse          rf_parser.o
    0x08003f90   0x08003f90   0x00000044   Code   RO         3311    i.rf_set_channel    rf_parser.o
    0x08003fd4   0x08003fd4   0x00000038   Code   RO         3312    i.rf_task           rf_parser.o
    0x0800400c   0x0800400c   0x00000072   Code   RO         4114    i.set_binary_data   ws2812b.o
    0x0800407e   0x0800407e   0x00000026   Code   RO         4115    i.set_empty_DMA_buffer  ws2812b.o
    0x080040a4   0x080040a4   0x0000008c   Code   RO         3985    i.set_led_state     player.o
    0x08004130   0x08004130   0x00000040   Code   RO         2609    i.software_timer    systick_timer.o
    0x08004170   0x08004170   0x00000012   Code   RO         2611    i.software_timer_start  systick_timer.o
    0x08004182   0x08004182   0x0000000a   Code   RO         2759    i.spi_delay         spi_bitbang.o
    0x0800418c   0x0800418c   0x00000070   Code   RO         2762    i.spi_transfer      spi_bitbang.o
    0x080041fc   0x080041fc   0x0000002c   Code   RO         2763    i.spi_transfer_block  spi_bitbang.o
    0x08004228   0x08004228   0x0000001c   Code   RO         2764    i.spi_write_block   spi_bitbang.o
    0x08004244   0x08004244   0x00000028   Code   RO         4116    i.start_DMA         ws2812b.o
    0x0800426c   0x0800426c   0x00000022   Code   RO         4117    i.start_ws2812      ws2812b.o
    0x0800428e   0x0800428e   0x00000028   Code   RO         4118    i.stop_DMA          ws2812b.o
    0x080042b6   0x080042b6   0x00000040   Code   RO         2020    i.sx1276ReadReg     sx1276_transc.o
    0x080042f6   0x080042f6   0x00000052   Code   RO         2021    i.sx1276ReadRegs    sx1276_transc.o
    0x08004348   0x08004348   0x00000016   Code   RO         2022    i.sx1276SpiXmit     sx1276_transc.o
    0x0800435e   0x0800435e   0x00000040   Code   RO         2023    i.sx1276WriteReg    sx1276_transc.o
    0x0800439e   0x0800439e   0x00000052   Code   RO         2024    i.sx1276WriteRegs   sx1276_transc.o
    0x080043f0   0x080043f0   0x0000019a   Code   RO         2025    i.sx1276_InitLoRaMode  sx1276_transc.o
    0x0800458a   0x0800458a   0x00000066   Code   RO         2027    i.sx1276_LoRa_SetFrequency  sx1276_transc.o
    0x080045f0   0x080045f0   0x0000002a   Code   RO         2028    i.sx1276_LoRa_SetMode  sx1276_transc.o
    0x0800461a   0x0800461a   0x00000012   Code   RO         2032    i.sx1276_LoRa_startRx  sx1276_transc.o
    0x0800462c   0x0800462c   0x0000010c   Code   RO         2034    i.sx1276_LoRa_updateState  sx1276_transc.o
    0x08004738   0x08004738   0x00000058   Code   RO         2614    i.systick_timer_init  systick_timer.o
    0x08004790   0x08004790   0x00000048   Code   RO         4119    i.triple_defination  ws2812b.o
    0x080047d8   0x080047d8   0x00000032   Code   RO         2241    i.uart_putc         uart.o
    0x0800480a   0x0800480a   0x00000078   Code   RO         3152    i.uni_eeprom_check_in  uni_eeprom.o
    0x08004882   0x08004882   0x00000034   Code   RO         3153    i.uni_eeprom_check_page_empty  uni_eeprom.o
    0x080048b6   0x080048b6   0x00000054   Code   RO         3154    i.uni_eeprom_check_page_overload_or_impossible_write  uni_eeprom.o
    0x0800490a   0x0800490a   0x00000098   Code   RO         3155    i.uni_eeprom_data_find  uni_eeprom.o
    0x080049a2   0x080049a2   0x0000002e   Code   RO         3156    i.uni_eeprom_data_load  uni_eeprom.o
    0x080049d0   0x080049d0   0x0000010c   Code   RO         3157    i.uni_eeprom_data_save  uni_eeprom.o
    0x08004adc   0x08004adc   0x0000001a   Code   RO         3158    i.uni_eeprom_init   uni_eeprom.o
    0x08004af6   0x08004af6   0x00000020   Code   RO         3159    i.uni_eeprom_init_and_get  uni_eeprom.o
    0x08004b16   0x08004b16   0x0000002e   Code   RO         3160    i.uni_eeprom_page_erase  uni_eeprom.o
    0x08004b44   0x08004b44   0x00000030   Code   RO         3161    i.uni_eeprom_reset_out  uni_eeprom.o
    0x08004b74   0x08004b74   0x0000000e   Code   RO         3082    i.uni_flash_check_page_number  uni_flash.o
    0x08004b82   0x08004b82   0x00000002   PAD
    0x08004b84   0x08004b84   0x00000070   Code   RO         3083    i.uni_flash_erase_page  uni_flash.o
    0x08004bf4   0x08004bf4   0x0000001c   Code   RO         3084    i.uni_flash_get_page_address_end  uni_flash.o
    0x08004c10   0x08004c10   0x00000018   Code   RO         3085    i.uni_flash_get_page_address_start  uni_flash.o
    0x08004c28   0x08004c28   0x00000048   Code   RO         3086    i.uni_flash_start_programming  uni_flash.o
    0x08004c70   0x08004c70   0x0000001c   Code   RO         3087    i.uni_flash_stop_programming  uni_flash.o
    0x08004c8c   0x08004c8c   0x00000098   Code   RO         3089    i.uni_flash_write_block  uni_flash.o
    0x08004d24   0x08004d24   0x0000003c   Code   RO         4120    i.ws2812_init_univerces  ws2812b.o
    0x08004d60   0x08004d60   0x00000128   Code   RO         4121    i.ws2812b_Init      ws2812b.o
    0x08004e88   0x08004e88   0x0000002c   Code   RO         4638    locale$$code        c_w.l(lc_numeric_c.o)
    0x08004eb4   0x08004eb4   0x0000002c   Code   RO         4669    locale$$code        c_w.l(lc_ctype_c.o)
    0x08004ee0   0x08004ee0   0x0000005a   Code   RO         4308    x$fpl$dfixu         fz_ws.l(dfixu.o)
    0x08004f3a   0x08004f3a   0x00000026   Code   RO         4312    x$fpl$dfltu         fz_ws.l(dflt_clz.o)
    0x08004f60   0x08004f60   0x00000154   Code   RO         4318    x$fpl$dmul          fz_ws.l(dmul.o)
    0x080050b4   0x080050b4   0x0000009c   Code   RO         4514    x$fpl$dnaninf       fz_ws.l(dnaninf.o)
    0x08005150   0x08005150   0x0000000c   Code   RO         4516    x$fpl$dretinf       fz_ws.l(dretinf.o)
    0x0800515c   0x0800515c   0x000000c4   Code   RO         4320    x$fpl$fadd          fz_ws.l(faddsub_clz.o)
    0x08005220   0x08005220   0x00000184   Code   RO         4327    x$fpl$fdiv          fz_ws.l(fdiv.o)
    0x080053a4   0x080053a4   0x0000003e   Code   RO         4330    x$fpl$ffixu         fz_ws.l(ffixu.o)
    0x080053e2   0x080053e2   0x00000002   PAD
    0x080053e4   0x080053e4   0x00000030   Code   RO         4335    x$fpl$fflt          fz_ws.l(fflt_clz.o)
    0x08005414   0x08005414   0x00000026   Code   RO         4334    x$fpl$ffltu         fz_ws.l(fflt_clz.o)
    0x0800543a   0x0800543a   0x00000002   PAD
    0x0800543c   0x0800543c   0x00000102   Code   RO         4340    x$fpl$fmul          fz_ws.l(fmul.o)
    0x0800553e   0x0800553e   0x0000008c   Code   RO         4518    x$fpl$fnaninf       fz_ws.l(fnaninf.o)
    0x080055ca   0x080055ca   0x0000000a   Code   RO         4520    x$fpl$fretinf       fz_ws.l(fretinf.o)
    0x080055d4   0x080055d4   0x000000ea   Code   RO         4322    x$fpl$fsub          fz_ws.l(faddsub_clz.o)
    0x080056be   0x080056be   0x00000004   Code   RO         4522    x$fpl$printf1       fz_ws.l(printf1.o)
    0x080056c2   0x080056c2   0x00000004   Code   RO         4524    x$fpl$printf2       fz_ws.l(printf2.o)
    0x080056c6   0x080056c6   0x00000000   Code   RO         4530    x$fpl$usenofp       fz_ws.l(usenofp.o)
    0x080056c6   0x080056c6   0x00000003   Data   RO         3314    .constdata          rf_parser.o
    0x080056c9   0x080056c9   0x00000003   PAD
    0x080056cc   0x080056cc   0x00000008   Data   RO         4385    .constdata          c_w.l(_printf_wctomb.o)
    0x080056d4   0x080056d4   0x00000028   Data   RO         4414    .constdata          c_w.l(_printf_hex_int_ll_ptr.o)
    0x080056fc   0x080056fc   0x00000011   Data   RO         4434    .constdata          c_w.l(__printf_flags_ss_wp.o)
    0x0800570d   0x0800570d   0x00000026   Data   RO         4568    .constdata          c_w.l(_printf_fp_hex.o)
    0x08005733   0x08005733   0x00000001   PAD
    0x08005734   0x08005734   0x00000094   Data   RO         4613    .constdata          c_w.l(bigflt0.o)
    0x080057c8   0x080057c8   0x00000020   Data   RO         4723    Region$$Table       anon$$obj.o
    0x080057e8   0x080057e8   0x0000001c   Data   RO         4637    locale$$data        c_w.l(lc_numeric_c.o)
    0x08005804   0x08005804   0x00000110   Data   RO         4668    locale$$data        c_w.l(lc_ctype_c.o)


    Execution Region ER_RW (Exec base: 0x20000000, Load base: 0x08005914, Size: 0x00000274, Max: 0xffffffff, ABSOLUTE, COMPRESSED[0x0000007c])

    Exec Addr    Load Addr    Size         Type   Attr      Idx    E Section Name        Object

    0x20000000   COMPRESSED   0x00000048   Data   RW         2247    .data               uart.o
    0x20000048   COMPRESSED   0x00000008   Data   RW         2617    .data               systick_timer.o
    0x20000050   COMPRESSED   0x00000008   Data   RW         2689    .data               dprintf.o
    0x20000058   COMPRESSED   0x00000009   Data   RW         2933    .data               at25df.o
    0x20000061   COMPRESSED   0x00000001   PAD
    0x20000062   COMPRESSED   0x00000004   Data   RW         3230    .data               main.o
    0x20000066   COMPRESSED   0x0000020e   Data   RW         3986    .data               player.o


    Execution Region ER_ZI (Exec base: 0x20000274, Load base: 0x08005990, Size: 0x00002fc4, Max: 0xffffffff, ABSOLUTE)

    Exec Addr    Load Addr    Size         Type   Attr      Idx    E Section Name        Object

    0x20000274        -       0x00000400   Zero   RW         2245    .bss                uart.o
    0x20000674        -       0x00000018   Zero   RW         2616    .bss                systick_timer.o
    0x2000068c        -       0x0000020c   Zero   RW         2821    .bss                at25db321_filestrorage.o
    0x20000898        -       0x00000eb8   Zero   RW         3229    .bss                main.o
    0x20001750        -       0x0000006c   Zero   RW         3313    .bss                rf_parser.o
    0x200017bc        -       0x00000069   Zero   RW         3934    .bss                led_maping.o
    0x20001825        -       0x000000c8   Zero   RW         4122    .bss                ws2812b.o
    0x200018ed   0x08005990   0x00000003   PAD
    0x200018f0        -       0x000000e4   Zero   RW         4289    .bss                c_w.l(rand.o)
    0x200019d4        -       0x00000060   Zero   RW         4534    .bss                c_w.l(libspace.o)
    0x20001a34   0x08005990   0x00000004   PAD
    0x20001a38        -       0x00001000   Zero   RW          131    HEAP                startup_stm32f10x_md.o
    0x20002a38        -       0x00000800   Zero   RW          130    STACK               startup_stm32f10x_md.o


==============================================================================

Image component sizes


      Code (inc. data)   RO Data    RW Data    ZI Data      Debug   Object Name

       240         80          0          0        524        997   at25db321_filestrorage.o
       124         16          0          9          0       3288   at25df.o
         0          0          0          0          0       4540   core_cm3.o
       216          0          0          0          0       1794   crc32.o
        46          0          0          0          0       1102   delay.o
        84         10          0          8          0       4141   dprintf.o
       680         14          0          0          0       3995   effect_processor.o
         0          0          0          0          0      74544   endianes.o
       122          0          0          0          0       2300   fifo.o
       720         24          0          0        105       3257   led_maping.o
      1396         52          0          0          0       3335   low_level0.o
        72          6          0          4       3768       1508   main.o
       112         12          0          0          0     213548   misc.o
      1070        122          0        526          0       7845   player.o
       192          4          0          0          0        714   randomizer.o
        76          4          0          0          0       1006   rcc.o
       432        120          3          0        108       2864   rf_parser.o
       194          4          0          0          0       3682   spi_bitbang.o
        64         26        236          0       6144        808   startup_stm32f10x_md.o
       514         30          0          0          0       8912   stm32f10x_adc.o
        28         10          0          0          0       1048   stm32f10x_crc.o
       128          0          0          0          0       4017   stm32f10x_dma.o
       294          0          0          0          0       2570   stm32f10x_gpio.o
       168         34          0          0          0       3532   stm32f10x_rcc.o
        84          0          0          0          0       2217   stm32f10x_spi.o
       744         72          0          0          0       7040   stm32f10x_tim.o
      1154          8          0          0          0       7739   sx1276_transc.o
       328         28          0          0          0      47501   system_stm32f10x.o
       290         30          0          8         24      19046   systick_timer.o
       194         12          0         72       1024      15112   uart.o
       874          0          0          0          0       7765   uni_eeprom.o
       442         36          0          0          0       6292   uni_flash.o
      1500        144          0          0        200      10753   ws2812b.o

    ----------------------------------------------------------------------
     12614        898        274        628      11900     478812   Object Totals
         0          0         32          0          0          0   (incl. Generated)
        32          0          3          1          3          0   (incl. Padding)

    ----------------------------------------------------------------------

      Code (inc. data)   RO Data    RW Data    ZI Data      Debug   Library Member Name

        90          0          0          0          0          0   __dczerorl2.o
         8          0          0          0          0         68   __main.o
       392          4         17          0          0         92   __printf_flags_ss_wp.o
        14          0          0          0          0         68   __printf_wp.o
         0          0          0          0          0          0   __rtentry.o
        12          0          0          0          0          0   __rtentry2.o
         6          0          0          0          0          0   __rtentry4.o
        52          8          0          0          0          0   __scatter.o
        28          0          0          0          0          0   __scatter_zi.o
         6          0          0          0          0          0   _printf_a.o
         6          0          0          0          0          0   _printf_c.o
        44          0          0          0          0        108   _printf_char.o
        48          6          0          0          0         96   _printf_char_common.o
        36          4          0          0          0         80   _printf_char_file.o
        40          0          0          0          0         68   _printf_charcount.o
         6          0          0          0          0          0   _printf_d.o
       120         16          0          0          0         92   _printf_dec.o
         6          0          0          0          0          0   _printf_e.o
         6          0          0          0          0          0   _printf_f.o
      1054          0          0          0          0        216   _printf_fp_dec.o
       764          8         38          0          0        100   _printf_fp_hex.o
       128         16          0          0          0         84   _printf_fp_infnan.o
         6          0          0          0          0          0   _printf_g.o
       148          4         40          0          0        160   _printf_hex_int_ll_ptr.o
         6          0          0          0          0          0   _printf_i.o
       178          0          0          0          0         88   _printf_intcommon.o
        10          0          0          0          0          0   _printf_l.o
         6          0          0          0          0          0   _printf_lc.o
        10          0          0          0          0          0   _printf_ll.o
         6          0          0          0          0          0   _printf_lld.o
         6          0          0          0          0          0   _printf_lli.o
         6          0          0          0          0          0   _printf_llo.o
         6          0          0          0          0          0   _printf_llu.o
         6          0          0          0          0          0   _printf_llx.o
       124         16          0          0          0         92   _printf_longlong_dec.o
         6          0          0          0          0          0   _printf_ls.o
         6          0          0          0          0          0   _printf_n.o
         6          0          0          0          0          0   _printf_o.o
       112         10          0          0          0        124   _printf_oct_int_ll.o
         6          0          0          0          0          0   _printf_p.o
        78          0          0          0          0        108   _printf_pad.o
         0          0          0          0          0          0   _printf_percent.o
         4          0          0          0          0          0   _printf_percent_end.o
         6          0          0          0          0          0   _printf_s.o
        82          0          0          0          0         80   _printf_str.o
        36          0          0          0          0         84   _printf_truncate.o
         6          0          0          0          0          0   _printf_u.o
        44          0          0          0          0        108   _printf_wchar.o
       188          6          8          0          0         92   _printf_wctomb.o
         6          0          0          0          0          0   _printf_x.o
        64          0          0          0          0         92   _wcrtomb.o
       228          4        148          0          0         96   bigflt0.o
      1936        128          0          0          0        672   btod.o
        18          0          0          0          0         80   exit.o
         6          0          0          0          0        152   heapauxi.o
         0          0          0          0          0          0   indicate_semi.o
        44         10        272          0          0         76   lc_ctype_c.o
        44         10         28          0          0         76   lc_numeric_c.o
         2          0          0          0          0          0   libinit.o
        34          0          0          0          0          0   libinit2.o
         2          0          0          0          0          0   libshutdown.o
         2          0          0          0          0          0   libshutdown2.o
         8          4          0          0         96         68   libspace.o
       138          0          0          0          0         80   lludiv10.o
        88          0          0          0          0         76   memcmp.o
        60         14          0          0        228         92   rand.o
        16          4          0          0          0         76   rt_ctype_table.o
         8          4          0          0          0         68   rt_locale_intlibspace.o
        68          0          0          0          0         68   rt_memclr.o
        78          0          0          0          0         80   rt_memclr_w.o
       138          0          0          0          0         68   rt_memcpy_v6.o
       100          0          0          0          0         80   rt_memcpy_w.o
         2          0          0          0          0          0   rtexit.o
        10          0          0          0          0          0   rtexit2.o
       128          0          0          0          0         68   strcmpv7m.o
        12          4          0          0          0         68   sys_exit.o
        74          0          0          0          0         80   sys_stackheap_outer.o
         2          0          0          0          0         68   use_no_semi.o
        10          0          0          0          0         68   vfprintf.o
        90          4          0          0          0         92   dfixu.o
        38          0          0          0          0         68   dflt_clz.o
       340         12          0          0          0        104   dmul.o
       156          4          0          0          0         92   dnaninf.o
        12          0          0          0          0         68   dretinf.o
       430          8          0          0          0        168   faddsub_clz.o
       388         76          0          0          0         96   fdiv.o
        62          4          0          0          0         84   ffixu.o
        86          0          0          0          0        136   fflt_clz.o
       258          4          0          0          0         84   fmul.o
       140          4          0          0          0         84   fnaninf.o
        10          0          0          0          0         68   fretinf.o
         4          0          0          0          0         68   printf1.o
         4          0          0          0          0         68   printf2.o
         0          0          0          0          0          0   usenofp.o
        40          0          0          0          0         68   fpclassify.o

    ----------------------------------------------------------------------
      9364        396        552          0        328       5708   Library Totals
        16          0          1          0          4          0   (incl. Padding)

    ----------------------------------------------------------------------

      Code (inc. data)   RO Data    RW Data    ZI Data      Debug   Library Name

      7290        280        551          0        324       4360   c_w.l
      2018        116          0          0          0       1280   fz_ws.l
        40          0          0          0          0         68   m_ws.l

    ----------------------------------------------------------------------
      9364        396        552          0        328       5708   Library Totals

    ----------------------------------------------------------------------

==============================================================================


      Code (inc. data)   RO Data    RW Data    ZI Data      Debug   

     21978       1294        826        628      12228     473856   Grand Totals
     21978       1294        826        124      12228     473856   ELF Image Totals (compressed)
     21978       1294        826        124          0          0   ROM Totals

==============================================================================

    Total RO  Size (Code + RO Data)                22804 (  22.27kB)
    Total RW  Size (RW Data + ZI Data)             12856 (  12.55kB)
    Total ROM Size (Code + RO Data + RW Data)      22928 (  22.39kB)

==============================================================================

