<html>
<body>
<pre>
<h1>µVision Build Log</h1>
<h2>Tool Versions:</h2>
IDE-Version: µVision V5.24.2.0
Copyright (C) 2017 ARM Ltd and ARM Germany GmbH. All rights reserved.
License Information: Îñòàíèí Èëüÿ, ÄÒÌ, LIC=KRMQD-8DLUJ-11GPY-II3MC-44UU7-UJSR8
 
Tool Versions:
Toolchain:       MDK-ARM Plus  Version: 5.24.1
Toolchain Path:  C:\Keil_v5\ARM\ARMCC\Bin
C Compiler:      Armcc.exe V5.06 update 5 (build 528)
Assembler:       Armasm.exe V5.06 update 5 (build 528)
Linker/Locator:  ArmLink.exe V5.06 update 5 (build 528)
Library Manager: ArmAr.exe V5.06 update 5 (build 528)
Hex Converter:   FromElf.exe V5.06 update 5 (build 528)
CPU DLL:         SARMCM3.DLL V5.24.1
Dialog DLL:      DCM.DLL V1.16.0.0
Target DLL:      STLink\ST-LINKIII-KEIL_SWO.dll V3.0.1.0
Dialog DLL:      TCM.DLL V1.32.0.0
 
<h2>Project:</h2>
C:\Users\Iahve\Desktop\2812_narodstream\2812_narodstream\MDK-ARM\2812_narodstream.uvprojx
Project File Date:  09/29/2018

<h2>Output:</h2>
*** Using Compiler 'V5.06 update 5 (build 528)', folder: 'C:\Keil_v5\ARM\ARMCC\Bin'
Build target '2812_narodstream'
compiling stm32f1xx_hal_pwr.c...
"no source": Error:  #5: cannot open source input file "../Drivers/STM32F1xx_HAL_Driver/Src/stm32f1xx_hal_pwr.c": No such file or directory
../Drivers/STM32F1xx_HAL_Driver/Src/stm32f1xx_hal_pwr.c: 0 warnings, 1 error
compiling stm32f1xx_hal_gpio.c...
"no source": Error:  #5: cannot open source input file "../Drivers/STM32F1xx_HAL_Driver/Src/stm32f1xx_hal_gpio.c": No such file or directory
../Drivers/STM32F1xx_HAL_Driver/Src/stm32f1xx_hal_gpio.c: 0 warnings, 1 error
compiling stm32f1xx_hal_flash.c...
"no source": Error:  #5: cannot open source input file "../Drivers/STM32F1xx_HAL_Driver/Src/stm32f1xx_hal_flash.c": No such file or directory
../Drivers/STM32F1xx_HAL_Driver/Src/stm32f1xx_hal_flash.c: 0 warnings, 1 error
compiling stm32f1xx_hal.c...
"no source": Error:  #5: cannot open source input file "../Drivers/STM32F1xx_HAL_Driver/Src/stm32f1xx_hal.c": No such file or directory
../Drivers/STM32F1xx_HAL_Driver/Src/stm32f1xx_hal.c: 0 warnings, 1 error
compiling stm32f1xx_hal_dma.c...
"no source": Error:  #5: cannot open source input file "../Drivers/STM32F1xx_HAL_Driver/Src/stm32f1xx_hal_dma.c": No such file or directory
../Drivers/STM32F1xx_HAL_Driver/Src/stm32f1xx_hal_dma.c: 0 warnings, 1 error
compiling stm32f1xx_hal_tim.c...
"no source": Error:  #5: cannot open source input file "../Drivers/STM32F1xx_HAL_Driver/Src/stm32f1xx_hal_tim.c": No such file or directory
../Drivers/STM32F1xx_HAL_Driver/Src/stm32f1xx_hal_tim.c: 0 warnings, 1 error
compiling stm32f1xx_hal_flash_ex.c...
"no source": Error:  #5: cannot open source input file "../Drivers/STM32F1xx_HAL_Driver/Src/stm32f1xx_hal_flash_ex.c": No such file or directory
../Drivers/STM32F1xx_HAL_Driver/Src/stm32f1xx_hal_flash_ex.c: 0 warnings, 1 error
compiling stm32f1xx_hal_tim_ex.c...
"no source": Error:  #5: cannot open source input file "../Drivers/STM32F1xx_HAL_Driver/Src/stm32f1xx_hal_tim_ex.c": No such file or directory
../Drivers/STM32F1xx_HAL_Driver/Src/stm32f1xx_hal_tim_ex.c: 0 warnings, 1 error
compiling stm32f1xx_hal_cortex.c...
"no source": Error:  #5: cannot open source input file "../Drivers/STM32F1xx_HAL_Driver/Src/stm32f1xx_hal_cortex.c": No such file or directory
../Drivers/STM32F1xx_HAL_Driver/Src/stm32f1xx_hal_cortex.c: 0 warnings, 1 error
compiling main.c...
"no source": Error:  #5: cannot open source input file "../Src/main.c": No such file or directory
../Src/main.c: 0 warnings, 1 error
compiling stm32f1xx_hal_msp.c...
"no source": Error:  #5: cannot open source input file "../Src/stm32f1xx_hal_msp.c": No such file or directory
../Src/stm32f1xx_hal_msp.c: 0 warnings, 1 error
compiling stm32f1xx_hal_rcc_ex.c...
"no source": Error:  #5: cannot open source input file "../Drivers/STM32F1xx_HAL_Driver/Src/stm32f1xx_hal_rcc_ex.c": No such file or directory
../Drivers/STM32F1xx_HAL_Driver/Src/stm32f1xx_hal_rcc_ex.c: 0 warnings, 1 error
compiling stm32f1xx_hal_rcc.c...
"no source": Error:  #5: cannot open source input file "../Drivers/STM32F1xx_HAL_Driver/Src/stm32f1xx_hal_rcc.c": No such file or directory
../Drivers/STM32F1xx_HAL_Driver/Src/stm32f1xx_hal_rcc.c: 0 warnings, 1 error
compiling stm32f1xx_hal_gpio_ex.c...
"no source": Error:  #5: cannot open source input file "../Drivers/STM32F1xx_HAL_Driver/Src/stm32f1xx_hal_gpio_ex.c": No such file or directory
../Drivers/STM32F1xx_HAL_Driver/Src/stm32f1xx_hal_gpio_ex.c: 0 warnings, 1 error
compiling system_stm32f1xx.c...
"no source": Error:  #5: cannot open source input file "..//Src/system_stm32f1xx.c": No such file or directory
..//Src/system_stm32f1xx.c: 0 warnings, 1 error
compiling stm32f1xx_it.c...
"no source": Error:  #5: cannot open source input file "../Src/stm32f1xx_it.c": No such file or directory
../Src/stm32f1xx_it.c: 0 warnings, 1 error
compiling ws2812.c...
"no source": Error:  #5: cannot open source input file "..\Src\ws2812.c": No such file or directory
..\Src\ws2812.c: 0 warnings, 1 error
linking...
Program Size: Code=4952 RO-data=284 RW-data=16 ZI-data=8168  
"2812_narodstream\2812_narodstream.axf" - 0 Error(s), 0 Warning(s).

<h2>Software Packages used:</h2>

Package Vendor: ARM
                http://www.keil.com/pack/ARM.CMSIS.5.0.1.pack
                ARM.CMSIS.5.0.1
                CMSIS (Cortex Microcontroller Software Interface Standard)
   * Component: CORE Version: 5.0.1

Package Vendor: Keil
                http://www.keil.com/pack/Keil.STM32F1xx_DFP.2.2.0.pack
                Keil.STM32F1xx_DFP.2.2.0
                STMicroelectronics STM32F1 Series Device Support, Drivers and Examples

<h2>Collection of Component include folders:</h2>
  .\RTE\_2812_narodstream
  C:\Keil_v5\ARM\PACK\ARM\CMSIS\5.0.1\CMSIS\Include
  C:\Keil_v5\ARM\PACK\Keil\STM32F1xx_DFP\2.2.0\Device\Include

<h2>Collection of Component Files used:</h2>

   * Component: ARM::CMSIS:CORE:5.0.1
Build Time Elapsed:  00:00:02
</pre>
</body>
</html>
