<html>
<body>
<pre>
<h1>µVision Build Log</h1>
<h2>Tool Versions:</h2>
IDE-Version: µVision V5.24.2.0
Copyright (C) 2017 ARM Ltd and ARM Germany GmbH. All rights reserved.
License Information: ŒÒÚ‡ÌËÌ »Î¸ˇ, ƒ“Ã, LIC=KRMQD-8DLUJ-11GPY-II3MC-44UU7-UJSR8
 
Tool Versions:
Toolchain:       MDK-ARM Plus  Version: 5.24.1
Toolchain Path:  C:\Keil_v5\ARM\ARMCC\Bin
C Compiler:      Armcc.exe V5.06 update 5 (build 528)
Assembler:       Armasm.exe V5.06 update 5 (build 528)
Linker/Locator:  ArmLink.exe V5.06 update 5 (build 528)
Library Manager: ArmAr.exe V5.06 update 5 (build 528)
Hex Converter:   FromElf.exe V5.06 update 5 (build 528)
CPU DLL:         SARMCM3.DLL V5.24.1
Dialog DLL:      DCM.DLL V1.16.0.0
Target DLL:      STLink\ST-LINKIII-KEIL_SWO.dll V3.0.1.0
Dialog DLL:      TCM.DLL V1.32.0.0
 
<h2>Project:</h2>
H:\OneDrive\–¿«–¿¡Œ“ »\GIT_DIRECTORY\varzin\SynchroLight\SVN_ILIA_BRANCH\SLAVE\lightControl.uvprojx
Project File Date:  09/18/2019

<h2>Output:</h2>
*** Using Compiler 'V5.06 update 5 (build 528)', folder: 'C:\Keil_v5\ARM\ARMCC\Bin'
Rebuild target 'Target 1'
assembling startup_stm32f10x_md.s...
compiling stm32f10x_dma.c...
compiling core_cm3.c...
compiling stm32f10x_crc.c...
compiling misc.c...
compiling system_stm32f10x.c...
compiling stm32f10x_rcc.c...
compiling stm32f10x_spi.c...
compiling stm32f10x_gpio.c...
compiling stm32f10x_usart.c...
compiling stm32f10x_flash.c...
compiling stm32f10x_iwdg.c...
compiling endianes.c...
compiling stm32f10x_tim.c...
compiling fifo.c...
compiling delay.c...
compiling sx1276_transc.c...
compiling stm32f10x_adc.c...
compiling rcc.c...
compiling uart.c...
compiling crc32.c...
compiling randomizer.c...
compiling systick_timer.c...
compiling adclib.c...
compiling dprintf.c...
compiling spi_bitbang.c...
compiling main.c...
compiling low_level0.c...
compiling at25df.c...
compiling at25db321_fileStrorage.c...
compiling uni_flash.c...
compiling uni_eeprom.c...
compiling it.c...
compiling rf_parser.c...
compiling fileTransfer.c...
compiling effect_processor.c...
..\commonLibs\leds\effect_processor.c(43): warning:  #111-D: statement is unreachable
  		return this_led;
..\commonLibs\leds\effect_processor.c: 1 warning, 0 errors
compiling player.c...
..\commonLibs\leds\player.c(11): warning:  #550-D: variable "synchro_flag"  was set but never used
  	static uint8_t synchro_flag = 0;
..\commonLibs\leds\player.c: 1 warning, 0 errors
compiling display_kingbright.c...
compiling ff.c...
compiling ws2812b.c...
compiling fatfs_diskio_sdcard_spi.c...
compiling led_maping.c...
compiling scen_memory.c...
linking...
Program Size: Code=15938 RO-data=274 RW-data=620 ZI-data=12004  
FromELF: creating hex file...
".\Objects\lightControl_slave.axf" - 0 Error(s), 2 Warning(s).

<h2>Software Packages used:</h2>

Package Vendor: Keil
                http://www.keil.com/pack/Keil.STM32F1xx_DFP.2.2.0.pack
                Keil.STM32F1xx_DFP.2.2.0
                STMicroelectronics STM32F1 Series Device Support, Drivers and Examples

<h2>Collection of Component include folders:</h2>
  .\RTE\_Target_1
  C:\Keil_v5\ARM\PACK\Keil\STM32F1xx_DFP\2.2.0\Device\Include

<h2>Collection of Component Files used:</h2>
Build Time Elapsed:  00:00:58
</pre>
</body>
</html>
