<html>
<body>
<pre>
<h1>µVision Build Log</h1>
<h2>Tool Versions:</h2>
IDE-Version: µVision V5.20.0.0
Copyright (C) 2016 ARM Ltd and ARM Germany GmbH. All rights reserved.
License Information: óöóê ôöóêôö, ôô, LIC=21ENN-YN2GV-VCQJ3-AMQ7V-HTE5A-3Y3DS
 
Tool Versions:
Toolchain:       MDK-ARM Plus  Version: 5.20
Toolchain Path:  C:\Keil_v5\ARM\ARMCC\Bin
C Compiler:      Armcc.exe V5.06 update 2 (build 183)
Assembler:       Armasm.exe V5.06 update 2 (build 183)
Linker/Locator:  ArmLink.exe V5.06 update 2 (build 183)
Library Manager: ArmAr.exe V5.06 update 2 (build 183)
Hex Converter:   FromElf.exe V5.06 update 2 (build 183)
CPU DLL:         SARMCM3.DLL V5.20
Dialog DLL:      DCM.DLL V1.13.7.0
Target DLL:      STLink\ST-LINKIII-KEIL_SWO.dll V2.0.18.0
Dialog DLL:      TCM.DLL V1.14.9.0
 
<h2>Project:</h2>
C:\Users\user\OneDrive\control_system_of_archlighte\SVN_ILIA_BRANCH\SLAVE\lightControl.uvprojx
Project File Date:  11/12/2018

<h2>Output:</h2>
*** Using Compiler 'V5.06 update 2 (build 183)', folder: 'C:\Keil_v5\ARM\ARMCC\Bin'
Rebuild target 'Target 1'
assembling startup_stm32f10x_md.s...
compiling core_cm3.c...
compiling system_stm32f10x.c...
compiling misc.c...
compiling stm32f10x_crc.c...
compiling stm32f10x_dma.c...
compiling stm32f10x_flash.c...
compiling stm32f10x_gpio.c...
compiling stm32f10x_rcc.c...
compiling stm32f10x_spi.c...
compiling stm32f10x_usart.c...
compiling stm32f10x_iwdg.c...
compiling stm32f10x_tim.c...
compiling endianes.c...
compiling fifo.c...
compiling sx1276_transc.c...
compiling delay.c...
compiling crc32.c...
compiling rcc.c...
compiling randomizer.c...
compiling stm32f10x_adc.c...
compiling uart.c...
compiling adclib.c...
compiling systick_timer.c...
compiling dprintf.c...
compiling spi_bitbang.c...
compiling at25db321_fileStrorage.c...
compiling at25df.c...
compiling uni_flash.c...
compiling uni_eeprom.c...
compiling main.c...
compiling low_level0.c...
compiling it.c...
compiling rf_parser.c...
compiling fileTransfer.c...
compiling ff.c...
compiling display_kingbright.c...
compiling fatfs_diskio_sdcard_spi.c...
compiling effect_processor.c...
..\commonLibs\leds\effect_processor.c(43): warning:  #111-D: statement is unreachable
  		return this_led;
..\commonLibs\leds\effect_processor.c: 1 warning, 0 errors
compiling led_maping.c...
compiling player.c...
..\commonLibs\leds\player.c(11): warning:  #550-D: variable "synchro_flag" was set but never used
  	static uint8_t synchro_flag = 0;
..\commonLibs\leds\player.c: 1 warning, 0 errors
compiling scen_memory.c...
compiling ws2812b.c...
linking...
Program Size: Code=23980 RO-data=884 RW-data=648 ZI-data=12000  
".\Objects\lightControl.axf" - 0 Error(s), 2 Warning(s).

<h2>Collection of Component include folders:</h2>
  C:\Users\user\OneDrive\control_system_of_archlighte\SVN_ILIA_BRANCH\SLAVE\RTE
  C:\Keil_v5\ARM\PACK\Keil\STM32F1xx_DFP\2.1.0\Device\Include

<h2>Collection of Component Files used:</h2>
Build Time Elapsed:  00:00:10
</pre>
</body>
</html>
