Archive member included to satisfy reference by file (symbol)

/home/ilia/projects/gcc-arm-none-eabi-9-2019-q4-major/bin/../lib/gcc/arm-none-eabi/9.2.1/../../../../arm-none-eabi/lib/thumb/v7-m/nofp/libc.a(lib_a-exit.o)
                              /home/ilia/projects/gcc-arm-none-eabi-9-2019-q4-major/bin/../lib/gcc/arm-none-eabi/9.2.1/../../../../arm-none-eabi/lib/thumb/v7-m/nofp/crt0.o (exit)
/home/ilia/projects/gcc-arm-none-eabi-9-2019-q4-major/bin/../lib/gcc/arm-none-eabi/9.2.1/../../../../arm-none-eabi/lib/thumb/v7-m/nofp/libc.a(lib_a-impure.o)
                              /home/ilia/projects/gcc-arm-none-eabi-9-2019-q4-major/bin/../lib/gcc/arm-none-eabi/9.2.1/../../../../arm-none-eabi/lib/thumb/v7-m/nofp/libc.a(lib_a-exit.o) (_global_impure_ptr)
/home/ilia/projects/gcc-arm-none-eabi-9-2019-q4-major/bin/../lib/gcc/arm-none-eabi/9.2.1/../../../../arm-none-eabi/lib/thumb/v7-m/nofp/libc.a(lib_a-init.o)
                              /home/ilia/projects/gcc-arm-none-eabi-9-2019-q4-major/bin/../lib/gcc/arm-none-eabi/9.2.1/../../../../arm-none-eabi/lib/thumb/v7-m/nofp/crt0.o (__libc_init_array)
/home/ilia/projects/gcc-arm-none-eabi-9-2019-q4-major/bin/../lib/gcc/arm-none-eabi/9.2.1/../../../../arm-none-eabi/lib/thumb/v7-m/nofp/libc.a(lib_a-memset.o)
                              /home/ilia/projects/gcc-arm-none-eabi-9-2019-q4-major/bin/../lib/gcc/arm-none-eabi/9.2.1/../../../../arm-none-eabi/lib/thumb/v7-m/nofp/crt0.o (memset)
/home/ilia/projects/gcc-arm-none-eabi-9-2019-q4-major/bin/../lib/gcc/arm-none-eabi/9.2.1/../../../../arm-none-eabi/lib/thumb/v7-m/nofp/libc.a(lib_a-__call_atexit.o)
                              /home/ilia/projects/gcc-arm-none-eabi-9-2019-q4-major/bin/../lib/gcc/arm-none-eabi/9.2.1/../../../../arm-none-eabi/lib/thumb/v7-m/nofp/libc.a(lib_a-exit.o) (__call_exitprocs)
/home/ilia/projects/gcc-arm-none-eabi-9-2019-q4-major/bin/../lib/gcc/arm-none-eabi/9.2.1/../../../../arm-none-eabi/lib/thumb/v7-m/nofp/libc.a(lib_a-atexit.o)
                              /home/ilia/projects/gcc-arm-none-eabi-9-2019-q4-major/bin/../lib/gcc/arm-none-eabi/9.2.1/../../../../arm-none-eabi/lib/thumb/v7-m/nofp/libc.a(lib_a-__call_atexit.o) (atexit)
/home/ilia/projects/gcc-arm-none-eabi-9-2019-q4-major/bin/../lib/gcc/arm-none-eabi/9.2.1/../../../../arm-none-eabi/lib/thumb/v7-m/nofp/libc.a(lib_a-fini.o)
                              /home/ilia/projects/gcc-arm-none-eabi-9-2019-q4-major/bin/../lib/gcc/arm-none-eabi/9.2.1/../../../../arm-none-eabi/lib/thumb/v7-m/nofp/libc.a(lib_a-__call_atexit.o) (__libc_fini_array)
/home/ilia/projects/gcc-arm-none-eabi-9-2019-q4-major/bin/../lib/gcc/arm-none-eabi/9.2.1/../../../../arm-none-eabi/lib/thumb/v7-m/nofp/libc.a(lib_a-lock.o)
                              /home/ilia/projects/gcc-arm-none-eabi-9-2019-q4-major/bin/../lib/gcc/arm-none-eabi/9.2.1/../../../../arm-none-eabi/lib/thumb/v7-m/nofp/libc.a(lib_a-__call_atexit.o) (__retarget_lock_acquire_recursive)
/home/ilia/projects/gcc-arm-none-eabi-9-2019-q4-major/bin/../lib/gcc/arm-none-eabi/9.2.1/../../../../arm-none-eabi/lib/thumb/v7-m/nofp/libc.a(lib_a-__atexit.o)
                              /home/ilia/projects/gcc-arm-none-eabi-9-2019-q4-major/bin/../lib/gcc/arm-none-eabi/9.2.1/../../../../arm-none-eabi/lib/thumb/v7-m/nofp/libc.a(lib_a-atexit.o) (__register_exitproc)
/home/ilia/projects/gcc-arm-none-eabi-9-2019-q4-major/bin/../lib/gcc/arm-none-eabi/9.2.1/../../../../arm-none-eabi/lib/thumb/v7-m/nofp/libc_nano.a(lib_a-rand.o)
                              CMakeFiles/release_STM32F103CB.dir/commonLibs/unilib/mcs/stm32/randomizer.c.obj (symbol from plugin) (srand)
/home/ilia/projects/gcc-arm-none-eabi-9-2019-q4-major/bin/../lib/gcc/arm-none-eabi/9.2.1/../../../../arm-none-eabi/lib/thumb/v7-m/nofp/libc_nano.a(lib_a-malloc.o)
                              /home/ilia/projects/gcc-arm-none-eabi-9-2019-q4-major/bin/../lib/gcc/arm-none-eabi/9.2.1/../../../../arm-none-eabi/lib/thumb/v7-m/nofp/libc_nano.a(lib_a-rand.o) (malloc)
/home/ilia/projects/gcc-arm-none-eabi-9-2019-q4-major/bin/../lib/gcc/arm-none-eabi/9.2.1/../../../../arm-none-eabi/lib/thumb/v7-m/nofp/libc_nano.a(lib_a-nano-freer.o)
                              /home/ilia/projects/gcc-arm-none-eabi-9-2019-q4-major/bin/../lib/gcc/arm-none-eabi/9.2.1/../../../../arm-none-eabi/lib/thumb/v7-m/nofp/libc_nano.a(lib_a-malloc.o) (_free_r)
/home/ilia/projects/gcc-arm-none-eabi-9-2019-q4-major/bin/../lib/gcc/arm-none-eabi/9.2.1/../../../../arm-none-eabi/lib/thumb/v7-m/nofp/libc_nano.a(lib_a-nano-mallocr.o)
                              /home/ilia/projects/gcc-arm-none-eabi-9-2019-q4-major/bin/../lib/gcc/arm-none-eabi/9.2.1/../../../../arm-none-eabi/lib/thumb/v7-m/nofp/libc_nano.a(lib_a-malloc.o) (_malloc_r)
/home/ilia/projects/gcc-arm-none-eabi-9-2019-q4-major/bin/../lib/gcc/arm-none-eabi/9.2.1/../../../../arm-none-eabi/lib/thumb/v7-m/nofp/libc_nano.a(lib_a-sbrkr.o)
[...]
Memory Configuration

Name             Origin             Length             Attributes
RAM              0x0000000020000000 0x0000000000005000 xrw
FLASH            0x0000000008000000 0x0000000000010000 xr
*default*        0x0000000000000000 0xffffffffffffffff

Linker script and memory map

LOAD /home/ilia/projects/gcc-arm-none-eabi-9-2019-q4-major/bin/../lib/gcc/arm-none-eabi/9.2.1/thumb/v7-m/nofp/crti.o
LOAD /home/ilia/projects/gcc-arm-none-eabi-9-2019-q4-major/bin/../lib/gcc/arm-none-eabi/9.2.1/thumb/v7-m/nofp/crtbegin.o
LOAD /home/ilia/projects/gcc-arm-none-eabi-9-2019-q4-major/bin/../lib/gcc/arm-none-eabi/9.2.1/../../../../arm-none-eabi/lib/thumb/v7-m/nofp/crt0.o
                0x0000000020005000                _estack = 0x20005000
                0x0000000000000200                _Min_Heap_Size = 0x200
                0x0000000000000400                _Min_Stack_Size = 0x400

.isr_vector     0x0000000008000000      0x10c
                0x0000000008000000                . = ALIGN (0x4)
 *(.isr_vector)
 .isr_vector    0x0000000008000000      0x10c CMakeFiles/release_STM32F103CB.dir/startup_stm32f103xb.s.obj
                0x0000000008000000                g_pfnVectors
                0x000000000800010c                . = ALIGN (0x4)

.text           0x0000000008000110     0x52cc
                0x0000000008000110                . = ALIGN (0x4)
 *(.text)
 .text          0x0000000008000110       0x40 /home/ilia/projects/gcc-arm-none-eabi-9-2019-q4-major/bin/../lib/gcc/arm-none-eabi/9.2.1/thumb/v7-m/nofp/crtbegin.o
 .text          0x0000000008000150       0x10 /home/ilia/projects/gcc-arm-none-eabi-9-2019-q4-major/bin/../lib/gcc/arm-none-eabi/9.2.1/../../../../arm-none-eabi/lib/thumb/v7-m/nofp/libc_nano.a(lib_a-strlen.o)
                0x0000000008000150                strlen
 .text          0x0000000008000160      0x254 /home/ilia/projects/gcc-arm-none-eabi-9-2019-q4-major/bin/../lib/gcc/arm-none-eabi/9.2.1/thumb/v7-m/nofp/libgcc.a(_arm_muldf3.o)
                0x0000000008000160                __aeabi_dmul
                0x0000000008000160                __muldf3
 .text          0x00000000080003b4      0x378 /home/ilia/projects/gcc-arm-none-eabi-9-2019-q4-major/bin/../lib/gcc/arm-none-eabi/9.2.1/thumb/v7-m/nofp/libgcc.a(_arm_addsubdf3.o)
                0x00000000080003b4                __aeabi_drsub
                0x00000000080003bc                __aeabi_dsub
                0x00000000080003bc                __subdf3
                0x00000000080003c0                __adddf3
                0x00000000080003c0                __aeabi_dadd
                0x0000000008000638                __aeabi_ui2d
                0x0000000008000638                __floatunsidf
                0x0000000008000658                __floatsidf
                0x0000000008000658                __aeabi_i2d
                0x000000000800067c                __extendsfdf2
                0x000000000800067c                __aeabi_f2d
                0x00000000080006c0                __aeabi_ul2d
                0x00000000080006c0                __floatundidf
                0x00000000080006d0                __floatdidf
                0x00000000080006d0                __aeabi_l2d
 .text          0x000000000800072c       0x40 /home/ilia/projects/gcc-arm-none-eabi-9-2019-q4-major/bin/../lib/gcc/arm-none-eabi/9.2.1/thumb/v7-m/nofp/libgcc.a(_arm_fixunsdfsi.o)
                0x000000000800072c                __fixunsdfsi
                0x000000000800072c                __aeabi_d2uiz
 .text          0x000000000800076c      0x21c /home/ilia/projects/gcc-arm-none-eabi-9-2019-q4-major/bin/../lib/gcc/arm-none-eabi/9.2.1/thumb/v7-m/nofp/libgcc.a(_arm_addsubsf3.o)
                0x000000000800076c                __aeabi_frsub
                0x0000000008000774                __subsf3
                0x0000000008000774                __aeabi_fsub
                0x0000000008000778                __aeabi_fadd
                0x0000000008000778                __addsf3
                0x00000000080008d8                __aeabi_ui2f
                0x00000000080008d8                __floatunsisf
                0x00000000080008e0                __aeabi_i2f
                0x00000000080008e0                __floatsisf
                0x00000000080008fc                __floatundisf
                0x00000000080008fc                __aeabi_ul2f
                0x000000000800090c                __floatdisf
                0x000000000800090c                __aeabi_l2f
 .text          0x0000000008000988      0x2a0 /home/ilia/projects/gcc-arm-none-eabi-9-2019-q4-major/bin/../lib/gcc/arm-none-eabi/9.2.1/thumb/v7-m/nofp/libgcc.a(_arm_muldivsf3.o)
                0x0000000008000988                __mulsf3
                0x0000000008000988                __aeabi_fmul
                0x0000000008000af0                __divsf3
                0x0000000008000af0                __aeabi_fdiv
 .text          0x0000000008000c28       0x40 /home/ilia/projects/gcc-arm-none-eabi-9-2019-q4-major/bin/../lib/gcc/arm-none-eabi/9.2.1/thumb/v7-m/nofp/libgcc.a(_arm_fixunssfsi.o)
                0x0000000008000c28                __aeabi_f2uiz
                0x0000000008000c28                __fixunssfsi
 *(.text*)
 .text.__libc_init_array
                0x0000000008000c68       0x48 /home/ilia/projects/gcc-arm-none-eabi-9-2019-q4-major/bin/../lib/gcc/arm-none-eabi/9.2.1/../../../../arm-none-eabi/lib/thumb/v7-m/nofp/libc.a(lib_a-init.o)
                0x0000000008000c68                __libc_init_array
 .text.startup.register_fini
                0x0000000008000cb0       0x14 /home/ilia/projects/gcc-arm-none-eabi-9-2019-q4-major/bin/../lib/gcc/arm-none-eabi/9.2.1/../../../../arm-none-eabi/lib/thumb/v7-m/nofp/libc.a(lib_a-__call_atexit.o)
 .text.atexit   0x0000000008000cc4        0xc /home/ilia/projects/gcc-arm-none-eabi-9-2019-q4-major/bin/../lib/gcc/arm-none-eabi/9.2.1/../../../../arm-none-eabi/lib/thumb/v7-m/nofp/libc.a(lib_a-atexit.o)
                0x0000000008000cc4                atexit
 .text.__libc_fini_array
                0x0000000008000cd0       0x2c /home/ilia/projects/gcc-arm-none-eabi-9-2019-q4-major/bin/../lib/gcc/arm-none-eabi/9.2.1/../../../../arm-none-eabi/lib/thumb/v7-m/nofp/libc.a(lib_a-fini.o)
                0x0000000008000cd0                __libc_fini_array
 .text.__retarget_lock_acquire_recursive
                0x0000000008000cfc        0x4 /home/ilia/projects/gcc-arm-none-eabi-9-2019-q4-major/bin/../lib/gcc/arm-none-eabi/9.2.1/../../../../arm-none-eabi/lib/thumb/v7-m/nofp/libc.a(lib_a-lock.o)
                0x0000000008000cfc                __retarget_lock_acquire_recursive
 .text.__retarget_lock_release_recursive
                0x0000000008000d00        0x4 /home/ilia/projects/gcc-arm-none-eabi-9-2019-q4-major/bin/../lib/gcc/arm-none-eabi/9.2.1/../../../../arm-none-eabi/lib/thumb/v7-m/nofp/libc.a(lib_a-lock.o)
                0x0000000008000d00                __retarget_lock_release_recursive
 .text.__register_exitproc
                0x0000000008000d04       0x8c /home/ilia/projects/gcc-arm-none-eabi-9-2019-q4-major/bin/../lib/gcc/arm-none-eabi/9.2.1/../../../../arm-none-eabi/lib/thumb/v7-m/nofp/libc.a(lib_a-__atexit.o)
                0x0000000008000d04                __register_exitproc
 .text.Reset_Handler
                0x0000000008000d90       0x48 CMakeFiles/release_STM32F103CB.dir/startup_stm32f103xb.s.obj
                0x0000000008000d90                Reset_Handler
 .text.Default_Handler
                0x0000000008000dd8        0x2 CMakeFiles/release_STM32F103CB.dir/startup_stm32f103xb.s.obj
                0x0000000008000dd8                RTC_Alarm_IRQHandler
                0x0000000008000dd8                EXTI2_IRQHandler
                0x0000000008000dd8                DebugMon_Handler
                0x0000000008000dd8                TIM1_CC_IRQHandler
                0x0000000008000dd8                HardFault_Handler
                0x0000000008000dd8                PVD_IRQHandler
                0x0000000008000dd8                PendSV_Handler
                0x0000000008000dd8                NMI_Handler
                0x0000000008000dd8                EXTI3_IRQHandler
                0x0000000008000dd8                EXTI0_IRQHandler
                0x0000000008000dd8                I2C2_EV_IRQHandler
                0x0000000008000dd8                UsageFault_Handler
                0x0000000008000dd8                ADC1_2_IRQHandler
                0x0000000008000dd8                SPI1_IRQHandler
                0x0000000008000dd8                TAMPER_IRQHandler
                0x0000000008000dd8                DMA1_Channel4_IRQHandler
                0x0000000008000dd8                USART3_IRQHandler
                0x0000000008000dd8                RTC_IRQHandler
                0x0000000008000dd8                DMA1_Channel7_IRQHandler
                0x0000000008000dd8                CAN1_RX1_IRQHandler
                0x0000000008000dd8                TIM4_IRQHandler
                0x0000000008000dd8                I2C1_EV_IRQHandler
                0x0000000008000dd8                DMA1_Channel6_IRQHandler
                0x0000000008000dd8                TIM3_IRQHandler
                0x0000000008000dd8                RCC_IRQHandler
                0x0000000008000dd8                TIM1_TRG_COM_IRQHandler
                0x0000000008000dd8                DMA1_Channel1_IRQHandler
                0x0000000008000dd8                Default_Handler
                0x0000000008000dd8                EXTI15_10_IRQHandler
                0x0000000008000dd8                EXTI9_5_IRQHandler
                0x0000000008000dd8                SPI2_IRQHandler
                0x0000000008000dd8                MemManage_Handler
                0x0000000008000dd8                SVC_Handler
                0x0000000008000dd8                DMA1_Channel5_IRQHandler
                0x0000000008000dd8                EXTI4_IRQHandler
                0x0000000008000dd8                USB_LP_CAN1_RX0_IRQHandler
                0x0000000008000dd8                USB_HP_CAN1_TX_IRQHandler
                0x0000000008000dd8                DMA1_Channel3_IRQHandler
                0x0000000008000dd8                TIM1_UP_IRQHandler
                0x0000000008000dd8                WWDG_IRQHandler
                0x0000000008000dd8                TIM2_IRQHandler
                0x0000000008000dd8                TIM1_BRK_IRQHandler
                0x0000000008000dd8                EXTI1_IRQHandler
                0x0000000008000dd8                I2C2_ER_IRQHandler
                0x0000000008000dd8                DMA1_Channel2_IRQHandler
                0x0000000008000dd8                CAN1_SCE_IRQHandler
                0x0000000008000dd8                FLASH_IRQHandler
                0x0000000008000dd8                BusFault_Handler
                0x0000000008000dd8                I2C1_ER_IRQHandler
                0x0000000008000dd8                USBWakeUp_IRQHandler
 *fill*         0x0000000008000dda        0x2 
 .text.crc32hw.constprop.0
                0x0000000008000ddc       0x8c /tmp/release_STM32F103CB.HnlVdB.ltrans0.ltrans.o
 .text.uni_eeprom_init.constprop.0
                0x0000000008000e68       0x78 /tmp/release_STM32F103CB.HnlVdB.ltrans0.ltrans.o
 .text.uni_eeprom_check_page_overload_or_impossible_write.constprop.0
                0x0000000008000ee0       0x3c /tmp/release_STM32F103CB.HnlVdB.ltrans0.ltrans.o
 .text.uni_eeprom_page_erase.constprop.0
                0x0000000008000f1c       0x6c /tmp/release_STM32F103CB.HnlVdB.ltrans0.ltrans.o
 .text.dislay_Handler.constprop.0
                0x0000000008000f88      0x250 /tmp/release_STM32F103CB.HnlVdB.ltrans0.ltrans.o
 .text.set_string.constprop.0
                0x00000000080011d8       0x34 /tmp/release_STM32F103CB.HnlVdB.ltrans0.ltrans.o
 .text.crc16    0x000000000800120c       0x2e /tmp/release_STM32F103CB.HnlVdB.ltrans0.ltrans.o
 .text.crc7_one
                0x000000000800123a       0x16 /tmp/release_STM32F103CB.HnlVdB.ltrans0.ltrans.o
 .text.ld_clust.isra.0
                0x0000000008001250       0x1c /tmp/release_STM32F103CB.HnlVdB.ltrans0.ltrans.o
 .text.validate
                0x000000000800126c       0x28 /tmp/release_STM32F103CB.HnlVdB.ltrans0.ltrans.o
 .text.get_ldnumber
                0x0000000008001294       0x2a /tmp/release_STM32F103CB.HnlVdB.ltrans0.ltrans.o
 .text.clust2sect
                0x00000000080012be       0x16 /tmp/release_STM32F103CB.HnlVdB.ltrans0.ltrans.o
 .text.at25df_delay_50ns
                0x00000000080012d4        0x8 /tmp/release_STM32F103CB.HnlVdB.ltrans0.ltrans.o
 .text.uni_flash_write_block
                0x00000000080012dc       0xb4 /tmp/release_STM32F103CB.HnlVdB.ltrans0.ltrans.o
 .text.uni_eeprom_data_save.constprop.0
                0x0000000008001390       0xf4 /tmp/release_STM32F103CB.HnlVdB.ltrans0.ltrans.o
 .text.spi_transfer
                0x0000000008001484       0x44 /tmp/release_STM32F103CB.HnlVdB.ltrans0.ltrans.o
 .text.sd_get_data.isra.0
                0x00000000080014c8       0x58 /tmp/release_STM32F103CB.HnlVdB.ltrans0.ltrans.o
 .text.sd_get_r1
                0x0000000008001520       0x1a /tmp/release_STM32F103CB.HnlVdB.ltrans0.ltrans.o
 .text.sd_get_r7
                0x000000000800153a       0x4a /tmp/release_STM32F103CB.HnlVdB.ltrans0.ltrans.o
 .text.spi_txrx
                0x0000000008001584        0xa /tmp/release_STM32F103CB.HnlVdB.ltrans0.ltrans.o
 .text.sd_nec   0x000000000800158e       0x10 /tmp/release_STM32F103CB.HnlVdB.ltrans0.ltrans.o
 .text.sd_cmd   0x000000000800159e       0x70 /tmp/release_STM32F103CB.HnlVdB.ltrans0.ltrans.o
 *fill*         0x000000000800160e        0x2 
 .text.sd_writesector.isra.0
                0x0000000008001610       0xd0 /tmp/release_STM32F103CB.HnlVdB.ltrans0.ltrans.o
 .text.sd_readsector.isra.0
                0x00000000080016e0       0x64 /tmp/release_STM32F103CB.HnlVdB.ltrans0.ltrans.o
 .text.sd_read_status.isra.0
                0x0000000008001744       0x4c /tmp/release_STM32F103CB.HnlVdB.ltrans0.ltrans.o
 .text.sd_init.isra.0
                0x0000000008001790      0x1bc /tmp/release_STM32F103CB.HnlVdB.ltrans0.ltrans.o
 .text.disk_read.constprop.0
                0x000000000800194c       0x74 /tmp/release_STM32F103CB.HnlVdB.ltrans0.ltrans.o
 .text.disk_write.constprop.0
                0x00000000080019c0       0x58 /tmp/release_STM32F103CB.HnlVdB.ltrans0.ltrans.o
 .text.sync_window.part.0
                0x0000000008001a18       0x44 /tmp/release_STM32F103CB.HnlVdB.ltrans0.ltrans.o
 .text.move_window
                0x0000000008001a5c       0x34 /tmp/release_STM32F103CB.HnlVdB.ltrans0.ltrans.o
 .text.check_fs
                0x0000000008001a90       0x54 /tmp/release_STM32F103CB.HnlVdB.ltrans0.ltrans.o
 .text.put_fat  0x0000000008001ae4       0xf4 /tmp/release_STM32F103CB.HnlVdB.ltrans0.ltrans.o
 .text.get_fat  0x0000000008001bd8       0xca /tmp/release_STM32F103CB.HnlVdB.ltrans0.ltrans.o
 .text.dir_sdi.constprop.0
                0x0000000008001ca2       0x6c /tmp/release_STM32F103CB.HnlVdB.ltrans0.ltrans.o
 .text.dir_next
                0x0000000008001d0e      0x196 /tmp/release_STM32F103CB.HnlVdB.ltrans0.ltrans.o
 .text.follow_path
                0x0000000008001ea4      0x1c0 /tmp/release_STM32F103CB.HnlVdB.ltrans0.ltrans.o
 .text.find_volume.constprop.0
                0x0000000008002064      0x358 /tmp/release_STM32F103CB.HnlVdB.ltrans0.ltrans.o
 .text.f_open.constprop.0
                0x00000000080023bc       0x64 /tmp/release_STM32F103CB.HnlVdB.ltrans0.ltrans.o
 .text.at25df_cmd
                0x0000000008002420       0x1c /tmp/release_STM32F103CB.HnlVdB.ltrans0.ltrans.o
 .text.spi_write_block
                0x000000000800243c       0x16 /tmp/release_STM32F103CB.HnlVdB.ltrans0.ltrans.o
 *fill*         0x0000000008002452        0x2 
 .text.at25df_erase_block
                0x0000000008002454       0x44 /tmp/release_STM32F103CB.HnlVdB.ltrans0.ltrans.o
 .text.spi_transfer_block
                0x0000000008002498       0x1c /tmp/release_STM32F103CB.HnlVdB.ltrans0.ltrans.o
 .text.at25df_read.part.0
                0x00000000080024b4       0x50 /tmp/release_STM32F103CB.HnlVdB.ltrans0.ltrans.o
 .text.at25df_status
                0x0000000008002504       0x30 /tmp/release_STM32F103CB.HnlVdB.ltrans0.ltrans.o
 .text.at25df_erase_block4k.part.0
                0x0000000008002534       0x10 /tmp/release_STM32F103CB.HnlVdB.ltrans0.ltrans.o
 .text.software_timer
                0x0000000008002544       0x34 /tmp/release_STM32F103CB.HnlVdB.ltrans0.ltrans.o
 .text.buttonTask
                0x0000000008002578       0xac /tmp/release_STM32F103CB.HnlVdB.ltrans0.ltrans.o
 .text.delay_us
                0x0000000008002624       0x14 /tmp/release_STM32F103CB.HnlVdB.ltrans0.ltrans.o
 .text.at25df_wait_us_ready
                0x0000000008002638       0x1e /tmp/release_STM32F103CB.HnlVdB.ltrans0.ltrans.o
 *fill*         0x0000000008002656        0x2 
 .text.at25df_write
                0x0000000008002658       0x90 /tmp/release_STM32F103CB.HnlVdB.ltrans0.ltrans.o
 .text.fileStorage_flush_outBuffer
                0x00000000080026e8       0x50 /tmp/release_STM32F103CB.HnlVdB.ltrans0.ltrans.o
 .text.delay_ms
                0x0000000008002738       0x1c /tmp/release_STM32F103CB.HnlVdB.ltrans0.ltrans.o
 .text.sx1276SpiXmit
                0x0000000008002754        0xe /tmp/release_STM32F103CB.HnlVdB.ltrans0.ltrans.o
 *fill*         0x0000000008002762        0x2 
 .text.sx1276WriteRegs.constprop.0
                0x0000000008002764       0x5c /tmp/release_STM32F103CB.HnlVdB.ltrans0.ltrans.o
 .text.sx1276WriteReg.constprop.0
                0x00000000080027c0       0x50 /tmp/release_STM32F103CB.HnlVdB.ltrans0.ltrans.o
 .text.sx1276_LoRa_SetFrequency.constprop.0
                0x0000000008002810       0x64 /tmp/release_STM32F103CB.HnlVdB.ltrans0.ltrans.o
 .text.sx1276ReadReg.constprop.0
                0x0000000008002874       0x4c /tmp/release_STM32F103CB.HnlVdB.ltrans0.ltrans.o
 .text.sx1276_LoRa_SetMode.constprop.0
                0x00000000080028c0       0x24 /tmp/release_STM32F103CB.HnlVdB.ltrans0.ltrans.o
 .text.sx1276_LoRa_sendPacket.constprop.0
                0x00000000080028e4       0x44 /tmp/release_STM32F103CB.HnlVdB.ltrans0.ltrans.o
 .text.sx1276_LoRa_updateState.constprop.0
                0x0000000008002928       0xdc /tmp/release_STM32F103CB.HnlVdB.ltrans0.ltrans.o
 .text.fifo_get_byte
                0x0000000008002a04       0x30 /tmp/release_STM32F103CB.HnlVdB.ltrans0.ltrans.o
 .text.TEST_get_frame
                0x0000000008002a34       0x34 /tmp/release_STM32F103CB.HnlVdB.ltrans0.ltrans.o
 .text.fileStorage_finalize
                0x0000000008002a68      0x108 /tmp/release_STM32F103CB.HnlVdB.ltrans0.ltrans.o
 .text.sendFileToFlash
                0x0000000008002b70      0x26c /tmp/release_STM32F103CB.HnlVdB.ltrans0.ltrans.o
 .text.scan_files.constprop.0
                0x0000000008002ddc      0x1a8 /tmp/release_STM32F103CB.HnlVdB.ltrans0.ltrans.o
 .text.startup.main
                0x0000000008002f84      0xfc4 /tmp/release_STM32F103CB.HnlVdB.ltrans0.ltrans.o
                0x0000000008002f84                main
 .text.SysTick_Handler
                0x0000000008003f48       0x80 /tmp/release_STM32F103CB.HnlVdB.ltrans0.ltrans.o
                0x0000000008003f48                SysTick_Handler
 .text.USART2_IRQHandler
                0x0000000008003fc8       0x40 /tmp/release_STM32F103CB.HnlVdB.ltrans0.ltrans.o
                0x0000000008003fc8                USART2_IRQHandler
 .text.USART1_IRQHandler
                0x0000000008004008       0x40 /tmp/release_STM32F103CB.HnlVdB.ltrans0.ltrans.o
                0x0000000008004008                USART1_IRQHandler
 .text.SystemInit
                0x0000000008004048       0xf0 /tmp/release_STM32F103CB.HnlVdB.ltrans0.ltrans.o
                0x0000000008004048                SystemInit
 .text.srand    0x0000000008004138       0x48 /home/ilia/projects/gcc-arm-none-eabi-9-2019-q4-major/bin/../lib/gcc/arm-none-eabi/9.2.1/../../../../arm-none-eabi/lib/thumb/v7-m/nofp/libc_nano.a(lib_a-rand.o)
                0x0000000008004138                srand
 .text.malloc   0x0000000008004180       0x10 /home/ilia/projects/gcc-arm-none-eabi-9-2019-q4-major/bin/../lib/gcc/arm-none-eabi/9.2.1/../../../../arm-none-eabi/lib/thumb/v7-m/nofp/libc_nano.a(lib_a-malloc.o)
                0x0000000008004180                malloc
 .text._free_r  0x0000000008004190       0x98 /home/ilia/projects/gcc-arm-none-eabi-9-2019-q4-major/bin/../lib/gcc/arm-none-eabi/9.2.1/../../../../arm-none-eabi/lib/thumb/v7-m/nofp/libc_nano.a(lib_a-nano-freer.o)
                0x0000000008004190                _free_r
 .text._malloc_r
                0x0000000008004228       0xb4 /home/ilia/projects/gcc-arm-none-eabi-9-2019-q4-major/bin/../lib/gcc/arm-none-eabi/9.2.1/../../../../arm-none-eabi/lib/thumb/v7-m/nofp/libc_nano.a(lib_a-nano-mallocr.o)
                0x0000000008004228                _malloc_r
 .text._sbrk_r  0x00000000080042dc       0x20 /home/ilia/projects/gcc-arm-none-eabi-9-2019-q4-major/bin/../lib/gcc/arm-none-eabi/9.2.1/../../../../arm-none-eabi/lib/thumb/v7-m/nofp/libc_nano.a(lib_a-sbrkr.o)
                0x00000000080042dc                _sbrk_r
 .text.__malloc_lock
                0x00000000080042fc        0xc /home/ilia/projects/gcc-arm-none-eabi-9-2019-q4-major/bin/../lib/gcc/arm-none-eabi/9.2.1/../../../../arm-none-eabi/lib/thumb/v7-m/nofp/libc_nano.a(lib_a-mlock.o)
                0x00000000080042fc                __malloc_lock
 .text.__malloc_unlock
                0x0000000008004308        0xc /home/ilia/projects/gcc-arm-none-eabi-9-2019-q4-major/bin/../lib/gcc/arm-none-eabi/9.2.1/../../../../arm-none-eabi/lib/thumb/v7-m/nofp/libc_nano.a(lib_a-mlock.o)
                0x0000000008004308                __malloc_unlock
 .text.memcpy   0x0000000008004314       0x1c /home/ilia/projects/gcc-arm-none-eabi-9-2019-q4-major/bin/../lib/gcc/arm-none-eabi/9.2.1/../../../../arm-none-eabi/lib/thumb/v7-m/nofp/libc_nano.a(lib_a-memcpy-stub.o)
                0x0000000008004314                memcpy
 .text.sprintf  0x0000000008004330       0x40 /home/ilia/projects/gcc-arm-none-eabi-9-2019-q4-major/bin/../lib/gcc/arm-none-eabi/9.2.1/../../../../arm-none-eabi/lib/thumb/v7-m/nofp/libc_nano.a(lib_a-sprintf.o)
                0x0000000008004330                sprintf
                0x0000000008004330                siprintf
 .text.sscanf   0x0000000008004370       0x54 /home/ilia/projects/gcc-arm-none-eabi-9-2019-q4-major/bin/../lib/gcc/arm-none-eabi/9.2.1/../../../../arm-none-eabi/lib/thumb/v7-m/nofp/libc_nano.a(lib_a-sscanf.o)
                0x0000000008004370                sscanf
                0x0000000008004370                siscanf
 .text.__seofread
                0x00000000080043c4        0x4 /home/ilia/projects/gcc-arm-none-eabi-9-2019-q4-major/bin/../lib/gcc/arm-none-eabi/9.2.1/../../../../arm-none-eabi/lib/thumb/v7-m/nofp/libc_nano.a(lib_a-stdio.o)
                0x00000000080043c4                __seofread
 .text.strcpy   0x00000000080043c8       0x10 /home/ilia/projects/gcc-arm-none-eabi-9-2019-q4-major/bin/../lib/gcc/arm-none-eabi/9.2.1/../../../../arm-none-eabi/lib/thumb/v7-m/nofp/libc_nano.a(lib_a-strcpy.o)
                0x00000000080043c8                strcpy
 .text.strstr   0x00000000080043d8       0x2e /home/ilia/projects/gcc-arm-none-eabi-9-2019-q4-major/bin/../lib/gcc/arm-none-eabi/9.2.1/../../../../arm-none-eabi/lib/thumb/v7-m/nofp/libc_nano.a(lib_a-strstr.o)
                0x00000000080043d8                strstr
 .text.__ssputs_r
                0x0000000008004406       0xb6 /home/ilia/projects/gcc-arm-none-eabi-9-2019-q4-major/bin/../lib/gcc/arm-none-eabi/9.2.1/../../../../arm-none-eabi/lib/thumb/v7-m/nofp/libc_nano.a(lib_a-nano-svfprintf.o)
                0x0000000008004406                __ssputs_r
 .text._svfprintf_r
                0x00000000080044bc      0x200 /home/ilia/projects/gcc-arm-none-eabi-9-2019-q4-major/bin/../lib/gcc/arm-none-eabi/9.2.1/../../../../arm-none-eabi/lib/thumb/v7-m/nofp/libc_nano.a(lib_a-nano-svfprintf.o)
                0x00000000080044bc                _svfprintf_r
                0x00000000080044bc                _svfiprintf_r
 .text._sungetc_r
                0x00000000080046bc       0x7a /home/ilia/projects/gcc-arm-none-eabi-9-2019-q4-major/bin/../lib/gcc/arm-none-eabi/9.2.1/../../../../arm-none-eabi/lib/thumb/v7-m/nofp/libc_nano.a(lib_a-nano-svfscanf.o)
                0x00000000080046bc                _sungetc_r
 .text.__ssrefill_r
                0x0000000008004736       0x3a /home/ilia/projects/gcc-arm-none-eabi-9-2019-q4-major/bin/../lib/gcc/arm-none-eabi/9.2.1/../../../../arm-none-eabi/lib/thumb/v7-m/nofp/libc_nano.a(lib_a-nano-svfscanf.o)
                0x0000000008004736                __ssrefill_r
 .text.__ssvfscanf_r
                0x0000000008004770      0x2f4 /home/ilia/projects/gcc-arm-none-eabi-9-2019-q4-major/bin/../lib/gcc/arm-none-eabi/9.2.1/../../../../arm-none-eabi/lib/thumb/v7-m/nofp/libc_nano.a(lib_a-nano-svfscanf.o)
                0x0000000008004770                __ssvfscanf_r
                0x0000000008004770                __ssvfiscanf_r
 .text._printf_common
                0x0000000008004a64       0xde /home/ilia/projects/gcc-arm-none-eabi-9-2019-q4-major/bin/../lib/gcc/arm-none-eabi/9.2.1/../../../../arm-none-eabi/lib/thumb/v7-m/nofp/libc_nano.a(lib_a-nano-vfprintf_i.o)
                0x0000000008004a64                _printf_common
 *fill*         0x0000000008004b42        0x2 
 .text._printf_i
                0x0000000008004b44      0x24c /home/ilia/projects/gcc-arm-none-eabi-9-2019-q4-major/bin/../lib/gcc/arm-none-eabi/9.2.1/../../../../arm-none-eabi/lib/thumb/v7-m/nofp/libc_nano.a(lib_a-nano-vfprintf_i.o)
                0x0000000008004b44                _printf_i
 .text._scanf_chars
                0x0000000008004d90       0xb0 /home/ilia/projects/gcc-arm-none-eabi-9-2019-q4-major/bin/../lib/gcc/arm-none-eabi/9.2.1/../../../../arm-none-eabi/lib/thumb/v7-m/nofp/libc_nano.a(lib_a-nano-vfscanf_i.o)
                0x0000000008004d90                _scanf_chars
 .text._scanf_i
                0x0000000008004e40      0x1e4 /home/ilia/projects/gcc-arm-none-eabi-9-2019-q4-major/bin/../lib/gcc/arm-none-eabi/9.2.1/../../../../arm-none-eabi/lib/thumb/v7-m/nofp/libc_nano.a(lib_a-nano-vfscanf_i.o)
                0x0000000008004e40                _scanf_i
 .text.__sccl   0x0000000008005024       0x74 /home/ilia/projects/gcc-arm-none-eabi-9-2019-q4-major/bin/../lib/gcc/arm-none-eabi/9.2.1/../../../../arm-none-eabi/lib/thumb/v7-m/nofp/libc_nano.a(lib_a-sccl.o)
                0x0000000008005024                __sccl
 .text._strtol_l.isra.0
                0x0000000008005098       0xf4 /home/ilia/projects/gcc-arm-none-eabi-9-2019-q4-major/bin/../lib/gcc/arm-none-eabi/9.2.1/../../../../arm-none-eabi/lib/thumb/v7-m/nofp/libc_nano.a(lib_a-strtol.o)
 .text._strtol_r
                0x000000000800518c        0x4 /home/ilia/projects/gcc-arm-none-eabi-9-2019-q4-major/bin/../lib/gcc/arm-none-eabi/9.2.1/../../../../arm-none-eabi/lib/thumb/v7-m/nofp/libc_nano.a(lib_a-strtol.o)
                0x000000000800518c                _strtol_r
 .text._strtoul_l.isra.0
                0x0000000008005190       0xf8 /home/ilia/projects/gcc-arm-none-eabi-9-2019-q4-major/bin/../lib/gcc/arm-none-eabi/9.2.1/../../../../arm-none-eabi/lib/thumb/v7-m/nofp/libc_nano.a(lib_a-strtoul.o)
 .text._strtoul_r
                0x0000000008005288        0x4 /home/ilia/projects/gcc-arm-none-eabi-9-2019-q4-major/bin/../lib/gcc/arm-none-eabi/9.2.1/../../../../arm-none-eabi/lib/thumb/v7-m/nofp/libc_nano.a(lib_a-strtoul.o)
                0x0000000008005288                _strtoul_r
 .text.__submore
                0x000000000800528c       0x70 /home/ilia/projects/gcc-arm-none-eabi-9-2019-q4-major/bin/../lib/gcc/arm-none-eabi/9.2.1/../../../../arm-none-eabi/lib/thumb/v7-m/nofp/libc_nano.a(lib_a-ungetc.o)
                0x000000000800528c                __submore
 .text.memchr   0x00000000080052fc       0x1c /home/ilia/projects/gcc-arm-none-eabi-9-2019-q4-major/bin/../lib/gcc/arm-none-eabi/9.2.1/../../../../arm-none-eabi/lib/thumb/v7-m/nofp/libc_nano.a(lib_a-memchr-stub.o)
                0x00000000080052fc                memchr
 .text.memmove  0x0000000008005318       0x34 /home/ilia/projects/gcc-arm-none-eabi-9-2019-q4-major/bin/../lib/gcc/arm-none-eabi/9.2.1/../../../../arm-none-eabi/lib/thumb/v7-m/nofp/libc_nano.a(lib_a-memmove.o)
                0x0000000008005318                memmove
 .text._realloc_r
                0x000000000800534c       0x4c /home/ilia/projects/gcc-arm-none-eabi-9-2019-q4-major/bin/../lib/gcc/arm-none-eabi/9.2.1/../../../../arm-none-eabi/lib/thumb/v7-m/nofp/libc_nano.a(lib_a-nano-reallocr.o)
                0x000000000800534c                _realloc_r
 .text._malloc_usable_size_r
                0x0000000008005398       0x10 /home/ilia/projects/gcc-arm-none-eabi-9-2019-q4-major/bin/../lib/gcc/arm-none-eabi/9.2.1/../../../../arm-none-eabi/lib/thumb/v7-m/nofp/libc_nano.a(lib_a-nano-msizer.o)
                0x0000000008005398                _malloc_usable_size_r
 .text._sbrk    0x00000000080053a8       0x1c /home/ilia/projects/gcc-arm-none-eabi-9-2019-q4-major/bin/../lib/gcc/arm-none-eabi/9.2.1/../../../../arm-none-eabi/lib/thumb/v7-m/nofp/libnosys.a(sbrk.o)
                0x00000000080053a8                _sbrk
 *(.glue_7)
 .glue_7        0x00000000080053c4        0x0 linker stubs
 *(.glue_7t)
 .glue_7t       0x00000000080053c4        0x0 linker stubs
 *(.eh_frame)
 .eh_frame      0x00000000080053c4        0x0 /home/ilia/projects/gcc-arm-none-eabi-9-2019-q4-major/bin/../lib/gcc/arm-none-eabi/9.2.1/thumb/v7-m/nofp/crtbegin.o
 *(.init)
 .init          0x00000000080053c4        0x4 /home/ilia/projects/gcc-arm-none-eabi-9-2019-q4-major/bin/../lib/gcc/arm-none-eabi/9.2.1/thumb/v7-m/nofp/crti.o
                0x00000000080053c4                _init
 .init          0x00000000080053c8        0x8 /home/ilia/projects/gcc-arm-none-eabi-9-2019-q4-major/bin/../lib/gcc/arm-none-eabi/9.2.1/thumb/v7-m/nofp/crtn.o
 *(.fini)
 .fini          0x00000000080053d0        0x4 /home/ilia/projects/gcc-arm-none-eabi-9-2019-q4-major/bin/../lib/gcc/arm-none-eabi/9.2.1/thumb/v7-m/nofp/crti.o
                0x00000000080053d0                _fini
 .fini          0x00000000080053d4        0x8 /home/ilia/projects/gcc-arm-none-eabi-9-2019-q4-major/bin/../lib/gcc/arm-none-eabi/9.2.1/thumb/v7-m/nofp/crtn.o
                0x00000000080053dc                . = ALIGN (0x4)
                0x00000000080053dc                _etext = .

.vfp11_veneer   0x00000000080053dc        0x0
 .vfp11_veneer  0x00000000080053dc        0x0 linker stubs

.v4_bx          0x00000000080053dc        0x0
 .v4_bx         0x00000000080053dc        0x0 linker stubs

.iplt           0x00000000080053dc        0x0
 .iplt          0x00000000080053dc        0x0 /home/ilia/projects/gcc-arm-none-eabi-9-2019-q4-major/bin/../lib/gcc/arm-none-eabi/9.2.1/thumb/v7-m/nofp/crtbegin.o

.rodata         0x00000000080053dc      0x258
                0x00000000080053dc                . = ALIGN (0x4)
 *(.rodata)
 .rodata        0x00000000080053dc       0xb3 /tmp/release_STM32F103CB.HnlVdB.ltrans0.ltrans.o
 *fill*         0x000000000800548f        0x1 
 .rodata        0x0000000008005490        0xc /home/ilia/projects/gcc-arm-none-eabi-9-2019-q4-major/bin/../lib/gcc/arm-none-eabi/9.2.1/../../../../arm-none-eabi/lib/thumb/v7-m/nofp/libc_nano.a(lib_a-nano-vfscanf_i.o)
 *(.rodata*)
 .rodata._global_impure_ptr
                0x000000000800549c        0x4 /home/ilia/projects/gcc-arm-none-eabi-9-2019-q4-major/bin/../lib/gcc/arm-none-eabi/9.2.1/../../../../arm-none-eabi/lib/thumb/v7-m/nofp/libc.a(lib_a-impure.o)
                0x000000000800549c                _global_impure_ptr
 .rodata.str1.1
                0x00000000080054a0       0x43 /tmp/release_STM32F103CB.HnlVdB.ltrans0.ltrans.o
                                         0x49 (size before relaxing)
 .rodata._svfprintf_r.str1.1
                0x00000000080054e3       0x11 /home/ilia/projects/gcc-arm-none-eabi-9-2019-q4-major/bin/../lib/gcc/arm-none-eabi/9.2.1/../../../../arm-none-eabi/lib/thumb/v7-m/nofp/libc_nano.a(lib_a-nano-svfprintf.o)
 .rodata.__ssvfscanf_r.str1.1
                0x00000000080054f4        0x4 /home/ilia/projects/gcc-arm-none-eabi-9-2019-q4-major/bin/../lib/gcc/arm-none-eabi/9.2.1/../../../../arm-none-eabi/lib/thumb/v7-m/nofp/libc_nano.a(lib_a-nano-svfscanf.o)
 .rodata._printf_i.str1.1
                0x00000000080054f4       0x22 /home/ilia/projects/gcc-arm-none-eabi-9-2019-q4-major/bin/../lib/gcc/arm-none-eabi/9.2.1/../../../../arm-none-eabi/lib/thumb/v7-m/nofp/libc_nano.a(lib_a-nano-vfprintf_i.o)
 .rodata.str1.1
                0x0000000008005516        0x9 /home/ilia/projects/gcc-arm-none-eabi-9-2019-q4-major/bin/../lib/gcc/arm-none-eabi/9.2.1/../../../../arm-none-eabi/lib/thumb/v7-m/nofp/libc_nano.a(lib_a-nano-vfscanf_i.o)
 .rodata._scanf_i.str1.1
                0x000000000800551f       0x12 /home/ilia/projects/gcc-arm-none-eabi-9-2019-q4-major/bin/../lib/gcc/arm-none-eabi/9.2.1/../../../../arm-none-eabi/lib/thumb/v7-m/nofp/libc_nano.a(lib_a-nano-vfscanf_i.o)
 .rodata._ctype_
                0x0000000008005531      0x101 /home/ilia/projects/gcc-arm-none-eabi-9-2019-q4-major/bin/../lib/gcc/arm-none-eabi/9.2.1/../../../../arm-none-eabi/lib/thumb/v7-m/nofp/libc_nano.a(lib_a-ctype_.o)
                0x0000000008005531                _ctype_
                0x0000000008005634                . = ALIGN (0x4)
 *fill*         0x0000000008005632        0x2 

.rel.dyn        0x0000000008005634        0x0
 .rel.iplt      0x0000000008005634        0x0 /home/ilia/projects/gcc-arm-none-eabi-9-2019-q4-major/bin/../lib/gcc/arm-none-eabi/9.2.1/thumb/v7-m/nofp/crtbegin.o

.ARM.extab
 *(.ARM.extab* .gnu.linkonce.armextab.*)

.ARM            0x0000000008005634        0x0
                0x0000000008005634                __exidx_start = .
 *(.ARM.exidx*)
                0x0000000008005634                __exidx_end = .

.preinit_array  0x0000000008005634        0x0
                0x0000000008005634                PROVIDE (__preinit_array_start = .)
 *(.preinit_array*)
                0x0000000008005634                PROVIDE (__preinit_array_end = .)

.init_array     0x0000000008005634        0x8
                0x0000000008005634                PROVIDE (__init_array_start = .)
 *(SORT_BY_NAME(.init_array.*))
 .init_array.00000
                0x0000000008005634        0x4 /home/ilia/projects/gcc-arm-none-eabi-9-2019-q4-major/bin/../lib/gcc/arm-none-eabi/9.2.1/../../../../arm-none-eabi/lib/thumb/v7-m/nofp/libc.a(lib_a-__call_atexit.o)
 *(.init_array*)
 .init_array    0x0000000008005638        0x4 /home/ilia/projects/gcc-arm-none-eabi-9-2019-q4-major/bin/../lib/gcc/arm-none-eabi/9.2.1/thumb/v7-m/nofp/crtbegin.o
                0x000000000800563c                PROVIDE (__init_array_end = .)

.fini_array     0x000000000800563c        0x4
                0x000000000800563c                PROVIDE (__fini_array_start = .)
 *(SORT_BY_NAME(.fini_array.*))
 *(.fini_array*)
 .fini_array    0x000000000800563c        0x4 /home/ilia/projects/gcc-arm-none-eabi-9-2019-q4-major/bin/../lib/gcc/arm-none-eabi/9.2.1/thumb/v7-m/nofp/crtbegin.o
                0x0000000008005640                PROVIDE (__fini_array_end = .)
                0x0000000008005640                _sidata = LOADADDR (.data)

.data           0x0000000020000000      0x6ac load address 0x0000000008005640
                0x0000000020000000                . = ALIGN (0x4)
                0x0000000020000000                _sdata = .
 *(.data)
 .data          0x0000000020000000      0x27c /tmp/release_STM32F103CB.HnlVdB.ltrans0.ltrans.o
 *(.data*)
 .data._impure_ptr
                0x000000002000027c        0x4 /home/ilia/projects/gcc-arm-none-eabi-9-2019-q4-major/bin/../lib/gcc/arm-none-eabi/9.2.1/../../../../arm-none-eabi/lib/thumb/v7-m/nofp/libc.a(lib_a-impure.o)
                0x000000002000027c                _impure_ptr
 .data.impure_data
                0x0000000020000280      0x428 /home/ilia/projects/gcc-arm-none-eabi-9-2019-q4-major/bin/../lib/gcc/arm-none-eabi/9.2.1/../../../../arm-none-eabi/lib/thumb/v7-m/nofp/libc.a(lib_a-impure.o)
 .data.__atexit_recursive_mutex
                0x00000000200006a8        0x4 /home/ilia/projects/gcc-arm-none-eabi-9-2019-q4-major/bin/../lib/gcc/arm-none-eabi/9.2.1/../../../../arm-none-eabi/lib/thumb/v7-m/nofp/libc.a(lib_a-__call_atexit.o)
                0x00000000200006a8                __atexit_recursive_mutex
                0x00000000200006ac                . = ALIGN (0x4)
                0x00000000200006ac                _edata = .

.igot.plt       0x00000000200006ac        0x0 load address 0x0000000008005cec
 .igot.plt      0x00000000200006ac        0x0 /home/ilia/projects/gcc-arm-none-eabi-9-2019-q4-major/bin/../lib/gcc/arm-none-eabi/9.2.1/thumb/v7-m/nofp/crtbegin.o
                0x00000000200006ac                . = ALIGN (0x4)

.bss            0x00000000200006ac      0xd64 load address 0x0000000008005cec
                0x00000000200006ac                _sbss = .
                0x00000000200006ac                __bss_start__ = _sbss
 *(.bss)
 .bss           0x00000000200006ac       0x1c /home/ilia/projects/gcc-arm-none-eabi-9-2019-q4-major/bin/../lib/gcc/arm-none-eabi/9.2.1/thumb/v7-m/nofp/crtbegin.o
 .bss           0x00000000200006c8      0xd14 /tmp/release_STM32F103CB.HnlVdB.ltrans0.ltrans.o
 *(.bss*)
 .bss.__malloc_free_list
                0x00000000200013dc        0x4 /home/ilia/projects/gcc-arm-none-eabi-9-2019-q4-major/bin/../lib/gcc/arm-none-eabi/9.2.1/../../../../arm-none-eabi/lib/thumb/v7-m/nofp/libc_nano.a(lib_a-nano-mallocr.o)
                0x00000000200013dc                __malloc_free_list
 .bss.__malloc_sbrk_start
                0x00000000200013e0        0x4 /home/ilia/projects/gcc-arm-none-eabi-9-2019-q4-major/bin/../lib/gcc/arm-none-eabi/9.2.1/../../../../arm-none-eabi/lib/thumb/v7-m/nofp/libc_nano.a(lib_a-nano-mallocr.o)
                0x00000000200013e0                __malloc_sbrk_start
 .bss.heap_end.4144
                0x00000000200013e4        0x4 /home/ilia/projects/gcc-arm-none-eabi-9-2019-q4-major/bin/../lib/gcc/arm-none-eabi/9.2.1/../../../../arm-none-eabi/lib/thumb/v7-m/nofp/libnosys.a(sbrk.o)
 *(COMMON)
 COMMON         0x00000000200013e8       0x21 /home/ilia/projects/gcc-arm-none-eabi-9-2019-q4-major/bin/../lib/gcc/arm-none-eabi/9.2.1/../../../../arm-none-eabi/lib/thumb/v7-m/nofp/libc.a(lib_a-lock.o)
                0x00000000200013e8                __lock___atexit_recursive_mutex
                0x00000000200013ec                __lock___arc4random_mutex
                0x00000000200013f0                __lock___env_recursive_mutex
                0x00000000200013f4                __lock___sinit_recursive_mutex
                0x00000000200013f8                __lock___malloc_recursive_mutex
                0x00000000200013fc                __lock___at_quick_exit_mutex
                0x0000000020001400                __lock___dd_hash_mutex
                0x0000000020001404                __lock___tz_mutex
                0x0000000020001408                __lock___sfp_recursive_mutex
 *fill*         0x0000000020001409        0x3 
 COMMON         0x000000002000140c        0x4 /home/ilia/projects/gcc-arm-none-eabi-9-2019-q4-major/bin/../lib/gcc/arm-none-eabi/9.2.1/../../../../arm-none-eabi/lib/thumb/v7-m/nofp/libc_nano.a(lib_a-reent.o)
                0x000000002000140c                errno
                0x0000000020001410                . = ALIGN (0x4)
                0x0000000020001410                _ebss = .
                0x0000000020001410                __bss_end__ = _ebss

._user_heap_stack
                0x0000000020001410      0x600 load address 0x0000000008005cec
                0x0000000020001410                . = ALIGN (0x8)
                0x0000000020001410                PROVIDE (end = .)
                [!provide]                        PROVIDE (_end = .)
                0x0000000020001610                . = (. + _Min_Heap_Size)
 *fill*         0x0000000020001410      0x200 
                0x0000000020001a10                . = (. + _Min_Stack_Size)
 *fill*         0x0000000020001610      0x400 
                0x0000000020001a10                . = ALIGN (0x8)

/DISCARD/
 libc.a(*)
 libm.a(*)
 libgcc.a(*)

.ARM.attributes
                0x0000000000000000       0x29
 *(.ARM.attributes)
 .ARM.attributes
                0x0000000000000000       0x1d /home/ilia/projects/gcc-arm-none-eabi-9-2019-q4-major/bin/../lib/gcc/arm-none-eabi/9.2.1/thumb/v7-m/nofp/crti.o
 .ARM.attributes
                0x000000000000001d       0x2d /home/ilia/projects/gcc-arm-none-eabi-9-2019-q4-major/bin/../lib/gcc/arm-none-eabi/9.2.1/thumb/v7-m/nofp/crtbegin.o
 .ARM.attributes
                0x000000000000004a       0x21 CMakeFiles/release_STM32F103CB.dir/startup_stm32f103xb.s.obj
 .ARM.attributes
                0x000000000000006b       0x2b /tmp/release_STM32F103CB.HnlVdB.ltrans0.ltrans.o
 .ARM.attributes
                0x0000000000000096       0x2d /home/ilia/projects/gcc-arm-none-eabi-9-2019-q4-major/bin/../lib/gcc/arm-none-eabi/9.2.1/../../../../arm-none-eabi/lib/thumb/v7-m/nofp/libc_nano.a(lib_a-rand.o)
 .ARM.attributes
                0x00000000000000c3       0x2d /home/ilia/projects/gcc-arm-none-eabi-9-2019-q4-major/bin/../lib/gcc/arm-none-eabi/9.2.1/../../../../arm-none-eabi/lib/thumb/v7-m/nofp/libc_nano.a(lib_a-malloc.o)
 .ARM.attributes
                0x00000000000000f0       0x2d /home/ilia/projects/gcc-arm-none-eabi-9-2019-q4-major/bin/../lib/gcc/arm-none-eabi/9.2.1/../../../../arm-none-eabi/lib/thumb/v7-m/nofp/libc_nano.a(lib_a-nano-freer.o)
 .ARM.attributes
                0x000000000000011d       0x2d /home/ilia/projects/gcc-arm-none-eabi-9-2019-q4-major/bin/../lib/gcc/arm-none-eabi/9.2.1/../../../../arm-none-eabi/lib/thumb/v7-m/nofp/libc_nano.a(lib_a-nano-mallocr.o)
 .ARM.attributes
                0x000000000000014a       0x2d /home/ilia/projects/gcc-arm-none-eabi-9-2019-q4-major/bin/../lib/gcc/arm-none-eabi/9.2.1/../../../../arm-none-eabi/lib/thumb/v7-m/nofp/libc_nano.a(lib_a-sbrkr.o)
 .ARM.attributes
                0x0000000000000177       0x2d /home/ilia/projects/gcc-arm-none-eabi-9-2019-q4-major/bin/../lib/gcc/arm-none-eabi/9.2.1/../../../../arm-none-eabi/lib/thumb/v7-m/nofp/libc_nano.a(lib_a-mlock.o)
 .ARM.attributes
                0x00000000000001a4       0x2d /home/ilia/projects/gcc-arm-none-eabi-9-2019-q4-major/bin/../lib/gcc/arm-none-eabi/9.2.1/../../../../arm-none-eabi/lib/thumb/v7-m/nofp/libc_nano.a(lib_a-reent.o)
 .ARM.attributes
                0x00000000000001d1       0x2d /home/ilia/projects/gcc-arm-none-eabi-9-2019-q4-major/bin/../lib/gcc/arm-none-eabi/9.2.1/../../../../arm-none-eabi/lib/thumb/v7-m/nofp/libc_nano.a(lib_a-memcpy-stub.o)
 .ARM.attributes
                0x00000000000001fe       0x2d /home/ilia/projects/gcc-arm-none-eabi-9-2019-q4-major/bin/../lib/gcc/arm-none-eabi/9.2.1/../../../../arm-none-eabi/lib/thumb/v7-m/nofp/libc_nano.a(lib_a-sprintf.o)
 .ARM.attributes
                0x000000000000022b       0x2d /home/ilia/projects/gcc-arm-none-eabi-9-2019-q4-major/bin/../lib/gcc/arm-none-eabi/9.2.1/../../../../arm-none-eabi/lib/thumb/v7-m/nofp/libc_nano.a(lib_a-sscanf.o)
 .ARM.attributes
                0x0000000000000258       0x2d /home/ilia/projects/gcc-arm-none-eabi-9-2019-q4-major/bin/../lib/gcc/arm-none-eabi/9.2.1/../../../../arm-none-eabi/lib/thumb/v7-m/nofp/libc_nano.a(lib_a-stdio.o)
 .ARM.attributes
                0x0000000000000285       0x2d /home/ilia/projects/gcc-arm-none-eabi-9-2019-q4-major/bin/../lib/gcc/arm-none-eabi/9.2.1/../../../../arm-none-eabi/lib/thumb/v7-m/nofp/libc_nano.a(lib_a-strcpy.o)
 .ARM.attributes
                0x00000000000002b2       0x17 /home/ilia/projects/gcc-arm-none-eabi-9-2019-q4-major/bin/../lib/gcc/arm-none-eabi/9.2.1/../../../../arm-none-eabi/lib/thumb/v7-m/nofp/libc_nano.a(lib_a-strlen.o)
 .ARM.attributes
                0x00000000000002c9       0x2d /home/ilia/projects/gcc-arm-none-eabi-9-2019-q4-major/bin/../lib/gcc/arm-none-eabi/9.2.1/../../../../arm-none-eabi/lib/thumb/v7-m/nofp/libc_nano.a(lib_a-strstr.o)
 .ARM.attributes
                0x00000000000002f6       0x2d /home/ilia/projects/gcc-arm-none-eabi-9-2019-q4-major/bin/../lib/gcc/arm-none-eabi/9.2.1/../../../../arm-none-eabi/lib/thumb/v7-m/nofp/libc_nano.a(lib_a-nano-svfprintf.o)
 .ARM.attributes
                0x0000000000000323       0x2d /home/ilia/projects/gcc-arm-none-eabi-9-2019-q4-major/bin/../lib/gcc/arm-none-eabi/9.2.1/../../../../arm-none-eabi/lib/thumb/v7-m/nofp/libc_nano.a(lib_a-nano-svfscanf.o)
 .ARM.attributes
                0x0000000000000350       0x2d /home/ilia/projects/gcc-arm-none-eabi-9-2019-q4-major/bin/../lib/gcc/arm-none-eabi/9.2.1/../../../../arm-none-eabi/lib/thumb/v7-m/nofp/libc_nano.a(lib_a-nano-vfprintf_i.o)
 .ARM.attributes
                0x000000000000037d       0x2d /home/ilia/projects/gcc-arm-none-eabi-9-2019-q4-major/bin/../lib/gcc/arm-none-eabi/9.2.1/../../../../arm-none-eabi/lib/thumb/v7-m/nofp/libc_nano.a(lib_a-nano-vfscanf_i.o)
 .ARM.attributes
                0x00000000000003aa       0x2d /home/ilia/projects/gcc-arm-none-eabi-9-2019-q4-major/bin/../lib/gcc/arm-none-eabi/9.2.1/../../../../arm-none-eabi/lib/thumb/v7-m/nofp/libc_nano.a(lib_a-sccl.o)
 .ARM.attributes
                0x00000000000003d7       0x2d /home/ilia/projects/gcc-arm-none-eabi-9-2019-q4-major/bin/../lib/gcc/arm-none-eabi/9.2.1/../../../../arm-none-eabi/lib/thumb/v7-m/nofp/libc_nano.a(lib_a-strtol.o)
 .ARM.attributes
                0x0000000000000404       0x2d /home/ilia/projects/gcc-arm-none-eabi-9-2019-q4-major/bin/../lib/gcc/arm-none-eabi/9.2.1/../../../../arm-none-eabi/lib/thumb/v7-m/nofp/libc_nano.a(lib_a-strtoul.o)
 .ARM.attributes
                0x0000000000000431       0x2d /home/ilia/projects/gcc-arm-none-eabi-9-2019-q4-major/bin/../lib/gcc/arm-none-eabi/9.2.1/../../../../arm-none-eabi/lib/thumb/v7-m/nofp/libc_nano.a(lib_a-ungetc.o)
 .ARM.attributes
                0x000000000000045e       0x2d /home/ilia/projects/gcc-arm-none-eabi-9-2019-q4-major/bin/../lib/gcc/arm-none-eabi/9.2.1/../../../../arm-none-eabi/lib/thumb/v7-m/nofp/libc_nano.a(lib_a-ctype_.o)
 .ARM.attributes
                0x000000000000048b       0x2d /home/ilia/projects/gcc-arm-none-eabi-9-2019-q4-major/bin/../lib/gcc/arm-none-eabi/9.2.1/../../../../arm-none-eabi/lib/thumb/v7-m/nofp/libc_nano.a(lib_a-memchr-stub.o)
 .ARM.attributes
                0x00000000000004b8       0x2d /home/ilia/projects/gcc-arm-none-eabi-9-2019-q4-major/bin/../lib/gcc/arm-none-eabi/9.2.1/../../../../arm-none-eabi/lib/thumb/v7-m/nofp/libc_nano.a(lib_a-memmove.o)
 .ARM.attributes
                0x00000000000004e5       0x2d /home/ilia/projects/gcc-arm-none-eabi-9-2019-q4-major/bin/../lib/gcc/arm-none-eabi/9.2.1/../../../../arm-none-eabi/lib/thumb/v7-m/nofp/libc_nano.a(lib_a-nano-reallocr.o)
 .ARM.attributes
                0x0000000000000512       0x2d /home/ilia/projects/gcc-arm-none-eabi-9-2019-q4-major/bin/../lib/gcc/arm-none-eabi/9.2.1/../../../../arm-none-eabi/lib/thumb/v7-m/nofp/libc_nano.a(lib_a-nano-msizer.o)
 .ARM.attributes
                0x000000000000053f       0x2d /home/ilia/projects/gcc-arm-none-eabi-9-2019-q4-major/bin/../lib/gcc/arm-none-eabi/9.2.1/../../../../arm-none-eabi/lib/thumb/v7-m/nofp/libnosys.a(sbrk.o)
 .ARM.attributes
                0x000000000000056c       0x1d /home/ilia/projects/gcc-arm-none-eabi-9-2019-q4-major/bin/../lib/gcc/arm-none-eabi/9.2.1/thumb/v7-m/nofp/libgcc.a(_arm_muldf3.o)
 .ARM.attributes
                0x0000000000000589       0x1d /home/ilia/projects/gcc-arm-none-eabi-9-2019-q4-major/bin/../lib/gcc/arm-none-eabi/9.2.1/thumb/v7-m/nofp/libgcc.a(_arm_addsubdf3.o)
 .ARM.attributes
                0x00000000000005a6       0x1d /home/ilia/projects/gcc-arm-none-eabi-9-2019-q4-major/bin/../lib/gcc/arm-none-eabi/9.2.1/thumb/v7-m/nofp/libgcc.a(_arm_fixunsdfsi.o)
 .ARM.attributes
                0x00000000000005c3       0x1d /home/ilia/projects/gcc-arm-none-eabi-9-2019-q4-major/bin/../lib/gcc/arm-none-eabi/9.2.1/thumb/v7-m/nofp/libgcc.a(_arm_addsubsf3.o)
 .ARM.attributes
                0x00000000000005e0       0x1d /home/ilia/projects/gcc-arm-none-eabi-9-2019-q4-major/bin/../lib/gcc/arm-none-eabi/9.2.1/thumb/v7-m/nofp/libgcc.a(_arm_muldivsf3.o)
 .ARM.attributes
                0x00000000000005fd       0x1d /home/ilia/projects/gcc-arm-none-eabi-9-2019-q4-major/bin/../lib/gcc/arm-none-eabi/9.2.1/thumb/v7-m/nofp/libgcc.a(_arm_fixunssfsi.o)
 .ARM.attributes
                0x000000000000061a       0x1d /home/ilia/projects/gcc-arm-none-eabi-9-2019-q4-major/bin/../lib/gcc/arm-none-eabi/9.2.1/thumb/v7-m/nofp/crtn.o
LOAD CMakeFiles/release_STM32F103CB.dir/startup_stm32f103xb.s.obj
LOAD /tmp/release_STM32F103CB.HnlVdB.ltrans0.ltrans.o
LOAD /tmp/ccWkwtaF.debug.temp.o
LOAD /tmp/ccvsd1SD.debug.temp.o
LOAD /tmp/ccAAp8YE.debug.temp.o
LOAD /tmp/ccn8lXYB.debug.temp.o
LOAD /tmp/ccZW8HYD.debug.temp.o
LOAD /tmp/ccco3xME.debug.temp.o
LOAD /tmp/ccZDu72D.debug.temp.o
LOAD /tmp/ccZn7VNC.debug.temp.o
LOAD /tmp/cc7xuJtF.debug.temp.o
LOAD /tmp/ccFvK6pC.debug.temp.o
LOAD /tmp/ccA4cZtD.debug.temp.o
LOAD /tmp/ccFK8cKE.debug.temp.o
LOAD /tmp/ccDS53IE.debug.temp.o
LOAD /tmp/ccYOvtbF.debug.temp.o
LOAD /tmp/ccZH0mmE.debug.temp.o
LOAD /tmp/cc1RWHPB.debug.temp.o
LOAD /tmp/ccD7OtUE.debug.temp.o
LOAD /tmp/ccpDz4wF.debug.temp.o
LOAD /tmp/ccsztwxF.debug.temp.o
LOAD /tmp/ccHLn2YD.debug.temp.o
LOAD /tmp/ccnTkRVB.debug.temp.o
LOAD /tmp/ccg9xzsE.debug.temp.o
LOAD /tmp/ccCQXYFB.debug.temp.o
LOAD /tmp/ccDdDdaB.debug.temp.o
LOAD /tmp/ccJJUNRC.debug.temp.o
LOAD /tmp/cc4iYgTD.debug.temp.o
LOAD /tmp/ccHeToFF.debug.temp.o
LOAD /tmp/cc6CsPeE.debug.temp.o
LOAD /tmp/ccv9pcvF.debug.temp.o
LOAD /tmp/cc00YRjF.debug.temp.o
LOAD /tmp/ccdARqFF.debug.temp.o
LOAD /tmp/ccI20JCE.debug.temp.o
LOAD /tmp/ccO9UisB.debug.temp.o
LOAD /tmp/ccAa158D.debug.temp.o
LOAD /tmp/ccnt8ghC.debug.temp.o
LOAD /tmp/ccxHctzC.debug.temp.o
LOAD /tmp/ccUZaTYD.debug.temp.o
LOAD /tmp/ccZlzgrE.debug.temp.o
LOAD /tmp/cckzwSWB.debug.temp.o
LOAD /tmp/cccoNhrE.debug.temp.o
LOAD /tmp/ccQ8nJEB.debug.temp.o
LOAD /home/ilia/projects/gcc-arm-none-eabi-9-2019-q4-major/bin/../lib/gcc/arm-none-eabi/9.2.1/../../../../arm-none-eabi/lib/thumb/v7-m/nofp/libc_nano.a
LOAD /home/ilia/projects/gcc-arm-none-eabi-9-2019-q4-major/bin/../lib/gcc/arm-none-eabi/9.2.1/../../../../arm-none-eabi/lib/thumb/v7-m/nofp/libm.a
LOAD /home/ilia/projects/gcc-arm-none-eabi-9-2019-q4-major/bin/../lib/gcc/arm-none-eabi/9.2.1/../../../../arm-none-eabi/lib/thumb/v7-m/nofp/libnosys.a
START GROUP
LOAD /home/ilia/projects/gcc-arm-none-eabi-9-2019-q4-major/bin/../lib/gcc/arm-none-eabi/9.2.1/thumb/v7-m/nofp/libgcc.a
LOAD /home/ilia/projects/gcc-arm-none-eabi-9-2019-q4-major/bin/../lib/gcc/arm-none-eabi/9.2.1/../../../../arm-none-eabi/lib/thumb/v7-m/nofp/libg_nano.a
LOAD /home/ilia/projects/gcc-arm-none-eabi-9-2019-q4-major/bin/../lib/gcc/arm-none-eabi/9.2.1/../../../../arm-none-eabi/lib/thumb/v7-m/nofp/libc_nano.a
END GROUP
START GROUP
LOAD /home/ilia/projects/gcc-arm-none-eabi-9-2019-q4-major/bin/../lib/gcc/arm-none-eabi/9.2.1/thumb/v7-m/nofp/libgcc.a
LOAD /home/ilia/projects/gcc-arm-none-eabi-9-2019-q4-major/bin/../lib/gcc/arm-none-eabi/9.2.1/../../../../arm-none-eabi/lib/thumb/v7-m/nofp/libc_nano.a
LOAD /home/ilia/projects/gcc-arm-none-eabi-9-2019-q4-major/bin/../lib/gcc/arm-none-eabi/9.2.1/../../../../arm-none-eabi/lib/thumb/v7-m/nofp/libnosys.a
END GROUP
START GROUP
LOAD /home/ilia/projects/gcc-arm-none-eabi-9-2019-q4-major/bin/../lib/gcc/arm-none-eabi/9.2.1/thumb/v7-m/nofp/libgcc.a
LOAD /home/ilia/projects/gcc-arm-none-eabi-9-2019-q4-major/bin/../lib/gcc/arm-none-eabi/9.2.1/../../../../arm-none-eabi/lib/thumb/v7-m/nofp/libc_nano.a
LOAD /home/ilia/projects/gcc-arm-none-eabi-9-2019-q4-major/bin/../lib/gcc/arm-none-eabi/9.2.1/../../../../arm-none-eabi/lib/thumb/v7-m/nofp/libnosys.a
END GROUP
LOAD /home/ilia/projects/gcc-arm-none-eabi-9-2019-q4-major/bin/../lib/gcc/arm-none-eabi/9.2.1/thumb/v7-m/nofp/crtend.o
LOAD /home/ilia/projects/gcc-arm-none-eabi-9-2019-q4-major/bin/../lib/gcc/arm-none-eabi/9.2.1/thumb/v7-m/nofp/crtn.o
OUTPUT(release_STM32F103CB elf32-littlearm)

.debug_line     0x0000000000000000     0xd5bd
 .debug_line    0x0000000000000000       0x9a CMakeFiles/release_STM32F103CB.dir/startup_stm32f103xb.s.obj
 .debug_line    0x000000000000009a     0x5033 /tmp/release_STM32F103CB.HnlVdB.ltrans0.ltrans.o
 .debug_line    0x00000000000050cd      0x11f /tmp/ccWkwtaF.debug.temp.o
 .debug_line    0x00000000000051ec      0x15a /tmp/ccvsd1SD.debug.temp.o
 .debug_line    0x0000000000005346      0x1de /tmp/ccAAp8YE.debug.temp.o
 .debug_line    0x0000000000005524      0x19a /tmp/ccn8lXYB.debug.temp.o
 .debug_line    0x00000000000056be      0x1f0 /tmp/ccZW8HYD.debug.temp.o
 .debug_line    0x00000000000058ae      0x1f4 /tmp/ccco3xME.debug.temp.o
 .debug_line    0x0000000000005aa2      0x1f2 /tmp/ccZDu72D.debug.temp.o
 .debug_line    0x0000000000005c94      0x1f0 /tmp/ccZn7VNC.debug.temp.o
 .debug_line    0x0000000000005e84      0x203 /tmp/cc7xuJtF.debug.temp.o
 .debug_line    0x0000000000006087      0x207 /tmp/ccFvK6pC.debug.temp.o
 .debug_line    0x000000000000628e      0x19b /tmp/ccA4cZtD.debug.temp.o
 .debug_line    0x0000000000006429      0x4ba /tmp/ccDS53IE.debug.temp.o
 .debug_line    0x00000000000068e3      0x4b6 /tmp/ccYOvtbF.debug.temp.o
 .debug_line    0x0000000000006d99      0x4d0 /tmp/ccZH0mmE.debug.temp.o
 .debug_line    0x0000000000007269      0x4cc /tmp/cc1RWHPB.debug.temp.o
 .debug_line    0x0000000000007735      0x4c1 /tmp/ccD7OtUE.debug.temp.o
 .debug_line    0x0000000000007bf6      0x4bf /tmp/ccpDz4wF.debug.temp.o
 .debug_line    0x00000000000080b5      0x51c /tmp/ccsztwxF.debug.temp.o
 .debug_line    0x00000000000085d1      0x52b /tmp/ccHLn2YD.debug.temp.o
 .debug_line    0x0000000000008afc      0x1f0 /tmp/ccg9xzsE.debug.temp.o
 .debug_line    0x0000000000008cec      0x4c9 /tmp/ccCQXYFB.debug.temp.o
 .debug_line    0x00000000000091b5      0x4d3 /tmp/ccJJUNRC.debug.temp.o
 .debug_line    0x0000000000009688      0x4ee /tmp/cc4iYgTD.debug.temp.o
 .debug_line    0x0000000000009b76      0x4c3 /tmp/ccHeToFF.debug.temp.o
 .debug_line    0x000000000000a039      0x4d6 /tmp/cc6CsPeE.debug.temp.o
 .debug_line    0x000000000000a50f      0x4c5 /tmp/ccv9pcvF.debug.temp.o
 .debug_line    0x000000000000a9d4      0x4b1 /tmp/cc00YRjF.debug.temp.o
 .debug_line    0x000000000000ae85      0x504 /tmp/ccdARqFF.debug.temp.o
 .debug_line    0x000000000000b389      0x4d3 /tmp/ccO9UisB.debug.temp.o
 .debug_line    0x000000000000b85c      0x507 /tmp/ccAa158D.debug.temp.o
 .debug_line    0x000000000000bd63      0x4bd /tmp/ccnt8ghC.debug.temp.o
 .debug_line    0x000000000000c220      0x4bd /tmp/ccxHctzC.debug.temp.o
 .debug_line    0x000000000000c6dd      0x4c9 /tmp/ccUZaTYD.debug.temp.o
 .debug_line    0x000000000000cba6       0x80 /tmp/ccZlzgrE.debug.temp.o
 .debug_line    0x000000000000cc26      0x4e1 /tmp/cckzwSWB.debug.temp.o
 .debug_line    0x000000000000d107      0x4b6 /tmp/cccoNhrE.debug.temp.o

.debug_info     0x0000000000000000    0x35697
 .debug_info    0x0000000000000000       0x22 CMakeFiles/release_STM32F103CB.dir/startup_stm32f103xb.s.obj
 .debug_info    0x0000000000000022     0x5e61 /tmp/release_STM32F103CB.HnlVdB.ltrans0.ltrans.o
 .debug_info    0x0000000000005e83      0x425 /tmp/ccWkwtaF.debug.temp.o
                0x0000000000005e83                core_cm3.c.deb20af5
 .debug_info    0x00000000000062a8      0x43c /tmp/ccvsd1SD.debug.temp.o
                0x00000000000062a8                system_stm32f10x.c.3d722c0d
 .debug_info    0x00000000000066e4      0x4d2 /tmp/ccAAp8YE.debug.temp.o
                0x00000000000066e4                misc.c.0b7c0c6a
 .debug_info    0x0000000000006bb6      0x1c1 /tmp/ccn8lXYB.debug.temp.o
                0x0000000000006bb6                stm32f10x_crc.c.0fa9b5ab
 .debug_info    0x0000000000006d77      0x3f8 /tmp/ccZW8HYD.debug.temp.o
                0x0000000000006d77                stm32f10x_dma.c.d7e0e65c
 .debug_info    0x000000000000716f      0x673 /tmp/ccco3xME.debug.temp.o
                0x000000000000716f                stm32f10x_flash.c.03d13300
 .debug_info    0x00000000000077e2      0x60c /tmp/ccZDu72D.debug.temp.o
                0x00000000000077e2                stm32f10x_gpio.c.4377d4e0
 .debug_info    0x0000000000007dee      0x71e /tmp/ccZn7VNC.debug.temp.o
                0x0000000000007dee                stm32f10x_rcc.c.2cce7a80
 .debug_info    0x000000000000850c      0x7d9 /tmp/cc7xuJtF.debug.temp.o
                0x000000000000850c                stm32f10x_spi.c.f3dc168c
 .debug_info    0x0000000000008ce5      0x874 /tmp/ccFvK6pC.debug.temp.o
                0x0000000000008ce5                stm32f10x_usart.c.f23339a4
 .debug_info    0x0000000000009559      0x1c5 /tmp/ccA4cZtD.debug.temp.o
                0x0000000000009559                stm32f10x_iwdg.c.b94fed54
 .debug_info    0x000000000000971e     0x1c85 /tmp/ccDS53IE.debug.temp.o
                0x000000000000971e                endianes.c.b4581275
 .debug_info    0x000000000000b3a3     0x1b22 /tmp/ccYOvtbF.debug.temp.o
                0x000000000000b3a3                fifo.c.ea79f0fc
 .debug_info    0x000000000000cec5     0x1fe8 /tmp/ccZH0mmE.debug.temp.o
                0x000000000000cec5                sx1276_transc.c.e3ccf851
 .debug_info    0x000000000000eead     0x1acf /tmp/cc1RWHPB.debug.temp.o
                0x000000000000eead                delay.c.262fb4fb
 .debug_info    0x000000000001097c     0x1b33 /tmp/ccD7OtUE.debug.temp.o
                0x000000000001097c                crc32.c.dbee9b57
 .debug_info    0x00000000000124af     0x1e52 /tmp/ccpDz4wF.debug.temp.o
                0x00000000000124af                rcc.c.42786eb9
 .debug_info    0x0000000000014301     0x1c06 /tmp/ccsztwxF.debug.temp.o
                0x0000000000014301                randomizer.c.6442439a
 .debug_info    0x0000000000015f07     0x20b7 /tmp/ccHLn2YD.debug.temp.o
                0x0000000000015f07                uart.c.ebf91315
 .debug_info    0x0000000000017fbe      0x991 /tmp/ccg9xzsE.debug.temp.o
                0x0000000000017fbe                stm32f10x_adc.c.28e1f83a
 .debug_info    0x000000000001894f     0x1f8a /tmp/ccCQXYFB.debug.temp.o
                0x000000000001894f                systick_timer.c.601ae41e
 .debug_info    0x000000000001a8d9     0x1b22 /tmp/ccJJUNRC.debug.temp.o
                0x000000000001a8d9                spi_bitbang.c.33e27f14
 .debug_info    0x000000000001c3fb     0x1d8d /tmp/cc4iYgTD.debug.temp.o
                0x000000000001c3fb                at25db321_fileStrorage.c.6cfc935e
 .debug_info    0x000000000001e188     0x1de4 /tmp/ccHeToFF.debug.temp.o
                0x000000000001e188                at25df.c.9f49e773
 .debug_info    0x000000000001ff6c     0x1dfc /tmp/cc6CsPeE.debug.temp.o
                0x000000000001ff6c                uni_eeprom.c.88e5f38b
 .debug_info    0x0000000000021d68     0x1d20 /tmp/ccv9pcvF.debug.temp.o
                0x0000000000021d68                uni_flash.c.5f43ec99
 .debug_info    0x0000000000023a88     0x1b2c /tmp/cc00YRjF.debug.temp.o
                0x0000000000023a88                main.c.f2c89ae8
 .debug_info    0x00000000000255b4     0x20ad /tmp/ccdARqFF.debug.temp.o
                0x00000000000255b4                low_level0.c.5c415ddc
 .debug_info    0x0000000000027661     0x1d9f /tmp/ccO9UisB.debug.temp.o
                0x0000000000027661                rf_parser.c.ded12945
 .debug_info    0x0000000000029400     0x1e77 /tmp/ccAa158D.debug.temp.o
                0x0000000000029400                fileTransfer.c.269df068
 .debug_info    0x000000000002b277     0x1cbb /tmp/ccnt8ghC.debug.temp.o
                0x000000000002b277                display_kingbright.c.16c923ee
 .debug_info    0x000000000002cf32     0x1a6d /tmp/ccxHctzC.debug.temp.o
                0x000000000002cf32                buttons.c.45dfd56a
 .debug_info    0x000000000002e99f     0x1ace /tmp/ccUZaTYD.debug.temp.o
                0x000000000002e99f                display_menu.c.6036bbc4
 .debug_info    0x000000000003046d     0x13f1 /tmp/ccZlzgrE.debug.temp.o
                0x000000000003046d                ff.c.880550d3
 .debug_info    0x000000000003185e     0x22bb /tmp/cckzwSWB.debug.temp.o
                0x000000000003185e                fatfs_diskio_sdcard_spi.c.f449c3a7
 .debug_info    0x0000000000033b19     0x1b7e /tmp/cccoNhrE.debug.temp.o
                0x0000000000033b19                player.c.0cbbf401

.debug_abbrev   0x0000000000000000     0x4e8b
 .debug_abbrev  0x0000000000000000       0x12 CMakeFiles/release_STM32F103CB.dir/startup_stm32f103xb.s.obj
 .debug_abbrev  0x0000000000000012      0x2f9 /tmp/release_STM32F103CB.HnlVdB.ltrans0.ltrans.o
 .debug_abbrev  0x000000000000030b       0x97 /tmp/ccWkwtaF.debug.temp.o
 .debug_abbrev  0x00000000000003a2      0x191 /tmp/ccvsd1SD.debug.temp.o
 .debug_abbrev  0x0000000000000533      0x18d /tmp/ccAAp8YE.debug.temp.o
 .debug_abbrev  0x00000000000006c0      0x115 /tmp/ccn8lXYB.debug.temp.o
 .debug_abbrev  0x00000000000007d5      0x178 /tmp/ccZW8HYD.debug.temp.o
 .debug_abbrev  0x000000000000094d      0x173 /tmp/ccco3xME.debug.temp.o
 .debug_abbrev  0x0000000000000ac0      0x1d2 /tmp/ccZDu72D.debug.temp.o
 .debug_abbrev  0x0000000000000c92      0x1a2 /tmp/ccZn7VNC.debug.temp.o
 .debug_abbrev  0x0000000000000e34      0x187 /tmp/cc7xuJtF.debug.temp.o
 .debug_abbrev  0x0000000000000fbb      0x187 /tmp/ccFvK6pC.debug.temp.o
 .debug_abbrev  0x0000000000001142      0x11e /tmp/ccA4cZtD.debug.temp.o
 .debug_abbrev  0x0000000000001260      0x253 /tmp/ccDS53IE.debug.temp.o
 .debug_abbrev  0x00000000000014b3      0x24d /tmp/ccYOvtbF.debug.temp.o
 .debug_abbrev  0x0000000000001700      0x2d3 /tmp/ccZH0mmE.debug.temp.o
 .debug_abbrev  0x00000000000019d3      0x219 /tmp/cc1RWHPB.debug.temp.o
 .debug_abbrev  0x0000000000001bec      0x26b /tmp/ccD7OtUE.debug.temp.o
 .debug_abbrev  0x0000000000001e57      0x209 /tmp/ccpDz4wF.debug.temp.o
 .debug_abbrev  0x0000000000002060      0x21d /tmp/ccsztwxF.debug.temp.o
 .debug_abbrev  0x000000000000227d      0x32b /tmp/ccHLn2YD.debug.temp.o
 .debug_abbrev  0x00000000000025a8      0x19a /tmp/ccg9xzsE.debug.temp.o
 .debug_abbrev  0x0000000000002742      0x2db /tmp/ccCQXYFB.debug.temp.o
 .debug_abbrev  0x0000000000002a1d      0x260 /tmp/ccJJUNRC.debug.temp.o
 .debug_abbrev  0x0000000000002c7d      0x291 /tmp/cc4iYgTD.debug.temp.o
 .debug_abbrev  0x0000000000002f0e      0x335 /tmp/ccHeToFF.debug.temp.o
 .debug_abbrev  0x0000000000003243      0x2a5 /tmp/cc6CsPeE.debug.temp.o
 .debug_abbrev  0x00000000000034e8      0x2d9 /tmp/ccv9pcvF.debug.temp.o
 .debug_abbrev  0x00000000000037c1      0x259 /tmp/cc00YRjF.debug.temp.o
 .debug_abbrev  0x0000000000003a1a      0x231 /tmp/ccdARqFF.debug.temp.o
 .debug_abbrev  0x0000000000003c4b      0x23e /tmp/ccO9UisB.debug.temp.o
 .debug_abbrev  0x0000000000003e89      0x23d /tmp/ccAa158D.debug.temp.o
 .debug_abbrev  0x00000000000040c6      0x24a /tmp/ccnt8ghC.debug.temp.o
 .debug_abbrev  0x0000000000004310      0x205 /tmp/ccxHctzC.debug.temp.o
 .debug_abbrev  0x0000000000004515      0x212 /tmp/ccUZaTYD.debug.temp.o
 .debug_abbrev  0x0000000000004727      0x160 /tmp/ccZlzgrE.debug.temp.o
 .debug_abbrev  0x0000000000004887      0x374 /tmp/cckzwSWB.debug.temp.o
 .debug_abbrev  0x0000000000004bfb      0x290 /tmp/cccoNhrE.debug.temp.o

.debug_aranges  0x0000000000000000      0x270
 .debug_aranges
                0x0000000000000000       0x28 CMakeFiles/release_STM32F103CB.dir/startup_stm32f103xb.s.obj
 .debug_aranges
                0x0000000000000028      0x248 /tmp/release_STM32F103CB.HnlVdB.ltrans0.ltrans.o

.debug_str      0x0000000000000000     0x5f0e
 .debug_str     0x0000000000000000       0x7a CMakeFiles/release_STM32F103CB.dir/startup_stm32f103xb.s.obj
 .debug_str     0x000000000000007a      0x151 /tmp/release_STM32F103CB.HnlVdB.ltrans0.ltrans.o
                                        0x193 (size before relaxing)
 .debug_str     0x00000000000001cb      0x2b2 /tmp/ccWkwtaF.debug.temp.o
                                        0x34b (size before relaxing)
 .debug_str     0x000000000000047d      0x172 /tmp/ccvsd1SD.debug.temp.o
                                        0x345 (size before relaxing)
 .debug_str     0x00000000000005ef      0x219 /tmp/ccAAp8YE.debug.temp.o
                                        0x440 (size before relaxing)
 .debug_str     0x0000000000000808       0xe2 /tmp/ccn8lXYB.debug.temp.o
                                        0x2c3 (size before relaxing)
 .debug_str     0x00000000000008ea      0x23d /tmp/ccZW8HYD.debug.temp.o
                                        0x43f (size before relaxing)
 .debug_str     0x0000000000000b27      0x417 /tmp/ccco3xME.debug.temp.o
                                        0x670 (size before relaxing)
 .debug_str     0x0000000000000f3e      0x38c /tmp/ccZDu72D.debug.temp.o
                                        0x5a1 (size before relaxing)
 .debug_str     0x00000000000012ca      0x3f2 /tmp/ccZn7VNC.debug.temp.o
                                        0x6a2 (size before relaxing)
 .debug_str     0x00000000000016bc      0x3ab /tmp/cc7xuJtF.debug.temp.o
                                        0x685 (size before relaxing)
 .debug_str     0x0000000000001a67      0x438 /tmp/ccFvK6pC.debug.temp.o
                                        0x718 (size before relaxing)
 .debug_str     0x0000000000001e9f       0xf0 /tmp/ccA4cZtD.debug.temp.o
                                        0x2e4 (size before relaxing)
 .debug_str     0x0000000000001f8f      0xf63 /tmp/ccDS53IE.debug.temp.o
                                       0x1327 (size before relaxing)
 .debug_str     0x0000000000002ef2       0x9c /tmp/ccYOvtbF.debug.temp.o
                                       0x1242 (size before relaxing)
 .debug_str     0x0000000000002f8e      0x631 /tmp/ccZH0mmE.debug.temp.o
                                       0x17fe (size before relaxing)
 .debug_str     0x00000000000035bf       0xad /tmp/cc1RWHPB.debug.temp.o
                                       0x1260 (size before relaxing)
 .debug_str     0x000000000000366c       0x8e /tmp/ccD7OtUE.debug.temp.o
                                       0x124d (size before relaxing)
 .debug_str     0x00000000000036fa      0x182 /tmp/ccpDz4wF.debug.temp.o
                                       0x1370 (size before relaxing)
 .debug_str     0x000000000000387c       0xdb /tmp/ccsztwxF.debug.temp.o
                                       0x12fe (size before relaxing)
 .debug_str     0x0000000000003957      0x493 /tmp/ccHLn2YD.debug.temp.o
                                       0x17d3 (size before relaxing)
 .debug_str     0x0000000000003dea      0x463 /tmp/ccg9xzsE.debug.temp.o
                                        0x783 (size before relaxing)
 .debug_str     0x000000000000424d      0x12d /tmp/ccCQXYFB.debug.temp.o
                                       0x1657 (size before relaxing)
 .debug_str     0x000000000000437a       0x8e /tmp/ccJJUNRC.debug.temp.o
                                       0x126e (size before relaxing)
 .debug_str     0x0000000000004408      0x27c /tmp/cc4iYgTD.debug.temp.o
                                       0x145b (size before relaxing)
 .debug_str     0x0000000000004684      0x5c5 /tmp/ccHeToFF.debug.temp.o
                                       0x177c (size before relaxing)
 .debug_str     0x0000000000004c49      0x32b /tmp/cc6CsPeE.debug.temp.o
                                       0x1531 (size before relaxing)
 .debug_str     0x0000000000004f74      0x228 /tmp/ccv9pcvF.debug.temp.o
                                       0x1447 (size before relaxing)
 .debug_str     0x000000000000519c       0xdb /tmp/cc00YRjF.debug.temp.o
                                       0x12e9 (size before relaxing)
 .debug_str     0x0000000000005277       0x8a /tmp/ccdARqFF.debug.temp.o
                                       0x16c5 (size before relaxing)
 .debug_str     0x0000000000005301       0xf2 /tmp/ccO9UisB.debug.temp.o
                                       0x1410 (size before relaxing)
 .debug_str     0x00000000000053f3      0x26f /tmp/ccAa158D.debug.temp.o
                                       0x145c (size before relaxing)
 .debug_str     0x0000000000005662      0x13a /tmp/ccnt8ghC.debug.temp.o
                                       0x130c (size before relaxing)
 .debug_str     0x000000000000579c       0x89 /tmp/ccxHctzC.debug.temp.o
                                       0x122f (size before relaxing)
 .debug_str     0x0000000000005825       0xad /tmp/ccUZaTYD.debug.temp.o
                                       0x128f (size before relaxing)
 .debug_str     0x00000000000058d2      0x2a5 /tmp/ccZlzgrE.debug.temp.o
                                        0x661 (size before relaxing)
 .debug_str     0x0000000000005b77      0x24d /tmp/cckzwSWB.debug.temp.o
                                       0x148e (size before relaxing)
 .debug_str     0x0000000000005dc4      0x14a /tmp/cccoNhrE.debug.temp.o
                                       0x12fa (size before relaxing)

.debug_ranges   0x0000000000000000     0x19d0
 .debug_ranges  0x0000000000000000       0x20 CMakeFiles/release_STM32F103CB.dir/startup_stm32f103xb.s.obj
 .debug_ranges  0x0000000000000020     0x19b0 /tmp/release_STM32F103CB.HnlVdB.ltrans0.ltrans.o

.debug_loc      0x0000000000000000     0x6cf3
 .debug_loc     0x0000000000000000     0x6cf3 /tmp/release_STM32F103CB.HnlVdB.ltrans0.ltrans.o

.comment        0x0000000000000000       0x79
 .comment       0x0000000000000000       0x79 /tmp/release_STM32F103CB.HnlVdB.ltrans0.ltrans.o
                                         0x7a (size before relaxing)

.debug_frame    0x0000000000000000     0x115c
 .debug_frame   0x0000000000000000      0x84c /tmp/release_STM32F103CB.HnlVdB.ltrans0.ltrans.o
 .debug_frame   0x000000000000084c       0x44 /home/ilia/projects/gcc-arm-none-eabi-9-2019-q4-major/bin/../lib/gcc/arm-none-eabi/9.2.1/../../../../arm-none-eabi/lib/thumb/v7-m/nofp/libc_nano.a(lib_a-rand.o)
 .debug_frame   0x0000000000000890       0x30 /home/ilia/projects/gcc-arm-none-eabi-9-2019-q4-major/bin/../lib/gcc/arm-none-eabi/9.2.1/../../../../arm-none-eabi/lib/thumb/v7-m/nofp/libc_nano.a(lib_a-malloc.o)
 .debug_frame   0x00000000000008c0       0x38 /home/ilia/projects/gcc-arm-none-eabi-9-2019-q4-major/bin/../lib/gcc/arm-none-eabi/9.2.1/../../../../arm-none-eabi/lib/thumb/v7-m/nofp/libc_nano.a(lib_a-nano-freer.o)
 .debug_frame   0x00000000000008f8       0x30 /home/ilia/projects/gcc-arm-none-eabi-9-2019-q4-major/bin/../lib/gcc/arm-none-eabi/9.2.1/../../../../arm-none-eabi/lib/thumb/v7-m/nofp/libc_nano.a(lib_a-nano-mallocr.o)
 .debug_frame   0x0000000000000928       0x2c /home/ilia/projects/gcc-arm-none-eabi-9-2019-q4-major/bin/../lib/gcc/arm-none-eabi/9.2.1/../../../../arm-none-eabi/lib/thumb/v7-m/nofp/libc_nano.a(lib_a-sbrkr.o)
 .debug_frame   0x0000000000000954       0x30 /home/ilia/projects/gcc-arm-none-eabi-9-2019-q4-major/bin/../lib/gcc/arm-none-eabi/9.2.1/../../../../arm-none-eabi/lib/thumb/v7-m/nofp/libc_nano.a(lib_a-mlock.o)
 .debug_frame   0x0000000000000984       0x5c /home/ilia/projects/gcc-arm-none-eabi-9-2019-q4-major/bin/../lib/gcc/arm-none-eabi/9.2.1/../../../../arm-none-eabi/lib/thumb/v7-m/nofp/libc_nano.a(lib_a-reent.o)
 .debug_frame   0x00000000000009e0       0x28 /home/ilia/projects/gcc-arm-none-eabi-9-2019-q4-major/bin/../lib/gcc/arm-none-eabi/9.2.1/../../../../arm-none-eabi/lib/thumb/v7-m/nofp/libc_nano.a(lib_a-memcpy-stub.o)
 .debug_frame   0x0000000000000a08       0x6c /home/ilia/projects/gcc-arm-none-eabi-9-2019-q4-major/bin/../lib/gcc/arm-none-eabi/9.2.1/../../../../arm-none-eabi/lib/thumb/v7-m/nofp/libc_nano.a(lib_a-sprintf.o)
 .debug_frame   0x0000000000000a74       0x80 /home/ilia/projects/gcc-arm-none-eabi-9-2019-q4-major/bin/../lib/gcc/arm-none-eabi/9.2.1/../../../../arm-none-eabi/lib/thumb/v7-m/nofp/libc_nano.a(lib_a-sscanf.o)
 .debug_frame   0x0000000000000af4       0x88 /home/ilia/projects/gcc-arm-none-eabi-9-2019-q4-major/bin/../lib/gcc/arm-none-eabi/9.2.1/../../../../arm-none-eabi/lib/thumb/v7-m/nofp/libc_nano.a(lib_a-stdio.o)
 .debug_frame   0x0000000000000b7c       0x20 /home/ilia/projects/gcc-arm-none-eabi-9-2019-q4-major/bin/../lib/gcc/arm-none-eabi/9.2.1/../../../../arm-none-eabi/lib/thumb/v7-m/nofp/libc_nano.a(lib_a-strcpy.o)
 .debug_frame   0x0000000000000b9c       0x30 /home/ilia/projects/gcc-arm-none-eabi-9-2019-q4-major/bin/../lib/gcc/arm-none-eabi/9.2.1/../../../../arm-none-eabi/lib/thumb/v7-m/nofp/libc_nano.a(lib_a-strstr.o)
 .debug_frame   0x0000000000000bcc       0x90 /home/ilia/projects/gcc-arm-none-eabi-9-2019-q4-major/bin/../lib/gcc/arm-none-eabi/9.2.1/../../../../arm-none-eabi/lib/thumb/v7-m/nofp/libc_nano.a(lib_a-nano-svfprintf.o)
 .debug_frame   0x0000000000000c5c       0x78 /home/ilia/projects/gcc-arm-none-eabi-9-2019-q4-major/bin/../lib/gcc/arm-none-eabi/9.2.1/../../../../arm-none-eabi/lib/thumb/v7-m/nofp/libc_nano.a(lib_a-nano-svfscanf.o)
 .debug_frame   0x0000000000000cd4       0x60 /home/ilia/projects/gcc-arm-none-eabi-9-2019-q4-major/bin/../lib/gcc/arm-none-eabi/9.2.1/../../../../arm-none-eabi/lib/thumb/v7-m/nofp/libc_nano.a(lib_a-nano-vfprintf_i.o)
 .debug_frame   0x0000000000000d34       0x64 /home/ilia/projects/gcc-arm-none-eabi-9-2019-q4-major/bin/../lib/gcc/arm-none-eabi/9.2.1/../../../../arm-none-eabi/lib/thumb/v7-m/nofp/libc_nano.a(lib_a-nano-vfscanf_i.o)
 .debug_frame   0x0000000000000d98       0x2c /home/ilia/projects/gcc-arm-none-eabi-9-2019-q4-major/bin/../lib/gcc/arm-none-eabi/9.2.1/../../../../arm-none-eabi/lib/thumb/v7-m/nofp/libc_nano.a(lib_a-sccl.o)
 .debug_frame   0x0000000000000dc4       0x64 /home/ilia/projects/gcc-arm-none-eabi-9-2019-q4-major/bin/../lib/gcc/arm-none-eabi/9.2.1/../../../../arm-none-eabi/lib/thumb/v7-m/nofp/libc_nano.a(lib_a-strtol.o)
 .debug_frame   0x0000000000000e28       0x64 /home/ilia/projects/gcc-arm-none-eabi-9-2019-q4-major/bin/../lib/gcc/arm-none-eabi/9.2.1/../../../../arm-none-eabi/lib/thumb/v7-m/nofp/libc_nano.a(lib_a-strtoul.o)
 .debug_frame   0x0000000000000e8c       0x5c /home/ilia/projects/gcc-arm-none-eabi-9-2019-q4-major/bin/../lib/gcc/arm-none-eabi/9.2.1/../../../../arm-none-eabi/lib/thumb/v7-m/nofp/libc_nano.a(lib_a-ungetc.o)
 .debug_frame   0x0000000000000ee8       0x28 /home/ilia/projects/gcc-arm-none-eabi-9-2019-q4-major/bin/../lib/gcc/arm-none-eabi/9.2.1/../../../../arm-none-eabi/lib/thumb/v7-m/nofp/libc_nano.a(lib_a-memchr-stub.o)
 .debug_frame   0x0000000000000f10       0x28 /home/ilia/projects/gcc-arm-none-eabi-9-2019-q4-major/bin/../lib/gcc/arm-none-eabi/9.2.1/../../../../arm-none-eabi/lib/thumb/v7-m/nofp/libc_nano.a(lib_a-memmove.o)
 .debug_frame   0x0000000000000f38       0x3c /home/ilia/projects/gcc-arm-none-eabi-9-2019-q4-major/bin/../lib/gcc/arm-none-eabi/9.2.1/../../../../arm-none-eabi/lib/thumb/v7-m/nofp/libc_nano.a(lib_a-nano-reallocr.o)
 .debug_frame   0x0000000000000f74       0x20 /home/ilia/projects/gcc-arm-none-eabi-9-2019-q4-major/bin/../lib/gcc/arm-none-eabi/9.2.1/../../../../arm-none-eabi/lib/thumb/v7-m/nofp/libc_nano.a(lib_a-nano-msizer.o)
 .debug_frame   0x0000000000000f94       0x20 /home/ilia/projects/gcc-arm-none-eabi-9-2019-q4-major/bin/../lib/gcc/arm-none-eabi/9.2.1/../../../../arm-none-eabi/lib/thumb/v7-m/nofp/libnosys.a(sbrk.o)
 .debug_frame   0x0000000000000fb4       0x30 /home/ilia/projects/gcc-arm-none-eabi-9-2019-q4-major/bin/../lib/gcc/arm-none-eabi/9.2.1/thumb/v7-m/nofp/libgcc.a(_arm_muldf3.o)
 .debug_frame   0x0000000000000fe4       0xac /home/ilia/projects/gcc-arm-none-eabi-9-2019-q4-major/bin/../lib/gcc/arm-none-eabi/9.2.1/thumb/v7-m/nofp/libgcc.a(_arm_addsubdf3.o)
 .debug_frame   0x0000000000001090       0x24 /home/ilia/projects/gcc-arm-none-eabi-9-2019-q4-major/bin/../lib/gcc/arm-none-eabi/9.2.1/thumb/v7-m/nofp/libgcc.a(_arm_fixunsdfsi.o)
 .debug_frame   0x00000000000010b4       0x4c /home/ilia/projects/gcc-arm-none-eabi-9-2019-q4-major/bin/../lib/gcc/arm-none-eabi/9.2.1/thumb/v7-m/nofp/libgcc.a(_arm_addsubsf3.o)
 .debug_frame   0x0000000000001100       0x38 /home/ilia/projects/gcc-arm-none-eabi-9-2019-q4-major/bin/../lib/gcc/arm-none-eabi/9.2.1/thumb/v7-m/nofp/libgcc.a(_arm_muldivsf3.o)
 .debug_frame   0x0000000000001138       0x24 /home/ilia/projects/gcc-arm-none-eabi-9-2019-q4-major/bin/../lib/gcc/arm-none-eabi/9.2.1/thumb/v7-m/nofp/libgcc.a(_arm_fixunssfsi.o)

.stabstr        0x0000000000000000       0xdf
 .stabstr       0x0000000000000000       0xdf /home/ilia/projects/gcc-arm-none-eabi-9-2019-q4-major/bin/../lib/gcc/arm-none-eabi/9.2.1/../../../../arm-none-eabi/lib/thumb/v7-m/nofp/libnosys.a(close.o)

Cross Reference Table

Symbol                                            File
ADC1_2_IRQHandler                                 CMakeFiles/release_STM32F103CB.dir/startup_stm32f103xb.s.obj
ADC_AnalogWatchdogCmd                             CMakeFiles/release_STM32F103CB.dir/commonLibs/StdPeriph/src/stm32f10x_adc.c.obj (symbol from plugin)
ADC_AnalogWatchdogSingleChannelConfig             CMakeFiles/release_STM32F103CB.dir/commonLibs/StdPeriph/src/stm32f10x_adc.c.obj (symbol from plugin)
ADC_AnalogWatchdogThresholdsConfig                CMakeFiles/release_STM32F103CB.dir/commonLibs/StdPeriph/src/stm32f10x_adc.c.obj (symbol from plugin)
ADC_AutoInjectedConvCmd                           CMakeFiles/release_STM32F103CB.dir/commonLibs/StdPeriph/src/stm32f10x_adc.c.obj (symbol from plugin)
                                                  CMakeFiles/release_STM32F103CB.dir/commonLibs/unilib/mcs/stm32/adclib.c.obj (symbol from plugin)
ADC_ClearFlag                                     CMakeFiles/release_STM32F103CB.dir/commonLibs/StdPeriph/src/stm32f10x_adc.c.obj (symbol from plugin)
ADC_ClearITPendingBit                             CMakeFiles/release_STM32F103CB.dir/commonLibs/StdPeriph/src/stm32f10x_adc.c.obj (symbol from plugin)
ADC_Cmd                                           CMakeFiles/release_STM32F103CB.dir/commonLibs/StdPeriph/src/stm32f10x_adc.c.obj (symbol from plugin)
                                                  CMakeFiles/release_STM32F103CB.dir/commonLibs/unilib/mcs/stm32/adclib.c.obj (symbol from plugin)
                                                  CMakeFiles/release_STM32F103CB.dir/commonLibs/unilib/mcs/stm32/randomizer.c.obj (symbol from plugin)
ADC_DMAChannelInit                                CMakeFiles/release_STM32F103CB.dir/commonLibs/unilib/mcs/stm32/adclib.c.obj (symbol from plugin)
ADC_DMACmd                                        CMakeFiles/release_STM32F103CB.dir/commonLibs/StdPeriph/src/stm32f10x_adc.c.obj (symbol from plugin)
                                                  CMakeFiles/release_STM32F103CB.dir/commonLibs/unilib/mcs/stm32/adclib.c.obj (symbol from plugin)
ADC_DeInit                                        CMakeFiles/release_STM32F103CB.dir/commonLibs/StdPeriph/src/stm32f10x_adc.c.obj (symbol from plugin)
                                                  CMakeFiles/release_STM32F103CB.dir/commonLibs/unilib/mcs/stm32/randomizer.c.obj (symbol from plugin)
ADC_DiscModeChannelCountConfig                    CMakeFiles/release_STM32F103CB.dir/commonLibs/StdPeriph/src/stm32f10x_adc.c.obj (symbol from plugin)
ADC_DiscModeCmd                                   CMakeFiles/release_STM32F103CB.dir/commonLibs/StdPeriph/src/stm32f10x_adc.c.obj (symbol from plugin)
ADC_ExternalTrigConvCmd                           CMakeFiles/release_STM32F103CB.dir/commonLibs/StdPeriph/src/stm32f10x_adc.c.obj (symbol from plugin)
ADC_ExternalTrigInjectedConvCmd                   CMakeFiles/release_STM32F103CB.dir/commonLibs/StdPeriph/src/stm32f10x_adc.c.obj (symbol from plugin)
ADC_ExternalTrigInjectedConvConfig                CMakeFiles/release_STM32F103CB.dir/commonLibs/StdPeriph/src/stm32f10x_adc.c.obj (symbol from plugin)
ADC_GetCalibrationStatus                          CMakeFiles/release_STM32F103CB.dir/commonLibs/StdPeriph/src/stm32f10x_adc.c.obj (symbol from plugin)
                                                  CMakeFiles/release_STM32F103CB.dir/commonLibs/unilib/mcs/stm32/adclib.c.obj (symbol from plugin)
                                                  CMakeFiles/release_STM32F103CB.dir/commonLibs/unilib/mcs/stm32/randomizer.c.obj (symbol from plugin)
ADC_GetConversionValue                            CMakeFiles/release_STM32F103CB.dir/commonLibs/StdPeriph/src/stm32f10x_adc.c.obj (symbol from plugin)
ADC_GetDualModeConversionValue                    CMakeFiles/release_STM32F103CB.dir/commonLibs/StdPeriph/src/stm32f10x_adc.c.obj (symbol from plugin)
ADC_GetFlagStatus                                 CMakeFiles/release_STM32F103CB.dir/commonLibs/StdPeriph/src/stm32f10x_adc.c.obj (symbol from plugin)
                                                  CMakeFiles/release_STM32F103CB.dir/commonLibs/unilib/mcs/stm32/randomizer.c.obj (symbol from plugin)
ADC_GetITStatus                                   CMakeFiles/release_STM32F103CB.dir/commonLibs/StdPeriph/src/stm32f10x_adc.c.obj (symbol from plugin)
ADC_GetInjectedConversionValue                    CMakeFiles/release_STM32F103CB.dir/commonLibs/StdPeriph/src/stm32f10x_adc.c.obj (symbol from plugin)
ADC_GetResetCalibrationStatus                     CMakeFiles/release_STM32F103CB.dir/commonLibs/StdPeriph/src/stm32f10x_adc.c.obj (symbol from plugin)
                                                  CMakeFiles/release_STM32F103CB.dir/commonLibs/unilib/mcs/stm32/adclib.c.obj (symbol from plugin)
                                                  CMakeFiles/release_STM32F103CB.dir/commonLibs/unilib/mcs/stm32/randomizer.c.obj (symbol from plugin)
ADC_GetSoftwareStartConvStatus                    CMakeFiles/release_STM32F103CB.dir/commonLibs/StdPeriph/src/stm32f10x_adc.c.obj (symbol from plugin)
ADC_GetSoftwareStartInjectedConvCmdStatus         CMakeFiles/release_STM32F103CB.dir/commonLibs/StdPeriph/src/stm32f10x_adc.c.obj (symbol from plugin)
ADC_ITConfig                                      CMakeFiles/release_STM32F103CB.dir/commonLibs/StdPeriph/src/stm32f10x_adc.c.obj (symbol from plugin)
ADC_Init                                          CMakeFiles/release_STM32F103CB.dir/commonLibs/StdPeriph/src/stm32f10x_adc.c.obj (symbol from plugin)
                                                  CMakeFiles/release_STM32F103CB.dir/commonLibs/unilib/mcs/stm32/adclib.c.obj (symbol from plugin)
                                                  CMakeFiles/release_STM32F103CB.dir/commonLibs/unilib/mcs/stm32/randomizer.c.obj (symbol from plugin)
ADC_InjectedAddToRotation                         CMakeFiles/release_STM32F103CB.dir/commonLibs/unilib/mcs/stm32/adclib.c.obj (symbol from plugin)
ADC_InjectedChannelConfig                         CMakeFiles/release_STM32F103CB.dir/commonLibs/StdPeriph/src/stm32f10x_adc.c.obj (symbol from plugin)
                                                  CMakeFiles/release_STM32F103CB.dir/commonLibs/unilib/mcs/stm32/adclib.c.obj (symbol from plugin)
ADC_InjectedDiscModeCmd                           CMakeFiles/release_STM32F103CB.dir/commonLibs/StdPeriph/src/stm32f10x_adc.c.obj (symbol from plugin)
ADC_InjectedSequencerLengthConfig                 CMakeFiles/release_STM32F103CB.dir/commonLibs/StdPeriph/src/stm32f10x_adc.c.obj (symbol from plugin)
ADC_RegularChannelConfig                          CMakeFiles/release_STM32F103CB.dir/commonLibs/StdPeriph/src/stm32f10x_adc.c.obj (symbol from plugin)
                                                  CMakeFiles/release_STM32F103CB.dir/commonLibs/unilib/mcs/stm32/adclib.c.obj (symbol from plugin)
                                                  CMakeFiles/release_STM32F103CB.dir/commonLibs/unilib/mcs/stm32/randomizer.c.obj (symbol from plugin)
ADC_ResetCalibration                              CMakeFiles/release_STM32F103CB.dir/commonLibs/StdPeriph/src/stm32f10x_adc.c.obj (symbol from plugin)
                                                  CMakeFiles/release_STM32F103CB.dir/commonLibs/unilib/mcs/stm32/adclib.c.obj (symbol from plugin)
                                                  CMakeFiles/release_STM32F103CB.dir/commonLibs/unilib/mcs/stm32/randomizer.c.obj (symbol from plugin)
ADC_SetInjectedOffset                             CMakeFiles/release_STM32F103CB.dir/commonLibs/StdPeriph/src/stm32f10x_adc.c.obj (symbol from plugin)
ADC_SoftwareStartConvCmd                          CMakeFiles/release_STM32F103CB.dir/commonLibs/StdPeriph/src/stm32f10x_adc.c.obj (symbol from plugin)
                                                  CMakeFiles/release_STM32F103CB.dir/commonLibs/unilib/mcs/stm32/adclib.c.obj (symbol from plugin)
                                                  CMakeFiles/release_STM32F103CB.dir/commonLibs/unilib/mcs/stm32/randomizer.c.obj (symbol from plugin)
ADC_SoftwareStartInjectedConvCmd                  CMakeFiles/release_STM32F103CB.dir/commonLibs/StdPeriph/src/stm32f10x_adc.c.obj (symbol from plugin)
                                                  CMakeFiles/release_STM32F103CB.dir/commonLibs/unilib/mcs/stm32/adclib.c.obj (symbol from plugin)
ADC_StartCalibration                              CMakeFiles/release_STM32F103CB.dir/commonLibs/StdPeriph/src/stm32f10x_adc.c.obj (symbol from plugin)
                                                  CMakeFiles/release_STM32F103CB.dir/commonLibs/unilib/mcs/stm32/adclib.c.obj (symbol from plugin)
                                                  CMakeFiles/release_STM32F103CB.dir/commonLibs/unilib/mcs/stm32/randomizer.c.obj (symbol from plugin)
ADC_StructInit                                    CMakeFiles/release_STM32F103CB.dir/commonLibs/StdPeriph/src/stm32f10x_adc.c.obj (symbol from plugin)
ADC_TempSensorVrefintCmd                          CMakeFiles/release_STM32F103CB.dir/commonLibs/StdPeriph/src/stm32f10x_adc.c.obj (symbol from plugin)
                                                  CMakeFiles/release_STM32F103CB.dir/commonLibs/unilib/mcs/stm32/randomizer.c.obj (symbol from plugin)
AHBPrescTable                                     CMakeFiles/release_STM32F103CB.dir/CMSIS/system_stm32f10x.c.obj (symbol from plugin)
BusFault_Handler                                  CMakeFiles/release_STM32F103CB.dir/startup_stm32f103xb.s.obj
CAN1_RX1_IRQHandler                               CMakeFiles/release_STM32F103CB.dir/startup_stm32f103xb.s.obj
CAN1_SCE_IRQHandler                               CMakeFiles/release_STM32F103CB.dir/startup_stm32f103xb.s.obj
CRC_CalcBlockCRC                                  CMakeFiles/release_STM32F103CB.dir/commonLibs/StdPeriph/src/stm32f10x_crc.c.obj (symbol from plugin)
CRC_CalcCRC                                       CMakeFiles/release_STM32F103CB.dir/commonLibs/StdPeriph/src/stm32f10x_crc.c.obj (symbol from plugin)
                                                  CMakeFiles/release_STM32F103CB.dir/commonLibs/unilib/mcs/stm32/crc32.c.obj (symbol from plugin)
CRC_GetCRC                                        CMakeFiles/release_STM32F103CB.dir/commonLibs/StdPeriph/src/stm32f10x_crc.c.obj (symbol from plugin)
CRC_GetIDRegister                                 CMakeFiles/release_STM32F103CB.dir/commonLibs/StdPeriph/src/stm32f10x_crc.c.obj (symbol from plugin)
CRC_ResetDR                                       CMakeFiles/release_STM32F103CB.dir/commonLibs/StdPeriph/src/stm32f10x_crc.c.obj (symbol from plugin)
                                                  CMakeFiles/release_STM32F103CB.dir/commonLibs/unilib/mcs/stm32/crc32.c.obj (symbol from plugin)
CRC_SetIDRegister                                 CMakeFiles/release_STM32F103CB.dir/commonLibs/StdPeriph/src/stm32f10x_crc.c.obj (symbol from plugin)
DMA1_Channel1_IRQHandler                          CMakeFiles/release_STM32F103CB.dir/startup_stm32f103xb.s.obj
DMA1_Channel2_IRQHandler                          CMakeFiles/release_STM32F103CB.dir/startup_stm32f103xb.s.obj
DMA1_Channel3_IRQHandler                          CMakeFiles/release_STM32F103CB.dir/startup_stm32f103xb.s.obj
DMA1_Channel4_IRQHandler                          CMakeFiles/release_STM32F103CB.dir/startup_stm32f103xb.s.obj
DMA1_Channel5_IRQHandler                          CMakeFiles/release_STM32F103CB.dir/startup_stm32f103xb.s.obj
DMA1_Channel6_IRQHandler                          CMakeFiles/release_STM32F103CB.dir/startup_stm32f103xb.s.obj
DMA1_Channel7_IRQHandler                          CMakeFiles/release_STM32F103CB.dir/startup_stm32f103xb.s.obj
DMA_ClearFlag                                     CMakeFiles/release_STM32F103CB.dir/commonLibs/StdPeriph/src/stm32f10x_dma.c.obj (symbol from plugin)
DMA_ClearITPendingBit                             CMakeFiles/release_STM32F103CB.dir/commonLibs/StdPeriph/src/stm32f10x_dma.c.obj (symbol from plugin)
DMA_Cmd                                           CMakeFiles/release_STM32F103CB.dir/commonLibs/StdPeriph/src/stm32f10x_dma.c.obj (symbol from plugin)
                                                  CMakeFiles/release_STM32F103CB.dir/commonLibs/unilib/mcs/stm32/adclib.c.obj (symbol from plugin)
                                                  CMakeFiles/release_STM32F103CB.dir/commonLibs/unilib/mcs/stm32/uart.c.obj (symbol from plugin)
DMA_DeInit                                        CMakeFiles/release_STM32F103CB.dir/commonLibs/StdPeriph/src/stm32f10x_dma.c.obj (symbol from plugin)
                                                  CMakeFiles/release_STM32F103CB.dir/commonLibs/unilib/mcs/stm32/uart.c.obj (symbol from plugin)
DMA_GetCurrDataCounter                            CMakeFiles/release_STM32F103CB.dir/commonLibs/StdPeriph/src/stm32f10x_dma.c.obj (symbol from plugin)
DMA_GetFlagStatus                                 CMakeFiles/release_STM32F103CB.dir/commonLibs/StdPeriph/src/stm32f10x_dma.c.obj (symbol from plugin)
DMA_GetITStatus                                   CMakeFiles/release_STM32F103CB.dir/commonLibs/StdPeriph/src/stm32f10x_dma.c.obj (symbol from plugin)
DMA_ITConfig                                      CMakeFiles/release_STM32F103CB.dir/commonLibs/StdPeriph/src/stm32f10x_dma.c.obj (symbol from plugin)
DMA_Init                                          CMakeFiles/release_STM32F103CB.dir/commonLibs/StdPeriph/src/stm32f10x_dma.c.obj (symbol from plugin)
                                                  CMakeFiles/release_STM32F103CB.dir/commonLibs/unilib/mcs/stm32/adclib.c.obj (symbol from plugin)
                                                  CMakeFiles/release_STM32F103CB.dir/commonLibs/unilib/mcs/stm32/uart.c.obj (symbol from plugin)
DMA_SetCurrDataCounter                            CMakeFiles/release_STM32F103CB.dir/commonLibs/StdPeriph/src/stm32f10x_dma.c.obj (symbol from plugin)
DMA_StructInit                                    CMakeFiles/release_STM32F103CB.dir/commonLibs/StdPeriph/src/stm32f10x_dma.c.obj (symbol from plugin)
DebugMon_Handler                                  CMakeFiles/release_STM32F103CB.dir/startup_stm32f103xb.s.obj
Default_Handler                                   CMakeFiles/release_STM32F103CB.dir/startup_stm32f103xb.s.obj
Display_init                                      CMakeFiles/release_STM32F103CB.dir/commonLibs/display_kingbright.c.obj (symbol from plugin)
                                                  CMakeFiles/release_STM32F103CB.dir/Src/low_level0.c.obj (symbol from plugin)
EXTI0_IRQHandler                                  CMakeFiles/release_STM32F103CB.dir/startup_stm32f103xb.s.obj
EXTI15_10_IRQHandler                              CMakeFiles/release_STM32F103CB.dir/startup_stm32f103xb.s.obj
EXTI1_IRQHandler                                  CMakeFiles/release_STM32F103CB.dir/startup_stm32f103xb.s.obj
EXTI2_IRQHandler                                  CMakeFiles/release_STM32F103CB.dir/startup_stm32f103xb.s.obj
EXTI3_IRQHandler                                  CMakeFiles/release_STM32F103CB.dir/startup_stm32f103xb.s.obj
EXTI4_IRQHandler                                  CMakeFiles/release_STM32F103CB.dir/startup_stm32f103xb.s.obj
EXTI9_5_IRQHandler                                CMakeFiles/release_STM32F103CB.dir/startup_stm32f103xb.s.obj
FLASH_ClearFlag                                   CMakeFiles/release_STM32F103CB.dir/commonLibs/StdPeriph/src/stm32f10x_flash.c.obj (symbol from plugin)
FLASH_EnableWriteProtection                       CMakeFiles/release_STM32F103CB.dir/commonLibs/StdPeriph/src/stm32f10x_flash.c.obj (symbol from plugin)
FLASH_EraseAllBank1Pages                          CMakeFiles/release_STM32F103CB.dir/commonLibs/StdPeriph/src/stm32f10x_flash.c.obj (symbol from plugin)
FLASH_EraseAllPages                               CMakeFiles/release_STM32F103CB.dir/commonLibs/StdPeriph/src/stm32f10x_flash.c.obj (symbol from plugin)
FLASH_EraseOptionBytes                            CMakeFiles/release_STM32F103CB.dir/commonLibs/StdPeriph/src/stm32f10x_flash.c.obj (symbol from plugin)
FLASH_ErasePage                                   CMakeFiles/release_STM32F103CB.dir/commonLibs/StdPeriph/src/stm32f10x_flash.c.obj (symbol from plugin)
FLASH_GetBank1Status                              CMakeFiles/release_STM32F103CB.dir/commonLibs/StdPeriph/src/stm32f10x_flash.c.obj (symbol from plugin)
FLASH_GetFlagStatus                               CMakeFiles/release_STM32F103CB.dir/commonLibs/StdPeriph/src/stm32f10x_flash.c.obj (symbol from plugin)
FLASH_GetPrefetchBufferStatus                     CMakeFiles/release_STM32F103CB.dir/commonLibs/StdPeriph/src/stm32f10x_flash.c.obj (symbol from plugin)
FLASH_GetReadOutProtectionStatus                  CMakeFiles/release_STM32F103CB.dir/commonLibs/StdPeriph/src/stm32f10x_flash.c.obj (symbol from plugin)
FLASH_GetStatus                                   CMakeFiles/release_STM32F103CB.dir/commonLibs/StdPeriph/src/stm32f10x_flash.c.obj (symbol from plugin)
FLASH_GetUserOptionByte                           CMakeFiles/release_STM32F103CB.dir/commonLibs/StdPeriph/src/stm32f10x_flash.c.obj (symbol from plugin)
FLASH_GetWriteProtectionOptionByte                CMakeFiles/release_STM32F103CB.dir/commonLibs/StdPeriph/src/stm32f10x_flash.c.obj (symbol from plugin)
FLASH_HalfCycleAccessCmd                          CMakeFiles/release_STM32F103CB.dir/commonLibs/StdPeriph/src/stm32f10x_flash.c.obj (symbol from plugin)
FLASH_IRQHandler                                  CMakeFiles/release_STM32F103CB.dir/startup_stm32f103xb.s.obj
FLASH_ITConfig                                    CMakeFiles/release_STM32F103CB.dir/commonLibs/StdPeriph/src/stm32f10x_flash.c.obj (symbol from plugin)
FLASH_Lock                                        CMakeFiles/release_STM32F103CB.dir/commonLibs/StdPeriph/src/stm32f10x_flash.c.obj (symbol from plugin)