Component: ARM Compiler 5.06 update 6 (build 750) Tool: armlink [4d35ed]

==============================================================================

Section Cross References

    system_stm32f10x.o(i.SetSysClock) refers to system_stm32f10x.o(i.SetSysClockTo72) for SetSysClockTo72
    system_stm32f10x.o(i.SystemCoreClockUpdate) refers to system_stm32f10x.o(.data) for SystemCoreClock
    system_stm32f10x.o(i.SystemInit) refers to system_stm32f10x.o(i.SetSysClock) for SetSysClock
    startup_stm32f10x_md.o(STACK) refers (Special) to heapauxi.o(.text) for __use_two_region_memory
    startup_stm32f10x_md.o(HEAP) refers (Special) to heapauxi.o(.text) for __use_two_region_memory
    startup_stm32f10x_md.o(RESET) refers (Special) to heapauxi.o(.text) for __use_two_region_memory
    startup_stm32f10x_md.o(RESET) refers to startup_stm32f10x_md.o(STACK) for __initial_sp
    startup_stm32f10x_md.o(RESET) refers to startup_stm32f10x_md.o(.text) for Reset_Handler
    startup_stm32f10x_md.o(RESET) refers to systick_timer.o(i.SysTick_Handler) for SysTick_Handler
    startup_stm32f10x_md.o(RESET) refers to uart.o(i.USART1_IRQHandler) for USART1_IRQHandler
    startup_stm32f10x_md.o(RESET) refers to uart.o(i.USART2_IRQHandler) for USART2_IRQHandler
    startup_stm32f10x_md.o(.text) refers (Special) to heapauxi.o(.text) for __use_two_region_memory
    startup_stm32f10x_md.o(.text) refers to system_stm32f10x.o(i.SystemInit) for SystemInit
    startup_stm32f10x_md.o(.text) refers to __main.o(!!!main) for __main
    startup_stm32f10x_md.o(.text) refers to startup_stm32f10x_md.o(HEAP) for Heap_Mem
    startup_stm32f10x_md.o(.text) refers to startup_stm32f10x_md.o(STACK) for Stack_Mem
    stm32f10x_flash.o(i.FLASH_EnableWriteProtection) refers to stm32f10x_flash.o(i.FLASH_WaitForLastOperation) for FLASH_WaitForLastOperation
    stm32f10x_flash.o(i.FLASH_EraseAllBank1Pages) refers to stm32f10x_flash.o(i.FLASH_WaitForLastBank1Operation) for FLASH_WaitForLastBank1Operation
    stm32f10x_flash.o(i.FLASH_EraseAllPages) refers to stm32f10x_flash.o(i.FLASH_WaitForLastOperation) for FLASH_WaitForLastOperation
    stm32f10x_flash.o(i.FLASH_EraseOptionBytes) refers to stm32f10x_flash.o(i.FLASH_GetReadOutProtectionStatus) for FLASH_GetReadOutProtectionStatus
    stm32f10x_flash.o(i.FLASH_EraseOptionBytes) refers to stm32f10x_flash.o(i.FLASH_WaitForLastOperation) for FLASH_WaitForLastOperation
    stm32f10x_flash.o(i.FLASH_ErasePage) refers to stm32f10x_flash.o(i.FLASH_WaitForLastOperation) for FLASH_WaitForLastOperation
    stm32f10x_flash.o(i.FLASH_ProgramHalfWord) refers to stm32f10x_flash.o(i.FLASH_WaitForLastOperation) for FLASH_WaitForLastOperation
    stm32f10x_flash.o(i.FLASH_ProgramOptionByteData) refers to stm32f10x_flash.o(i.FLASH_WaitForLastOperation) for FLASH_WaitForLastOperation
    stm32f10x_flash.o(i.FLASH_ProgramWord) refers to stm32f10x_flash.o(i.FLASH_WaitForLastOperation) for FLASH_WaitForLastOperation
    stm32f10x_flash.o(i.FLASH_ReadOutProtection) refers to stm32f10x_flash.o(i.FLASH_WaitForLastOperation) for FLASH_WaitForLastOperation
    stm32f10x_flash.o(i.FLASH_UserOptionByteConfig) refers to stm32f10x_flash.o(i.FLASH_WaitForLastOperation) for FLASH_WaitForLastOperation
    stm32f10x_flash.o(i.FLASH_WaitForLastBank1Operation) refers to stm32f10x_flash.o(i.FLASH_GetBank1Status) for FLASH_GetBank1Status
    stm32f10x_flash.o(i.FLASH_WaitForLastOperation) refers to stm32f10x_flash.o(i.FLASH_GetBank1Status) for FLASH_GetBank1Status
    stm32f10x_gpio.o(i.GPIO_AFIODeInit) refers to stm32f10x_rcc.o(i.RCC_APB2PeriphResetCmd) for RCC_APB2PeriphResetCmd
    stm32f10x_gpio.o(i.GPIO_DeInit) refers to stm32f10x_rcc.o(i.RCC_APB2PeriphResetCmd) for RCC_APB2PeriphResetCmd
    stm32f10x_rcc.o(i.RCC_GetClocksFreq) refers to stm32f10x_rcc.o(.data) for APBAHBPrescTable
    stm32f10x_rcc.o(i.RCC_WaitForHSEStartUp) refers to stm32f10x_rcc.o(i.RCC_GetFlagStatus) for RCC_GetFlagStatus
    stm32f10x_spi.o(i.I2S_Init) refers to stm32f10x_rcc.o(i.RCC_GetClocksFreq) for RCC_GetClocksFreq
    stm32f10x_spi.o(i.SPI_I2S_DeInit) refers to stm32f10x_rcc.o(i.RCC_APB2PeriphResetCmd) for RCC_APB2PeriphResetCmd
    stm32f10x_spi.o(i.SPI_I2S_DeInit) refers to stm32f10x_rcc.o(i.RCC_APB1PeriphResetCmd) for RCC_APB1PeriphResetCmd
    stm32f10x_usart.o(i.USART_DeInit) refers to stm32f10x_rcc.o(i.RCC_APB2PeriphResetCmd) for RCC_APB2PeriphResetCmd
    stm32f10x_usart.o(i.USART_DeInit) refers to stm32f10x_rcc.o(i.RCC_APB1PeriphResetCmd) for RCC_APB1PeriphResetCmd
    stm32f10x_usart.o(i.USART_Init) refers to stm32f10x_rcc.o(i.RCC_GetClocksFreq) for RCC_GetClocksFreq
    stm32f10x_tim.o(i.TIM_DeInit) refers to stm32f10x_rcc.o(i.RCC_APB2PeriphResetCmd) for RCC_APB2PeriphResetCmd
    stm32f10x_tim.o(i.TIM_DeInit) refers to stm32f10x_rcc.o(i.RCC_APB1PeriphResetCmd) for RCC_APB1PeriphResetCmd
    stm32f10x_tim.o(i.TIM_ETRClockMode1Config) refers to stm32f10x_tim.o(i.TIM_ETRConfig) for TIM_ETRConfig
[...]
    __rt_lib_shutdown_return                 0x08000257   Thumb Code     0  libshutdown2.o(.ARM.Collect$$libshutdown$$00000010)
    __rt_lib_shutdown_signal_1               0x08000257   Thumb Code     0  libshutdown2.o(.ARM.Collect$$libshutdown$$0000000A)
    __rt_lib_shutdown_stdio_1                0x08000257   Thumb Code     0  libshutdown2.o(.ARM.Collect$$libshutdown$$00000004)
    __rt_lib_shutdown_user_alloc_1           0x08000257   Thumb Code     0  libshutdown2.o(.ARM.Collect$$libshutdown$$0000000C)
    __rt_entry                               0x08000259   Thumb Code     0  __rtentry.o(.ARM.Collect$$rtentry$$00000000)
    __rt_entry_presh_1                       0x08000259   Thumb Code     0  __rtentry2.o(.ARM.Collect$$rtentry$$00000002)
    __rt_entry_sh                            0x08000259   Thumb Code     0  __rtentry4.o(.ARM.Collect$$rtentry$$00000004)
    __rt_entry_li                            0x0800025f   Thumb Code     0  __rtentry2.o(.ARM.Collect$$rtentry$$0000000A)
    __rt_entry_postsh_1                      0x0800025f   Thumb Code     0  __rtentry2.o(.ARM.Collect$$rtentry$$00000009)
    __rt_entry_main                          0x08000263   Thumb Code     0  __rtentry2.o(.ARM.Collect$$rtentry$$0000000D)
    __rt_entry_postli_1                      0x08000263   Thumb Code     0  __rtentry2.o(.ARM.Collect$$rtentry$$0000000C)
    __rt_exit                                0x0800026b   Thumb Code     0  rtexit.o(.ARM.Collect$$rtexit$$00000000)
    __rt_exit_ls                             0x0800026d   Thumb Code     0  rtexit2.o(.ARM.Collect$$rtexit$$00000003)
    __rt_exit_prels_1                        0x0800026d   Thumb Code     0  rtexit2.o(.ARM.Collect$$rtexit$$00000002)
    __rt_exit_exit                           0x08000271   Thumb Code     0  rtexit2.o(.ARM.Collect$$rtexit$$00000004)
    __asm___6_fifo_c_a58ba41a__get_interrupt_state 0x08000279   Thumb Code     6  fifo.o(.emb_text)
    __asm___6_fifo_c_a58ba41a__set_interrupt_state 0x0800027f   Thumb Code     6  fifo.o(.emb_text)
    __asm___11_uni_flash_c_4f08e9e3__get_interrupt_state 0x08000285   Thumb Code     6  uni_flash.o(.emb_text)
    __asm___11_uni_flash_c_4f08e9e3__set_interrupt_state 0x0800028b   Thumb Code     6  uni_flash.o(.emb_text)
    Reset_Handler                            0x08000291   Thumb Code     8  startup_stm32f10x_md.o(.text)
    NMI_Handler                              0x08000299   Thumb Code     2  startup_stm32f10x_md.o(.text)
    HardFault_Handler                        0x0800029b   Thumb Code     2  startup_stm32f10x_md.o(.text)
    MemManage_Handler                        0x0800029d   Thumb Code     2  startup_stm32f10x_md.o(.text)
    BusFault_Handler                         0x0800029f   Thumb Code     2  startup_stm32f10x_md.o(.text)
    UsageFault_Handler                       0x080002a1   Thumb Code     2  startup_stm32f10x_md.o(.text)
    SVC_Handler                              0x080002a3   Thumb Code     2  startup_stm32f10x_md.o(.text)
    DebugMon_Handler                         0x080002a5   Thumb Code     2  startup_stm32f10x_md.o(.text)
    PendSV_Handler                           0x080002a7   Thumb Code     2  startup_stm32f10x_md.o(.text)
    ADC1_2_IRQHandler                        0x080002ab   Thumb Code     0  startup_stm32f10x_md.o(.text)
    CAN1_RX1_IRQHandler                      0x080002ab   Thumb Code     0  startup_stm32f10x_md.o(.text)
    CAN1_SCE_IRQHandler                      0x080002ab   Thumb Code     0  startup_stm32f10x_md.o(.text)
    DMA1_Channel1_IRQHandler                 0x080002ab   Thumb Code     0  startup_stm32f10x_md.o(.text)
    DMA1_Channel2_IRQHandler                 0x080002ab   Thumb Code     0  startup_stm32f10x_md.o(.text)
    DMA1_Channel3_IRQHandler                 0x080002ab   Thumb Code     0  startup_stm32f10x_md.o(.text)
    DMA1_Channel4_IRQHandler                 0x080002ab   Thumb Code     0  startup_stm32f10x_md.o(.text)
    DMA1_Channel5_IRQHandler                 0x080002ab   Thumb Code     0  startup_stm32f10x_md.o(.text)
    DMA1_Channel6_IRQHandler                 0x080002ab   Thumb Code     0  startup_stm32f10x_md.o(.text)
    DMA1_Channel7_IRQHandler                 0x080002ab   Thumb Code     0  startup_stm32f10x_md.o(.text)
    EXTI0_IRQHandler                         0x080002ab   Thumb Code     0  startup_stm32f10x_md.o(.text)
    EXTI15_10_IRQHandler                     0x080002ab   Thumb Code     0  startup_stm32f10x_md.o(.text)
    EXTI1_IRQHandler                         0x080002ab   Thumb Code     0  startup_stm32f10x_md.o(.text)
    EXTI2_IRQHandler                         0x080002ab   Thumb Code     0  startup_stm32f10x_md.o(.text)
    EXTI3_IRQHandler                         0x080002ab   Thumb Code     0  startup_stm32f10x_md.o(.text)
    EXTI4_IRQHandler                         0x080002ab   Thumb Code     0  startup_stm32f10x_md.o(.text)
    EXTI9_5_IRQHandler                       0x080002ab   Thumb Code     0  startup_stm32f10x_md.o(.text)
    FLASH_IRQHandler                         0x080002ab   Thumb Code     0  startup_stm32f10x_md.o(.text)
    I2C1_ER_IRQHandler                       0x080002ab   Thumb Code     0  startup_stm32f10x_md.o(.text)
    I2C1_EV_IRQHandler                       0x080002ab   Thumb Code     0  startup_stm32f10x_md.o(.text)
    I2C2_ER_IRQHandler                       0x080002ab   Thumb Code     0  startup_stm32f10x_md.o(.text)
    I2C2_EV_IRQHandler                       0x080002ab   Thumb Code     0  startup_stm32f10x_md.o(.text)
    PVD_IRQHandler                           0x080002ab   Thumb Code     0  startup_stm32f10x_md.o(.text)
    RCC_IRQHandler                           0x080002ab   Thumb Code     0  startup_stm32f10x_md.o(.text)
    RTCAlarm_IRQHandler                      0x080002ab   Thumb Code     0  startup_stm32f10x_md.o(.text)
    RTC_IRQHandler                           0x080002ab   Thumb Code     0  startup_stm32f10x_md.o(.text)
    SPI1_IRQHandler                          0x080002ab   Thumb Code     0  startup_stm32f10x_md.o(.text)
    SPI2_IRQHandler                          0x080002ab   Thumb Code     0  startup_stm32f10x_md.o(.text)
    TAMPER_IRQHandler                        0x080002ab   Thumb Code     0  startup_stm32f10x_md.o(.text)
    TIM1_BRK_IRQHandler                      0x080002ab   Thumb Code     0  startup_stm32f10x_md.o(.text)
    TIM1_CC_IRQHandler                       0x080002ab   Thumb Code     0  startup_stm32f10x_md.o(.text)
    TIM1_TRG_COM_IRQHandler                  0x080002ab   Thumb Code     0  startup_stm32f10x_md.o(.text)
    TIM1_UP_IRQHandler                       0x080002ab   Thumb Code     0  startup_stm32f10x_md.o(.text)
    TIM2_IRQHandler                          0x080002ab   Thumb Code     0  startup_stm32f10x_md.o(.text)
    TIM3_IRQHandler                          0x080002ab   Thumb Code     0  startup_stm32f10x_md.o(.text)
    TIM4_IRQHandler                          0x080002ab   Thumb Code     0  startup_stm32f10x_md.o(.text)
    USART3_IRQHandler                        0x080002ab   Thumb Code     0  startup_stm32f10x_md.o(.text)
    USBWakeUp_IRQHandler                     0x080002ab   Thumb Code     0  startup_stm32f10x_md.o(.text)
    USB_HP_CAN1_TX_IRQHandler                0x080002ab   Thumb Code     0  startup_stm32f10x_md.o(.text)
    USB_LP_CAN1_RX0_IRQHandler               0x080002ab   Thumb Code     0  startup_stm32f10x_md.o(.text)
    WWDG_IRQHandler                          0x080002ab   Thumb Code     0  startup_stm32f10x_md.o(.text)
    __user_initial_stackheap                 0x080002ad   Thumb Code     0  startup_stm32f10x_md.o(.text)
    vfprintf                                 0x080002d1   Thumb Code    10  vfprintf.o(.text)
    __2sprintf                               0x080002dd   Thumb Code    38  __2sprintf.o(.text)
    _printf_pre_padding                      0x08000309   Thumb Code    44  _printf_pad.o(.text)
    _printf_post_padding                     0x08000335   Thumb Code    34  _printf_pad.o(.text)
    _printf_int_dec                          0x08000359   Thumb Code   104  _printf_dec.o(.text)
    __printf                                 0x080003d1   Thumb Code   388  __printf_flags_ss_wp.o(.text)
    __0sscanf                                0x08000559   Thumb Code    52  __0sscanf.o(.text)
    _scanf_int                               0x08000595   Thumb Code   332  _scanf_int.o(.text)
    srand                                    0x080006e1   Thumb Code    42  rand.o(.text)
    _rand_init                               0x0800070b   Thumb Code     4  rand.o(.text)
    strstr                                   0x0800071d   Thumb Code    36  strstr.o(.text)
    strcpy                                   0x08000741   Thumb Code    72  strcpy.o(.text)
    __aeabi_memcpy                           0x08000789   Thumb Code     0  rt_memcpy_v6.o(.text)
    __rt_memcpy                              0x08000789   Thumb Code   138  rt_memcpy_v6.o(.text)
    _memcpy_lastbytes                        0x080007ef   Thumb Code     0  rt_memcpy_v6.o(.text)
    __aeabi_memcpy4                          0x08000813   Thumb Code     0  rt_memcpy_w.o(.text)
    __aeabi_memcpy8                          0x08000813   Thumb Code     0  rt_memcpy_w.o(.text)
    __rt_memcpy_w                            0x08000813   Thumb Code   100  rt_memcpy_w.o(.text)
    _memcpy_lastbytes_aligned                0x0800085b   Thumb Code     0  rt_memcpy_w.o(.text)
    __use_two_region_memory                  0x08000877   Thumb Code     2  heapauxi.o(.text)
    __rt_heap_escrow                         0x08000879   Thumb Code     2  heapauxi.o(.text)
    __rt_heap_expand                         0x0800087b   Thumb Code     2  heapauxi.o(.text)
    _printf_truncate_signed                  0x0800087d   Thumb Code    18  _printf_truncate.o(.text)
    _printf_truncate_unsigned                0x0800088f   Thumb Code    18  _printf_truncate.o(.text)
    _printf_str                              0x080008a1   Thumb Code    82  _printf_str.o(.text)
    _printf_int_common                       0x080008f3   Thumb Code   178  _printf_intcommon.o(.text)
    _printf_charcount                        0x080009a5   Thumb Code    40  _printf_charcount.o(.text)
    _printf_char_common                      0x080009d7   Thumb Code    32  _printf_char_common.o(.text)
    _sputc                                   0x080009fd   Thumb Code    10  _sputc.o(.text)
    _printf_char_file                        0x08000a09   Thumb Code    32  _printf_char_file.o(.text)
    _printf_wctomb                           0x08000a2d   Thumb Code   182  _printf_wctomb.o(.text)
    _printf_longlong_dec                     0x08000ae9   Thumb Code   108  _printf_longlong_dec.o(.text)
    _printf_longlong_oct                     0x08000b65   Thumb Code    66  _printf_oct_int_ll.o(.text)
    _printf_int_oct                          0x08000ba7   Thumb Code    24  _printf_oct_int_ll.o(.text)
    _printf_ll_oct                           0x08000bbf   Thumb Code    12  _printf_oct_int_ll.o(.text)
    _printf_longlong_hex                     0x08000bd5   Thumb Code    86  _printf_hex_int_ll_ptr.o(.text)
    _printf_int_hex                          0x08000c2b   Thumb Code    28  _printf_hex_int_ll_ptr.o(.text)
    _printf_ll_hex                           0x08000c47   Thumb Code    12  _printf_hex_int_ll_ptr.o(.text)
    _printf_hex_ptr                          0x08000c53   Thumb Code    18  _printf_hex_int_ll_ptr.o(.text)
    _chval                                   0x08000c69   Thumb Code    28  _chval.o(.text)
    __vfscanf_char                           0x08000c91   Thumb Code    24  scanf_char.o(.text)
    _sgetc                                   0x08000cb1   Thumb Code    30  _sgetc.o(.text)
    _sbackspace                              0x08000ccf   Thumb Code    34  _sgetc.o(.text)
    __user_libspace                          0x08000cf1   Thumb Code     8  libspace.o(.text)
    __user_perproc_libspace                  0x08000cf1   Thumb Code     0  libspace.o(.text)
    __user_perthread_libspace                0x08000cf1   Thumb Code     0  libspace.o(.text)
    _ll_udiv10                               0x08000cf9   Thumb Code   138  lludiv10.o(.text)
    isspace                                  0x08000d83   Thumb Code    18  isspace.o(.text)
    __lib_sel_fp_printf                      0x08000d95   Thumb Code     2  _printf_fp_dec.o(.text)
    _printf_fp_dec_real                      0x08000f47   Thumb Code   620  _printf_fp_dec.o(.text)
    _printf_fp_hex_real                      0x080011b5   Thumb Code   756  _printf_fp_hex.o(.text)
    _printf_cs_common                        0x080014b1   Thumb Code    20  _printf_char.o(.text)
    _printf_char                             0x080014c5   Thumb Code    16  _printf_char.o(.text)
    _printf_string                           0x080014d5   Thumb Code     8  _printf_char.o(.text)
    _printf_lcs_common                       0x080014dd   Thumb Code    20  _printf_wchar.o(.text)
    _printf_wchar                            0x080014f1   Thumb Code    16  _printf_wchar.o(.text)
    _printf_wstring                          0x08001501   Thumb Code     8  _printf_wchar.o(.text)
    __vfscanf                                0x08001509   Thumb Code   878  _scanf.o(.text)
    _wcrtomb                                 0x0800187d   Thumb Code    64  _wcrtomb.o(.text)
    __I$use$semihosting                      0x080018bd   Thumb Code     0  use_no_semi.o(.text)
    __use_no_semihosting_swi                 0x080018bd   Thumb Code     2  use_no_semi.o(.text)
    __semihosting_library_function           0x080018bf   Thumb Code     0  indicate_semi.o(.text)
    __user_setup_stackheap                   0x080018bf   Thumb Code    74  sys_stackheap_outer.o(.text)
    __rt_ctype_table                         0x08001909   Thumb Code    16  rt_ctype_table.o(.text)
    __rt_locale                              0x08001919   Thumb Code     8  rt_locale_intlibspace.o(.text)
    _printf_fp_infnan                        0x08001921   Thumb Code   112  _printf_fp_infnan.o(.text)
    _btod_etento                             0x080019a1   Thumb Code   224  bigflt0.o(.text)
    exit                                     0x08001a85   Thumb Code    18  exit.o(.text)
    _sys_exit                                0x08001a99   Thumb Code     8  sys_exit.o(.text)
    strcmp                                   0x08001aa5   Thumb Code   128  strcmpv7m.o(.text)
    _btod_d2e                                0x08001b25   Thumb Code    62  btod.o(CL$$btod_d2e)
    _d2e_denorm_low                          0x08001b63   Thumb Code    70  btod.o(CL$$btod_d2e_denorm_low)
    _d2e_norm_op1                            0x08001ba9   Thumb Code    96  btod.o(CL$$btod_d2e_norm_op1)
    __btod_div_common                        0x08001c09   Thumb Code   696  btod.o(CL$$btod_div_common)
    _e2e                                     0x08001f41   Thumb Code   220  btod.o(CL$$btod_e2e)
    _btod_ediv                               0x0800201d   Thumb Code    42  btod.o(CL$$btod_ediv)
    _btod_emul                               0x08002047   Thumb Code    42  btod.o(CL$$btod_emul)
    __btod_mult_common                       0x08002071   Thumb Code   580  btod.o(CL$$btod_mult_common)
    ADC_Cmd                                  0x080022b5   Thumb Code    22  stm32f10x_adc.o(i.ADC_Cmd)
    ADC_DeInit                               0x080022cd   Thumb Code    78  stm32f10x_adc.o(i.ADC_DeInit)
    ADC_GetCalibrationStatus                 0x08002329   Thumb Code    20  stm32f10x_adc.o(i.ADC_GetCalibrationStatus)
    ADC_GetFlagStatus                        0x0800233d   Thumb Code    18  stm32f10x_adc.o(i.ADC_GetFlagStatus)
    ADC_GetResetCalibrationStatus            0x0800234f   Thumb Code    20  stm32f10x_adc.o(i.ADC_GetResetCalibrationStatus)
    ADC_Init                                 0x08002365   Thumb Code    70  stm32f10x_adc.o(i.ADC_Init)
    ADC_RegularChannelConfig                 0x080023b5   Thumb Code   184  stm32f10x_adc.o(i.ADC_RegularChannelConfig)
    ADC_ResetCalibration                     0x0800246d   Thumb Code    10  stm32f10x_adc.o(i.ADC_ResetCalibration)
    ADC_SoftwareStartConvCmd                 0x08002477   Thumb Code    22  stm32f10x_adc.o(i.ADC_SoftwareStartConvCmd)
    ADC_StartCalibration                     0x0800248d   Thumb Code    10  stm32f10x_adc.o(i.ADC_StartCalibration)
    ADC_TempSensorVrefintCmd                 0x08002499   Thumb Code    30  stm32f10x_adc.o(i.ADC_TempSensorVrefintCmd)
    CRC_CalcCRC                              0x080024bd   Thumb Code    10  stm32f10x_crc.o(i.CRC_CalcCRC)
    CRC_ResetDR                              0x080024cd   Thumb Code     8  stm32f10x_crc.o(i.CRC_ResetDR)
    DMA_Cmd                                  0x080024d9   Thumb Code    24  stm32f10x_dma.o(i.DMA_Cmd)
    DMA_DeInit                               0x080024f1   Thumb Code   324  stm32f10x_dma.o(i.DMA_DeInit)
    DMA_Init                                 0x0800263d   Thumb Code    60  stm32f10x_dma.o(i.DMA_Init)
    Display_init                             0x08002679   Thumb Code    38  display_kingbright.o(i.Display_init)
    RCC_AHBPeriphClockCmd                    0x080026bd   Thumb Code    26  stm32f10x_rcc.o(i.RCC_AHBPeriphClockCmd)
    RCC_APB1PeriphClockCmd                   0x080026dd   Thumb Code    26  stm32f10x_rcc.o(i.RCC_APB1PeriphClockCmd)
    RCC_APB1PeriphResetCmd                   0x080026fd   Thumb Code    26  stm32f10x_rcc.o(i.RCC_APB1PeriphResetCmd)
    RCC_APB2PeriphClockCmd                   0x0800271d   Thumb Code    26  stm32f10x_rcc.o(i.RCC_APB2PeriphClockCmd)
    RCC_APB2PeriphResetCmd                   0x0800273d   Thumb Code    26  stm32f10x_rcc.o(i.RCC_APB2PeriphResetCmd)
    RCC_GetClocksFreq                        0x0800275d   Thumb Code   192  stm32f10x_rcc.o(i.RCC_GetClocksFreq)
    RCC_PLLCmd                               0x08002835   Thumb Code     6  stm32f10x_rcc.o(i.RCC_PLLCmd)
    RCC_PLLConfig                            0x08002841   Thumb Code    24  stm32f10x_rcc.o(i.RCC_PLLConfig)
    SPI_Cmd                                  0x0800285d   Thumb Code    24  stm32f10x_spi.o(i.SPI_Cmd)
    SPI_Init                                 0x08002875   Thumb Code    60  stm32f10x_spi.o(i.SPI_Init)
    SysTick_Handler                          0x08002999   Thumb Code   108  systick_timer.o(i.SysTick_Handler)
    SystemInit                               0x08002a11   Thumb Code    78  system_stm32f10x.o(i.SystemInit)
    TEST_get_frame                           0x08002a71   Thumb Code    26  player.o(i.TEST_get_frame)
    USART1_IRQHandler                        0x08002a95   Thumb Code    66  uart.o(i.USART1_IRQHandler)
    USART2_IRQHandler                        0x08002add   Thumb Code    66  uart.o(i.USART2_IRQHandler)
    USART_Cmd                                0x08002b25   Thumb Code    24  stm32f10x_usart.o(i.USART_Cmd)
    USART_DMACmd                             0x08002b3d   Thumb Code    18  stm32f10x_usart.o(i.USART_DMACmd)
    USART_DeInit                             0x08002b51   Thumb Code   134  stm32f10x_usart.o(i.USART_DeInit)
    USART_Init                               0x08002bed   Thumb Code   210  stm32f10x_usart.o(i.USART_Init)
    __ARM_fpclassify                         0x08002cc5   Thumb Code    40  fpclassify.o(i.__ARM_fpclassify)
    _is_digit                                0x08002ced   Thumb Code    14  __printf_wp.o(i._is_digit)
    at25df_erase                             0x08002d21   Thumb Code    34  at25df.o(i.at25df_erase)
    at25df_erase_block4k                     0x08002d71   Thumb Code    34  at25df.o(i.at25df_erase_block4k)
    at25df_erase_block64k                    0x08002d99   Thumb Code    34  at25df.o(i.at25df_erase_block64k)
    at25df_init                              0x08002dcd   Thumb Code    18  at25df.o(i.at25df_init)
    at25df_read                              0x08002e0d   Thumb Code    58  at25df.o(i.at25df_read)
    at25df_set_swp_bits                      0x08002e5d   Thumb Code    26  at25df.o(i.at25df_set_swp_bits)
    at25df_write                             0x08002ef9   Thumb Code    58  at25df.o(i.at25df_write)
    auto_start_next_frame                    0x08002fcd   Thumb Code    78  player.o(i.auto_start_next_frame)
    buttonTask                               0x08003021   Thumb Code   248  buttons.o(i.buttonTask)
    clust2sect                               0x080031f9   Thumb Code    26  ff.o(i.clust2sect)
    crc16                                    0x08003213   Thumb Code    36  fatfs_diskio_sdcard_spi.o(i.crc16)
    crc32hw                                  0x08003257   Thumb Code   208  crc32.o(i.crc32hw)
    crc32hw_append                           0x08003327   Thumb Code    82  crc32.o(i.crc32hw_append)
    delay_ms                                 0x08003679   Thumb Code    22  delay.o(i.delay_ms)
    delay_us                                 0x0800368f   Thumb Code    24  delay.o(i.delay_us)
    disk_initialize                          0x080039b5   Thumb Code    20  fatfs_diskio_sdcard_spi.o(i.disk_initialize)
    disk_read                                0x080039cd   Thumb Code    50  fatfs_diskio_sdcard_spi.o(i.disk_read)
    disk_status                              0x08003a05   Thumb Code    16  fatfs_diskio_sdcard_spi.o(i.disk_status)
    disk_write                               0x08003a19   Thumb Code    50  fatfs_diskio_sdcard_spi.o(i.disk_write)
    dislay_Handler                           0x08003a51   Thumb Code   166  display_kingbright.o(i.dislay_Handler)
    dprintf                                  0x08003af9   Thumb Code    28  dprintf.o(i.dprintf)
    f_closedir                               0x08003b19   Thumb Code    22  ff.o(i.f_closedir)
    f_mount                                  0x08003b31   Thumb Code    78  ff.o(i.f_mount)
    f_open                                   0x08003b85   Thumb Code   354  ff.o(i.f_open)
    f_opendir                                0x08003ce7   Thumb Code   110  ff.o(i.f_opendir)
    f_read                                   0x08003d55   Thumb Code   418  ff.o(i.f_read)
    f_readdir                                0x08003ef7   Thumb Code    88  ff.o(i.f_readdir)
    ferror                                   0x08003f4f   Thumb Code     8  dprintf.o(i.ferror)
    fifo_flush                               0x08003f57   Thumb Code    30  fifo.o(i.fifo_flush)
    fifo_get_byte                            0x08003f75   Thumb Code    66  fifo.o(i.fifo_get_byte)
    fifo_put_byte                            0x08003fb7   Thumb Code    44  fifo.o(i.fifo_put_byte)
    fileStorageInit                          0x08003fe5   Thumb Code   160  at25db321_filestrorage.o(i.fileStorageInit)
    fileStorage_erase                        0x080040d5   Thumb Code    78  at25db321_filestrorage.o(i.fileStorage_erase)
    fileStorage_finalize                     0x08004129   Thumb Code   180  at25db321_filestrorage.o(i.fileStorage_finalize)
    fileStorage_write                        0x08004251   Thumb Code   182  at25db321_filestrorage.o(i.fileStorage_write)
    fill_frame                               0x0800432d   Thumb Code    14  player.o(i.fill_frame)
    fputc                                    0x08004755   Thumb Code    38  dprintf.o(i.fputc)
    get_fat                                  0x08004781   Thumb Code   228  ff.o(i.get_fat)
    get_fattime                              0x08004865   Thumb Code    70  fatfs_diskio_sdcard_spi.o(i.get_fattime)
    hwif_init                                0x080049d5   Thumb Code    84  fatfs_diskio_sdcard_spi.o(i.hwif_init)
    initLowLevel                             0x08004a29   Thumb Code   162  low_level0.o(i.initLowLevel)
    init_dig                                 0x08004bd1   Thumb Code    26  display_kingbright.o(i.init_dig)
    init_symbol                              0x08005471   Thumb Code    72  display_kingbright.o(i.init_symbol)
    main                                     0x080054d9   Thumb Code    84  main.o(i.main)
    matching_symbol                          0x080055a9   Thumb Code   288  display_kingbright.o(i.matching_symbol)
    menu_handler                             0x0800571d   Thumb Code    36  display_menu.o(i.menu_handler)
    menu_init                                0x08005749   Thumb Code    16  display_menu.o(i.menu_init)
    payer_handler                            0x08005819   Thumb Code    24  player.o(i.payer_handler)
    pin_bssr                                 0x08005835   Thumb Code   242  display_kingbright.o(i.pin_bssr)
    player_play_mem                          0x08005927   Thumb Code    28  player.o(i.player_play_mem)
    player_start_mem                         0x08005945   Thumb Code    36  player.o(i.player_start_mem)
    player_stop_mem                          0x08005971   Thumb Code    20  player.o(i.player_stop_mem)
    put_fat                                  0x08005989   Thumb Code   310  ff.o(i.put_fat)
    randomizer_init                          0x08005ac1   Thumb Code   188  randomizer.o(i.randomizer_init)
    rcc_adc                                  0x08005b81   Thumb Code    72  rcc.o(i.rcc_adc)
    rf_binding                               0x08005c41   Thumb Code   136  rf_parser.o(i.rf_binding)
    rf_init                                  0x08005ce1   Thumb Code    88  rf_parser.o(i.rf_init)
    rf_sendStartCmd                          0x08005dd1   Thumb Code    76  rf_parser.o(i.rf_sendStartCmd)
    rf_sendStopCmd                           0x08005e29   Thumb Code    46  rf_parser.o(i.rf_sendStopCmd)
    rf_set_channel                           0x08005e65   Thumb Code    46  rf_parser.o(i.rf_set_channel)
    rf_task                                  0x08005ea9   Thumb Code    34  rf_parser.o(i.rf_task)
    sdTask                                   0x08006059   Thumb Code    18  filetransfer.o(i.sdTask)
    sd_read                                  0x080065bd   Thumb Code    78  fatfs_diskio_sdcard_spi.o(i.sd_read)
    sd_write                                 0x08006889   Thumb Code    78  fatfs_diskio_sdcard_spi.o(i.sd_write)
    set_string                               0x08006a69   Thumb Code    42  display_kingbright.o(i.set_string)
    software_timer                           0x08006a95   Thumb Code    60  systick_timer.o(i.software_timer)
    software_timer_start                     0x08006ad5   Thumb Code    18  systick_timer.o(i.software_timer_start)
    spi_init                                 0x08006af1   Thumb Code    22  spi_bitbang.o(i.spi_init)
    spi_transfer                             0x08006b11   Thumb Code   108  spi_bitbang.o(i.spi_transfer)
    spi_transfer_block                       0x08006b81   Thumb Code    44  spi_bitbang.o(i.spi_transfer_block)
    spi_write_block                          0x08006bbd   Thumb Code    28  spi_bitbang.o(i.spi_write_block)
    sx1276_InitLoRaMode                      0x08006d23   Thumb Code   410  sx1276_transc.o(i.sx1276_InitLoRaMode)
    sx1276_LoRa_SetFrequency                 0x08006ebd   Thumb Code   102  sx1276_transc.o(i.sx1276_LoRa_SetFrequency)
    sx1276_LoRa_SetMode                      0x08006f23   Thumb Code    42  sx1276_transc.o(i.sx1276_LoRa_SetMode)
    sx1276_LoRa_sendPacket                   0x08006f4d   Thumb Code    62  sx1276_transc.o(i.sx1276_LoRa_sendPacket)
    sx1276_LoRa_startRx                      0x08006f8b   Thumb Code    18  sx1276_transc.o(i.sx1276_LoRa_startRx)
    sx1276_LoRa_updateState                  0x08006f9d   Thumb Code   260  sx1276_transc.o(i.sx1276_LoRa_updateState)
    symbol_enable                            0x080070a9   Thumb Code   328  display_kingbright.o(i.symbol_enable)
    systick_timer_init                       0x0800723d   Thumb Code    74  systick_timer.o(i.systick_timer_init)
    transceiverTask                          0x08007295   Thumb Code    18  low_level0.o(i.transceiverTask)
    uart_flush                               0x080072b1   Thumb Code    14  uart.o(i.uart_flush)
    uart_init                                0x080072c1   Thumb Code    64  uart.o(i.uart_init)
    uart_putc                                0x080073ed   Thumb Code    50  uart.o(i.uart_putc)
    uni_eeprom_check_in                      0x0800741f   Thumb Code   120  uni_eeprom.o(i.uni_eeprom_check_in)
    uni_eeprom_check_page_empty              0x08007497   Thumb Code    52  uni_eeprom.o(i.uni_eeprom_check_page_empty)
    uni_eeprom_check_page_overload_or_impossible_write 0x080074cb   Thumb Code    84  uni_eeprom.o(i.uni_eeprom_check_page_overload_or_impossible_write)
    uni_eeprom_data_find                     0x0800751f   Thumb Code   152  uni_eeprom.o(i.uni_eeprom_data_find)
    uni_eeprom_data_load                     0x080075b7   Thumb Code    46  uni_eeprom.o(i.uni_eeprom_data_load)
    uni_eeprom_data_save                     0x080075e5   Thumb Code   268  uni_eeprom.o(i.uni_eeprom_data_save)
    uni_eeprom_init                          0x080076f1   Thumb Code    26  uni_eeprom.o(i.uni_eeprom_init)
    uni_eeprom_init_and_get                  0x0800770b   Thumb Code    32  uni_eeprom.o(i.uni_eeprom_init_and_get)
    uni_eeprom_page_erase                    0x0800772b   Thumb Code    46  uni_eeprom.o(i.uni_eeprom_page_erase)
    uni_eeprom_reset_out                     0x08007759   Thumb Code    48  uni_eeprom.o(i.uni_eeprom_reset_out)
    uni_flash_check_page_number              0x08007789   Thumb Code    14  uni_flash.o(i.uni_flash_check_page_number)
    uni_flash_erase_page                     0x08007799   Thumb Code   100  uni_flash.o(i.uni_flash_erase_page)
    uni_flash_get_page_address_end           0x08007809   Thumb Code    28  uni_flash.o(i.uni_flash_get_page_address_end)
    uni_flash_get_page_address_start         0x08007825   Thumb Code    24  uni_flash.o(i.uni_flash_get_page_address_start)
    uni_flash_start_programming              0x0800783d   Thumb Code    58  uni_flash.o(i.uni_flash_start_programming)
    uni_flash_stop_programming               0x08007885   Thumb Code    24  uni_flash.o(i.uni_flash_stop_programming)
    uni_flash_write_block                    0x080078a1   Thumb Code   146  uni_flash.o(i.uni_flash_write_block)
    _get_lc_numeric                          0x08007971   Thumb Code    44  lc_numeric_c.o(locale$$code)
    _get_lc_ctype                            0x0800799d   Thumb Code    44  lc_ctype_c.o(locale$$code)
    __aeabi_d2uiz                            0x080079c9   Thumb Code     0  dfixu.o(x$fpl$dfixu)
    _dfixu                                   0x080079c9   Thumb Code    90  dfixu.o(x$fpl$dfixu)
    __aeabi_ui2d                             0x08007a23   Thumb Code     0  dflt_clz.o(x$fpl$dfltu)
    _dfltu                                   0x08007a23   Thumb Code    38  dflt_clz.o(x$fpl$dfltu)
    __aeabi_dmul                             0x08007a49   Thumb Code     0  dmul.o(x$fpl$dmul)
    _dmul                                    0x08007a49   Thumb Code   332  dmul.o(x$fpl$dmul)
    __fpl_dnaninf                            0x08007b9d   Thumb Code   156  dnaninf.o(x$fpl$dnaninf)
    __fpl_dretinf                            0x08007c39   Thumb Code    12  dretinf.o(x$fpl$dretinf)
    __aeabi_fdiv                             0x08007c45   Thumb Code     0  fdiv.o(x$fpl$fdiv)
    _fdiv                                    0x08007c45   Thumb Code   384  fdiv.o(x$fpl$fdiv)
    __aeabi_f2uiz                            0x08007dc9   Thumb Code     0  ffixu.o(x$fpl$ffixu)
    _ffixu                                   0x08007dc9   Thumb Code    62  ffixu.o(x$fpl$ffixu)
    __aeabi_ui2f                             0x08007e09   Thumb Code     0  fflt_clz.o(x$fpl$ffltu)
    _ffltu                                   0x08007e09   Thumb Code    38  fflt_clz.o(x$fpl$ffltu)
    __aeabi_fmul                             0x08007e31   Thumb Code     0  fmul.o(x$fpl$fmul)
    _fmul                                    0x08007e31   Thumb Code   258  fmul.o(x$fpl$fmul)
    __fpl_fnaninf                            0x08007f33   Thumb Code   140  fnaninf.o(x$fpl$fnaninf)
    __fpl_fretinf                            0x08007fbf   Thumb Code    10  fretinf.o(x$fpl$fretinf)
    _printf_fp_dec                           0x08007fc9   Thumb Code     4  printf1.o(x$fpl$printf1)
    _printf_fp_hex                           0x08007fcd   Thumb Code     4  printf2.o(x$fpl$printf2)
    __I$use$fp                               0x08007fd0   Number         0  usenofp.o(x$fpl$usenofp)
    Region$$Table$$Base                      0x080081ac   Number         0  anon$$obj.o(Region$$Table)
    Region$$Table$$Limit                     0x080081cc   Number         0  anon$$obj.o(Region$$Table)
    __ctype                                  0x080081f5   Data           0  lc_ctype_c.o(locale$$data)
    uart1                                    0x20000014   Data          36  uart.o(.data)
    uart2                                    0x20000038   Data          36  uart.o(.data)
    __stdout                                 0x20000064   Data           4  dprintf.o(.data)
    __stdin                                  0x20000068   Data           4  dprintf.o(.data)
    at25df_busy                              0x20000074   Data           4  at25df.o(.data)
    my_coverter                              0x2000007e   Data           2  main.o(.data)
    channel                                  0x20000080   Data           2  main.o(.data)
    page_number                              0x20000086   Data           1  display_menu.o(.data)
    this_channel                             0x20000088   Data           2  display_menu.o(.data)
    temp_mem                                 0x20000093   Data         525  player.o(.data)
    systick_timer                            0x200006a0   Data          24  systick_timer.o(.bss)
    fStorage                                 0x200006b8   Data         524  at25db321_filestrorage.o(.bss)
    transc                                   0x200008c4   Data         392  main.o(.bss)
    transc_update                            0x20000a4c   Data          20  main.o(.bss)
    my_memory                                0x20000a60   Data          16  main.o(.bss)
    my_player                                0x20000a70   Data         228  main.o(.bss)
    my_display                               0x20000b54   Data         120  main.o(.bss)
    test                                     0x20000bcc   Data          20  main.o(.bss)
    hw                                       0x20000f90   Data          16  fatfs_diskio_sdcard_spi.o(.bss)
    _random_number_data                      0x20000fa0   Data         228  rand.o(.bss)
    __libspace_start                         0x20001084   Data          96  libspace.o(.bss)
    __temporary_stack_top$libspace           0x200010e4   Data           0  libspace.o(.bss)



==============================================================================

Memory Map of the image

  Image Entry point : 0x08000291

  Load Region LR_1 (Base: 0x08000000, Size: 0x00008598, Max: 0xffffffff, ABSOLUTE, COMPRESSED[0x00008388])

    Execution Region ER_RO (Exec base: 0x08000000, Load base: 0x08000000, Size: 0x000082f8, Max: 0xffffffff, ABSOLUTE)

    Exec Addr    Load Addr    Size         Type   Attr      Idx    E Section Name        Object

    0x08000000   0x08000000   0x000000ec   Data   RO          132    RESET               startup_stm32f10x_md.o
    0x080000ec   0x080000ec   0x00000008   Code   RO         4205  * !!!main             c_w.l(__main.o)
    0x080000f4   0x080000f4   0x00000034   Code   RO         4598    !!!scatter          c_w.l(__scatter.o)
    0x08000128   0x08000128   0x0000005a   Code   RO         4596    !!dczerorl2         c_w.l(__dczerorl2.o)
    0x08000182   0x08000182   0x00000002   PAD
    0x08000184   0x08000184   0x0000001c   Code   RO         4600    !!handler_zi        c_w.l(__scatter_zi.o)
    0x080001a0   0x080001a0   0x00000000   Code   RO         4183    .ARM.Collect$$_printf_percent$$00000000  c_w.l(_printf_percent.o)
    0x080001a0   0x080001a0   0x00000006   Code   RO         4317    .ARM.Collect$$_printf_percent$$00000001  c_w.l(_printf_n.o)
    0x080001a6   0x080001a6   0x00000006   Code   RO         4319    .ARM.Collect$$_printf_percent$$00000002  c_w.l(_printf_p.o)
    0x080001ac   0x080001ac   0x00000006   Code   RO         4323    .ARM.Collect$$_printf_percent$$00000003  c_w.l(_printf_f.o)
    0x080001b2   0x080001b2   0x00000006   Code   RO         4324    .ARM.Collect$$_printf_percent$$00000004  c_w.l(_printf_e.o)
    0x080001b8   0x080001b8   0x00000006   Code   RO         4325    .ARM.Collect$$_printf_percent$$00000005  c_w.l(_printf_g.o)
    0x080001be   0x080001be   0x00000006   Code   RO         4326    .ARM.Collect$$_printf_percent$$00000006  c_w.l(_printf_a.o)
    0x080001c4   0x080001c4   0x0000000a   Code   RO         4331    .ARM.Collect$$_printf_percent$$00000007  c_w.l(_printf_ll.o)
    0x080001ce   0x080001ce   0x00000006   Code   RO         4321    .ARM.Collect$$_printf_percent$$00000008  c_w.l(_printf_i.o)
    0x080001d4   0x080001d4   0x00000006   Code   RO         4182    .ARM.Collect$$_printf_percent$$00000009  c_w.l(_printf_d.o)
    0x080001da   0x080001da   0x00000006   Code   RO         4322    .ARM.Collect$$_printf_percent$$0000000A  c_w.l(_printf_u.o)
    0x080001e0   0x080001e0   0x00000006   Code   RO         4320    .ARM.Collect$$_printf_percent$$0000000B  c_w.l(_printf_o.o)
    0x080001e6   0x080001e6   0x00000006   Code   RO         4318    .ARM.Collect$$_printf_percent$$0000000C  c_w.l(_printf_x.o)
    0x080001ec   0x080001ec   0x00000006   Code   RO         4328    .ARM.Collect$$_printf_percent$$0000000D  c_w.l(_printf_lli.o)
    0x080001f2   0x080001f2   0x00000006   Code   RO         4329    .ARM.Collect$$_printf_percent$$0000000E  c_w.l(_printf_lld.o)
    0x080001f8   0x080001f8   0x00000006   Code   RO         4330    .ARM.Collect$$_printf_percent$$0000000F  c_w.l(_printf_llu.o)
    0x080001fe   0x080001fe   0x00000006   Code   RO         4335    .ARM.Collect$$_printf_percent$$00000010  c_w.l(_printf_llo.o)
    0x08000204   0x08000204   0x00000006   Code   RO         4336    .ARM.Collect$$_printf_percent$$00000011  c_w.l(_printf_llx.o)
    0x0800020a   0x0800020a   0x0000000a   Code   RO         4332    .ARM.Collect$$_printf_percent$$00000012  c_w.l(_printf_l.o)
    0x08000214   0x08000214   0x00000006   Code   RO         4315    .ARM.Collect$$_printf_percent$$00000013  c_w.l(_printf_c.o)
    0x0800021a   0x0800021a   0x00000006   Code   RO         4316    .ARM.Collect$$_printf_percent$$00000014  c_w.l(_printf_s.o)
    0x08000220   0x08000220   0x00000006   Code   RO         4333    .ARM.Collect$$_printf_percent$$00000015  c_w.l(_printf_lc.o)
    0x08000226   0x08000226   0x00000006   Code   RO         4334    .ARM.Collect$$_printf_percent$$00000016  c_w.l(_printf_ls.o)
    0x0800022c   0x0800022c   0x00000004   Code   RO         4327    .ARM.Collect$$_printf_percent$$00000017  c_w.l(_printf_percent_end.o)
    0x08000230   0x08000230   0x00000002   Code   RO         4526    .ARM.Collect$$libinit$$00000000  c_w.l(libinit.o)
    0x08000232   0x08000232   0x00000000   Code   RO         4346    .ARM.Collect$$libinit$$00000002  c_w.l(libinit2.o)
    0x08000232   0x08000232   0x00000000   Code   RO         4348    .ARM.Collect$$libinit$$00000004  c_w.l(libinit2.o)
    0x08000232   0x08000232   0x00000000   Code   RO         4351    .ARM.Collect$$libinit$$0000000A  c_w.l(libinit2.o)
    0x08000232   0x08000232   0x00000000   Code   RO         4353    .ARM.Collect$$libinit$$0000000C  c_w.l(libinit2.o)
    0x08000232   0x08000232   0x00000004   Code   RO         4354    .ARM.Collect$$libinit$$0000000D  c_w.l(libinit2.o)
    0x08000236   0x08000236   0x00000000   Code   RO         4355    .ARM.Collect$$libinit$$0000000E  c_w.l(libinit2.o)
    0x08000236   0x08000236   0x00000006   Code   RO         4356    .ARM.Collect$$libinit$$0000000F  c_w.l(libinit2.o)
    0x0800023c   0x0800023c   0x00000000   Code   RO         4358    .ARM.Collect$$libinit$$00000011  c_w.l(libinit2.o)
    0x0800023c   0x0800023c   0x0000000c   Code   RO         4359    .ARM.Collect$$libinit$$00000012  c_w.l(libinit2.o)
    0x08000248   0x08000248   0x00000000   Code   RO         4360    .ARM.Collect$$libinit$$00000013  c_w.l(libinit2.o)
    0x08000248   0x08000248   0x00000000   Code   RO         4362    .ARM.Collect$$libinit$$00000015  c_w.l(libinit2.o)
    0x08000248   0x08000248   0x0000000a   Code   RO         4363    .ARM.Collect$$libinit$$00000016  c_w.l(libinit2.o)
    0x08000252   0x08000252   0x00000000   Code   RO         4364    .ARM.Collect$$libinit$$00000017  c_w.l(libinit2.o)
    0x08000252   0x08000252   0x00000000   Code   RO         4366    .ARM.Collect$$libinit$$00000019  c_w.l(libinit2.o)
    0x08000252   0x08000252   0x00000000   Code   RO         4368    .ARM.Collect$$libinit$$0000001B  c_w.l(libinit2.o)
    0x08000252   0x08000252   0x00000000   Code   RO         4370    .ARM.Collect$$libinit$$0000001D  c_w.l(libinit2.o)
    0x08000252   0x08000252   0x00000000   Code   RO         4372    .ARM.Collect$$libinit$$0000001F  c_w.l(libinit2.o)
    0x08000252   0x08000252   0x00000000   Code   RO         4374    .ARM.Collect$$libinit$$00000021  c_w.l(libinit2.o)
    0x08000252   0x08000252   0x00000000   Code   RO         4376    .ARM.Collect$$libinit$$00000023  c_w.l(libinit2.o)
    0x08000252   0x08000252   0x00000000   Code   RO         4378    .ARM.Collect$$libinit$$00000025  c_w.l(libinit2.o)
    0x08000252   0x08000252   0x00000000   Code   RO         4382    .ARM.Collect$$libinit$$0000002C  c_w.l(libinit2.o)
    0x08000252   0x08000252   0x00000000   Code   RO         4384    .ARM.Collect$$libinit$$0000002E  c_w.l(libinit2.o)
    0x08000252   0x08000252   0x00000000   Code   RO         4386    .ARM.Collect$$libinit$$00000030  c_w.l(libinit2.o)
    0x08000252   0x08000252   0x00000000   Code   RO         4388    .ARM.Collect$$libinit$$00000032  c_w.l(libinit2.o)
    0x08000252   0x08000252   0x00000002   Code   RO         4389    .ARM.Collect$$libinit$$00000033  c_w.l(libinit2.o)
    0x08000254   0x08000254   0x00000002   Code   RO         4593    .ARM.Collect$$libshutdown$$00000000  c_w.l(libshutdown.o)
    0x08000256   0x08000256   0x00000000   Code   RO         4549    .ARM.Collect$$libshutdown$$00000002  c_w.l(libshutdown2.o)
    0x08000256   0x08000256   0x00000000   Code   RO         4551    .ARM.Collect$$libshutdown$$00000004  c_w.l(libshutdown2.o)
    0x08000256   0x08000256   0x00000000   Code   RO         4554    .ARM.Collect$$libshutdown$$00000007  c_w.l(libshutdown2.o)
    0x08000256   0x08000256   0x00000000   Code   RO         4557    .ARM.Collect$$libshutdown$$0000000A  c_w.l(libshutdown2.o)
    0x08000256   0x08000256   0x00000000   Code   RO         4559    .ARM.Collect$$libshutdown$$0000000C  c_w.l(libshutdown2.o)
    0x08000256   0x08000256   0x00000000   Code   RO         4562    .ARM.Collect$$libshutdown$$0000000F  c_w.l(libshutdown2.o)
    0x08000256   0x08000256   0x00000002   Code   RO         4563    .ARM.Collect$$libshutdown$$00000010  c_w.l(libshutdown2.o)
    0x08000258   0x08000258   0x00000000   Code   RO         4243    .ARM.Collect$$rtentry$$00000000  c_w.l(__rtentry.o)
    0x08000258   0x08000258   0x00000000   Code   RO         4413    .ARM.Collect$$rtentry$$00000002  c_w.l(__rtentry2.o)
    0x08000258   0x08000258   0x00000006   Code   RO         4425    .ARM.Collect$$rtentry$$00000004  c_w.l(__rtentry4.o)
    0x0800025e   0x0800025e   0x00000000   Code   RO         4415    .ARM.Collect$$rtentry$$00000009  c_w.l(__rtentry2.o)
    0x0800025e   0x0800025e   0x00000004   Code   RO         4416    .ARM.Collect$$rtentry$$0000000A  c_w.l(__rtentry2.o)
    0x08000262   0x08000262   0x00000000   Code   RO         4418    .ARM.Collect$$rtentry$$0000000C  c_w.l(__rtentry2.o)
    0x08000262   0x08000262   0x00000008   Code   RO         4419    .ARM.Collect$$rtentry$$0000000D  c_w.l(__rtentry2.o)
    0x0800026a   0x0800026a   0x00000002   Code   RO         4533    .ARM.Collect$$rtexit$$00000000  c_w.l(rtexit.o)
    0x0800026c   0x0800026c   0x00000000   Code   RO         4567    .ARM.Collect$$rtexit$$00000002  c_w.l(rtexit2.o)
    0x0800026c   0x0800026c   0x00000004   Code   RO         4568    .ARM.Collect$$rtexit$$00000003  c_w.l(rtexit2.o)
    0x08000270   0x08000270   0x00000006   Code   RO         4569    .ARM.Collect$$rtexit$$00000004  c_w.l(rtexit2.o)
    0x08000276   0x08000276   0x00000002   PAD
    0x08000278   0x08000278   0x0000000c   Code   RO         1976    .emb_text           fifo.o
    0x08000284   0x08000284   0x0000000c   Code   RO         3166    .emb_text           uni_flash.o
    0x08000290   0x08000290   0x00000040   Code   RO          133  * .text               startup_stm32f10x_md.o
    0x080002d0   0x080002d0   0x0000000a   Code   RO         4150    .text               c_w.l(vfprintf.o)
    0x080002da   0x080002da   0x00000002   PAD
    0x080002dc   0x080002dc   0x0000002c   Code   RO         4152    .text               c_w.l(__2sprintf.o)
    0x08000308   0x08000308   0x0000004e   Code   RO         4158    .text               c_w.l(_printf_pad.o)
    0x08000356   0x08000356   0x00000002   PAD
    0x08000358   0x08000358   0x00000078   Code   RO         4160    .text               c_w.l(_printf_dec.o)
    0x080003d0   0x080003d0   0x00000188   Code   RO         4179    .text               c_w.l(__printf_flags_ss_wp.o)
    0x08000558   0x08000558   0x0000003c   Code   RO         4184    .text               c_w.l(__0sscanf.o)
    0x08000594   0x08000594   0x0000014c   Code   RO         4186    .text               c_w.l(_scanf_int.o)
    0x080006e0   0x080006e0   0x0000003c   Code   RO         4189    .text               c_w.l(rand.o)
    0x0800071c   0x0800071c   0x00000024   Code   RO         4193    .text               c_w.l(strstr.o)
    0x08000740   0x08000740   0x00000048   Code   RO         4197    .text               c_w.l(strcpy.o)
    0x08000788   0x08000788   0x0000008a   Code   RO         4199    .text               c_w.l(rt_memcpy_v6.o)
    0x08000812   0x08000812   0x00000064   Code   RO         4201    .text               c_w.l(rt_memcpy_w.o)
    0x08000876   0x08000876   0x00000006   Code   RO         4203    .text               c_w.l(heapauxi.o)
    0x0800087c   0x0800087c   0x00000024   Code   RO         4269    .text               c_w.l(_printf_truncate.o)
    0x080008a0   0x080008a0   0x00000052   Code   RO         4271    .text               c_w.l(_printf_str.o)
    0x080008f2   0x080008f2   0x000000b2   Code   RO         4273    .text               c_w.l(_printf_intcommon.o)
    0x080009a4   0x080009a4   0x00000028   Code   RO         4275    .text               c_w.l(_printf_charcount.o)
    0x080009cc   0x080009cc   0x00000030   Code   RO         4277    .text               c_w.l(_printf_char_common.o)
    0x080009fc   0x080009fc   0x0000000a   Code   RO         4279    .text               c_w.l(_sputc.o)
    0x08000a06   0x08000a06   0x00000002   PAD
    0x08000a08   0x08000a08   0x00000024   Code   RO         4281    .text               c_w.l(_printf_char_file.o)
    0x08000a2c   0x08000a2c   0x000000bc   Code   RO         4283    .text               c_w.l(_printf_wctomb.o)
    0x08000ae8   0x08000ae8   0x0000007c   Code   RO         4286    .text               c_w.l(_printf_longlong_dec.o)
    0x08000b64   0x08000b64   0x00000070   Code   RO         4292    .text               c_w.l(_printf_oct_int_ll.o)
    0x08000bd4   0x08000bd4   0x00000094   Code   RO         4312    .text               c_w.l(_printf_hex_int_ll_ptr.o)
    0x08000c68   0x08000c68   0x0000001c   Code   RO         4337    .text               c_w.l(_chval.o)
    0x08000c84   0x08000c84   0x0000002c   Code   RO         4339    .text               c_w.l(scanf_char.o)
    0x08000cb0   0x08000cb0   0x00000040   Code   RO         4341    .text               c_w.l(_sgetc.o)
    0x08000cf0   0x08000cf0   0x00000008   Code   RO         4409    .text               c_w.l(libspace.o)
    0x08000cf8   0x08000cf8   0x0000008a   Code   RO         4435    .text               c_w.l(lludiv10.o)
    0x08000d82   0x08000d82   0x00000012   Code   RO         4437    .text               c_w.l(isspace.o)
    0x08000d94   0x08000d94   0x0000041e   Code   RO         4439    .text               c_w.l(_printf_fp_dec.o)
    0x080011b2   0x080011b2   0x00000002   PAD
    0x080011b4   0x080011b4   0x000002fc   Code   RO         4441    .text               c_w.l(_printf_fp_hex.o)
    0x080014b0   0x080014b0   0x0000002c   Code   RO         4446    .text               c_w.l(_printf_char.o)
    0x080014dc   0x080014dc   0x0000002c   Code   RO         4448    .text               c_w.l(_printf_wchar.o)
    0x08001508   0x08001508   0x00000374   Code   RO         4450    .text               c_w.l(_scanf.o)
    0x0800187c   0x0800187c   0x00000040   Code   RO         4452    .text               c_w.l(_wcrtomb.o)
    0x080018bc   0x080018bc   0x00000002   Code   RO         4465    .text               c_w.l(use_no_semi.o)
    0x080018be   0x080018be   0x00000000   Code   RO         4467    .text               c_w.l(indicate_semi.o)
    0x080018be   0x080018be   0x0000004a   Code   RO         4468    .text               c_w.l(sys_stackheap_outer.o)
    0x08001908   0x08001908   0x00000010   Code   RO         4470    .text               c_w.l(rt_ctype_table.o)
    0x08001918   0x08001918   0x00000008   Code   RO         4477    .text               c_w.l(rt_locale_intlibspace.o)
    0x08001920   0x08001920   0x00000080   Code   RO         4481    .text               c_w.l(_printf_fp_infnan.o)
    0x080019a0   0x080019a0   0x000000e4   Code   RO         4483    .text               c_w.l(bigflt0.o)
    0x08001a84   0x08001a84   0x00000012   Code   RO         4511    .text               c_w.l(exit.o)
    0x08001a96   0x08001a96   0x00000002   PAD
    0x08001a98   0x08001a98   0x0000000c   Code   RO         4531    .text               c_w.l(sys_exit.o)
    0x08001aa4   0x08001aa4   0x00000080   Code   RO         4546    .text               c_w.l(strcmpv7m.o)
    0x08001b24   0x08001b24   0x0000003e   Code   RO         4486    CL$$btod_d2e        c_w.l(btod.o)
    0x08001b62   0x08001b62   0x00000046   Code   RO         4488    CL$$btod_d2e_denorm_low  c_w.l(btod.o)
    0x08001ba8   0x08001ba8   0x00000060   Code   RO         4487    CL$$btod_d2e_norm_op1  c_w.l(btod.o)
    0x08001c08   0x08001c08   0x00000338   Code   RO         4496    CL$$btod_div_common  c_w.l(btod.o)
    0x08001f40   0x08001f40   0x000000dc   Code   RO         4493    CL$$btod_e2e        c_w.l(btod.o)
    0x0800201c   0x0800201c   0x0000002a   Code   RO         4490    CL$$btod_ediv       c_w.l(btod.o)
    0x08002046   0x08002046   0x0000002a   Code   RO         4489    CL$$btod_emul       c_w.l(btod.o)
    0x08002070   0x08002070   0x00000244   Code   RO         4495    CL$$btod_mult_common  c_w.l(btod.o)
    0x080022b4   0x080022b4   0x00000016   Code   RO         2388    i.ADC_Cmd           stm32f10x_adc.o
    0x080022ca   0x080022ca   0x00000002   PAD
    0x080022cc   0x080022cc   0x0000005c   Code   RO         2390    i.ADC_DeInit        stm32f10x_adc.o
    0x08002328   0x08002328   0x00000014   Code   RO         2396    i.ADC_GetCalibrationStatus  stm32f10x_adc.o
    0x0800233c   0x0800233c   0x00000012   Code   RO         2399    i.ADC_GetFlagStatus  stm32f10x_adc.o
    0x0800234e   0x0800234e   0x00000014   Code   RO         2402    i.ADC_GetResetCalibrationStatus  stm32f10x_adc.o
    0x08002362   0x08002362   0x00000002   PAD
    0x08002364   0x08002364   0x00000050   Code   RO         2406    i.ADC_Init          stm32f10x_adc.o
    0x080023b4   0x080023b4   0x000000b8   Code   RO         2410    i.ADC_RegularChannelConfig  stm32f10x_adc.o
    0x0800246c   0x0800246c   0x0000000a   Code   RO         2411    i.ADC_ResetCalibration  stm32f10x_adc.o
    0x08002476   0x08002476   0x00000016   Code   RO         2413    i.ADC_SoftwareStartConvCmd  stm32f10x_adc.o
    0x0800248c   0x0800248c   0x0000000a   Code   RO         2415    i.ADC_StartCalibration  stm32f10x_adc.o
    0x08002496   0x08002496   0x00000002   PAD
    0x08002498   0x08002498   0x00000024   Code   RO         2417    i.ADC_TempSensorVrefintCmd  stm32f10x_adc.o
    0x080024bc   0x080024bc   0x00000010   Code   RO          197    i.CRC_CalcCRC       stm32f10x_crc.o
    0x080024cc   0x080024cc   0x0000000c   Code   RO          200    i.CRC_ResetDR       stm32f10x_crc.o
    0x080024d8   0x080024d8   0x00000018   Code   RO          240    i.DMA_Cmd           stm32f10x_dma.o
    0x080024f0   0x080024f0   0x0000014c   Code   RO          241    i.DMA_DeInit        stm32f10x_dma.o
    0x0800263c   0x0800263c   0x0000003c   Code   RO          246    i.DMA_Init          stm32f10x_dma.o
    0x08002678   0x08002678   0x0000002c   Code   RO         3392    i.Display_init      display_kingbright.o
    0x080026a4   0x080026a4   0x00000016   Code   RO         2223    i.NVIC_EnableIRQ    uart.o
    0x080026ba   0x080026ba   0x00000002   PAD
    0x080026bc   0x080026bc   0x00000020   Code   RO          599    i.RCC_AHBPeriphClockCmd  stm32f10x_rcc.o
    0x080026dc   0x080026dc   0x00000020   Code   RO          600    i.RCC_APB1PeriphClockCmd  stm32f10x_rcc.o
    0x080026fc   0x080026fc   0x00000020   Code   RO          601    i.RCC_APB1PeriphResetCmd  stm32f10x_rcc.o
    0x0800271c   0x0800271c   0x00000020   Code   RO          602    i.RCC_APB2PeriphClockCmd  stm32f10x_rcc.o
    0x0800273c   0x0800273c   0x00000020   Code   RO          603    i.RCC_APB2PeriphResetCmd  stm32f10x_rcc.o
    0x0800275c   0x0800275c   0x000000d8   Code   RO          610    i.RCC_GetClocksFreq  stm32f10x_rcc.o
    0x08002834   0x08002834   0x0000000c   Code   RO          623    i.RCC_PLLCmd        stm32f10x_rcc.o
    0x08002840   0x08002840   0x0000001c   Code   RO          624    i.RCC_PLLConfig     stm32f10x_rcc.o
    0x0800285c   0x0800285c   0x00000018   Code   RO          803    i.SPI_Cmd           stm32f10x_spi.o
    0x08002874   0x08002874   0x0000003c   Code   RO          816    i.SPI_Init          stm32f10x_spi.o
    0x080028b0   0x080028b0   0x00000008   Code   RO           17    i.SetSysClock       system_stm32f10x.o
    0x080028b8   0x080028b8   0x000000e0   Code   RO           18    i.SetSysClockTo72   system_stm32f10x.o
    0x08002998   0x08002998   0x00000078   Code   RO         2605    i.SysTick_Handler   systick_timer.o
    0x08002a10   0x08002a10   0x00000060   Code   RO           20    i.SystemInit        system_stm32f10x.o
    0x08002a70   0x08002a70   0x00000024   Code   RO         3963    i.TEST_get_frame    player.o
    0x08002a94   0x08002a94   0x00000048   Code   RO         2224    i.USART1_IRQHandler  uart.o
    0x08002adc   0x08002adc   0x00000048   Code   RO         2225    i.USART2_IRQHandler  uart.o
    0x08002b24   0x08002b24   0x00000018   Code   RO          946    i.USART_Cmd         stm32f10x_usart.o
    0x08002b3c   0x08002b3c   0x00000012   Code   RO          947    i.USART_DMACmd      stm32f10x_usart.o
    0x08002b4e   0x08002b4e   0x00000002   PAD
    0x08002b50   0x08002b50   0x0000009c   Code   RO          948    i.USART_DeInit      stm32f10x_usart.o
    0x08002bec   0x08002bec   0x000000d8   Code   RO          953    i.USART_Init        stm32f10x_usart.o
    0x08002cc4   0x08002cc4   0x00000028   Code   RO         4529    i.__ARM_fpclassify  m_ws.l(fpclassify.o)
    0x08002cec   0x08002cec   0x0000000e   Code   RO         4172    i._is_digit         c_w.l(__printf_wp.o)
    0x08002cfa   0x08002cfa   0x00000014   Code   RO         2900    i.at25df_cmd        at25df.o
    0x08002d0e   0x08002d0e   0x00000008   Code   RO         2901    i.at25df_cs_high_delay  at25df.o
    0x08002d16   0x08002d16   0x00000008   Code   RO         2902    i.at25df_delay_50ns  at25df.o
    0x08002d1e   0x08002d1e   0x00000002   PAD
    0x08002d20   0x08002d20   0x00000028   Code   RO         2903    i.at25df_erase      at25df.o
    0x08002d48   0x08002d48   0x00000028   Code   RO         2904    i.at25df_erase_block  at25df.o
    0x08002d70   0x08002d70   0x00000028   Code   RO         2906    i.at25df_erase_block4k  at25df.o
    0x08002d98   0x08002d98   0x00000028   Code   RO         2907    i.at25df_erase_block64k  at25df.o
    0x08002dc0   0x08002dc0   0x0000000c   Code   RO         2908    i.at25df_error      at25df.o
    0x08002dcc   0x08002dcc   0x00000012   Code   RO         2911    i.at25df_init       at25df.o
    0x08002dde   0x08002dde   0x00000002   PAD
    0x08002de0   0x08002de0   0x00000018   Code   RO         2912    i.at25df_off        at25df.o
    0x08002df8   0x08002df8   0x00000014   Code   RO         2913    i.at25df_on         at25df.o
    0x08002e0c   0x08002e0c   0x00000040   Code   RO         2916    i.at25df_read       at25df.o
    0x08002e4c   0x08002e4c   0x00000010   Code   RO         2917    i.at25df_ready      at25df.o
    0x08002e5c   0x08002e5c   0x0000001a   Code   RO         2918    i.at25df_set_swp_bits  at25df.o
    0x08002e76   0x08002e76   0x00000018   Code   RO         2919    i.at25df_spi_transfer_block  at25df.o
    0x08002e8e   0x08002e8e   0x00000018   Code   RO         2920    i.at25df_spi_write_block  at25df.o
    0x08002ea6   0x08002ea6   0x00000002   PAD
    0x08002ea8   0x08002ea8   0x0000001c   Code   RO         2921    i.at25df_status     at25df.o
    0x08002ec4   0x08002ec4   0x00000034   Code   RO         2923    i.at25df_wait_us_ready  at25df.o
    0x08002ef8   0x08002ef8   0x0000003a   Code   RO         2924    i.at25df_write      at25df.o
    0x08002f32   0x08002f32   0x00000002   PAD
    0x08002f34   0x08002f34   0x00000054   Code   RO         2925    i.at25df_write_block  at25df.o
    0x08002f88   0x08002f88   0x0000000a   Code   RO         2927    i.at25df_write_enable  at25df.o
    0x08002f92   0x08002f92   0x00000002   PAD
    0x08002f94   0x08002f94   0x00000024   Code   RO         2928    i.at25df_write_status  at25df.o
    0x08002fb8   0x08002fb8   0x00000012   Code   RO         2929    i.at25df_write_status_delay  at25df.o
    0x08002fca   0x08002fca   0x00000002   PAD
    0x08002fcc   0x08002fcc   0x00000054   Code   RO         3964    i.auto_start_next_frame  player.o
    0x08003020   0x08003020   0x00000134   Code   RO         3450    i.buttonTask        buttons.o
    0x08003154   0x08003154   0x00000090   Code   RO         3509    i.check_fs          ff.o
    0x080031e4   0x080031e4   0x00000014   Code   RO         3510    i.chk_chr           ff.o
    0x080031f8   0x080031f8   0x0000001a   Code   RO         3511    i.clust2sect        ff.o
    0x08003212   0x08003212   0x00000024   Code   RO         3775    i.crc16             fatfs_diskio_sdcard_spi.o
    0x08003236   0x08003236   0x00000020   Code   RO         3776    i.crc16_ccitt       fatfs_diskio_sdcard_spi.o
    0x08003256   0x08003256   0x000000d0   Code   RO         2146    i.crc32hw           crc32.o
    0x08003326   0x08003326   0x00000052   Code   RO         2147    i.crc32hw_append    crc32.o
    0x08003378   0x08003378   0x00000020   Code   RO         3778    i.crc7_one          fatfs_diskio_sdcard_spi.o
    0x08003398   0x08003398   0x000000ce   Code   RO         3512    i.create_chain      ff.o
    0x08003466   0x08003466   0x00000002   PAD
    0x08003468   0x08003468   0x00000160   Code   RO         3513    i.create_name       ff.o
    0x080035c8   0x080035c8   0x000000b0   Code   RO         3965    i.crosfade_calc     player.o
    0x08003678   0x08003678   0x00000016   Code   RO         2115    i.delay_ms          delay.o
    0x0800368e   0x0800368e   0x00000018   Code   RO         2117    i.delay_us          delay.o
    0x080036a6   0x080036a6   0x0000005c   Code   RO         3514    i.dir_alloc         ff.o
    0x08003702   0x08003702   0x0000005c   Code   RO         3515    i.dir_find          ff.o
    0x0800375e   0x0800375e   0x00000112   Code   RO         3516    i.dir_next          ff.o
    0x08003870   0x08003870   0x0000006e   Code   RO         3517    i.dir_read          ff.o
    0x080038de   0x080038de   0x0000003a   Code   RO         3518    i.dir_register      ff.o
    0x08003918   0x08003918   0x0000009c   Code   RO         3520    i.dir_sdi           ff.o
    0x080039b4   0x080039b4   0x00000018   Code   RO         3779    i.disk_initialize   fatfs_diskio_sdcard_spi.o
    0x080039cc   0x080039cc   0x00000038   Code   RO         3781    i.disk_read         fatfs_diskio_sdcard_spi.o
    0x08003a04   0x08003a04   0x00000014   Code   RO         3782    i.disk_status       fatfs_diskio_sdcard_spi.o
    0x08003a18   0x08003a18   0x00000038   Code   RO         3783    i.disk_write        fatfs_diskio_sdcard_spi.o
    0x08003a50   0x08003a50   0x000000a6   Code   RO         3393    i.dislay_Handler    display_kingbright.o
    0x08003af6   0x08003af6   0x00000002   PAD
    0x08003af8   0x08003af8   0x00000020   Code   RO         2681    i.dprintf           dprintf.o
    0x08003b18   0x08003b18   0x00000016   Code   RO         3523    i.f_closedir        ff.o
    0x08003b2e   0x08003b2e   0x00000002   PAD
    0x08003b30   0x08003b30   0x00000054   Code   RO         3527    i.f_mount           ff.o
    0x08003b84   0x08003b84   0x00000162   Code   RO         3528    i.f_open            ff.o
    0x08003ce6   0x08003ce6   0x0000006e   Code   RO         3529    i.f_opendir         ff.o
    0x08003d54   0x08003d54   0x000001a2   Code   RO         3530    i.f_read            ff.o
    0x08003ef6   0x08003ef6   0x00000058   Code   RO         3531    i.f_readdir         ff.o
    0x08003f4e   0x08003f4e   0x00000008   Code   RO         2683    i.ferror            dprintf.o
    0x08003f56   0x08003f56   0x0000001e   Code   RO         1977    i.fifo_flush        fifo.o
    0x08003f74   0x08003f74   0x00000042   Code   RO         1978    i.fifo_get_byte     fifo.o
    0x08003fb6   0x08003fb6   0x0000002c   Code   RO         1981    i.fifo_put_byte     fifo.o
    0x08003fe2   0x08003fe2   0x00000002   PAD
    0x08003fe4   0x08003fe4   0x000000f0   Code   RO         2804    i.fileStorageInit   at25db321_filestrorage.o
    0x080040d4   0x080040d4   0x00000054   Code   RO         2806    i.fileStorage_erase  at25db321_filestrorage.o
    0x08004128   0x08004128   0x000000b8   Code   RO         2807    i.fileStorage_finalize  at25db321_filestrorage.o
    0x080041e0   0x080041e0   0x00000070   Code   RO         2808    i.fileStorage_flush_outBuffer  at25db321_filestrorage.o
    0x08004250   0x08004250   0x000000bc   Code   RO         2816    i.fileStorage_write  at25db321_filestrorage.o
    0x0800430c   0x0800430c   0x00000020   Code   RO         2817    i.fileStorage_write_header  at25db321_filestrorage.o
    0x0800432c   0x0800432c   0x0000000e   Code   RO         3967    i.fill_frame        player.o
    0x0800433a   0x0800433a   0x00000002   PAD
    0x0800433c   0x0800433c   0x00000388   Code   RO         3539    i.find_volume       ff.o
    0x080046c4   0x080046c4   0x00000090   Code   RO         3540    i.follow_path       ff.o
    0x08004754   0x08004754   0x0000002c   Code   RO         2685    i.fputc             dprintf.o
    0x08004780   0x08004780   0x000000e4   Code   RO         3541    i.get_fat           ff.o
    0x08004864   0x08004864   0x00000046   Code   RO         3786    i.get_fattime       fatfs_diskio_sdcard_spi.o
    0x080048aa   0x080048aa   0x00000070   Code   RO         3542    i.get_fileinfo      ff.o
    0x0800491a   0x0800491a   0x00000032   Code   RO         3543    i.get_ldnumber      ff.o
    0x0800494c   0x0800494c   0x00000088   Code   RO         3969    i.holdtime_calc     player.o
    0x080049d4   0x080049d4   0x00000054   Code   RO         3787    i.hwif_init         fatfs_diskio_sdcard_spi.o
    0x08004a28   0x08004a28   0x000000ec   Code   RO         3251    i.initLowLevel      low_level0.o
    0x08004b14   0x08004b14   0x000000bc   Code   RO         3252    i.initTransceiver   low_level0.o
    0x08004bd0   0x08004bd0   0x0000001a   Code   RO         3394    i.init_dig          display_kingbright.o
    0x08004bea   0x08004bea   0x00000002   PAD
    0x08004bec   0x08004bec   0x000007b4   Code   RO         3253    i.init_gpio         low_level0.o
    0x080053a0   0x080053a0   0x00000080   Code   RO         3254    i.init_rcc          low_level0.o
    0x08005420   0x08005420   0x00000050   Code   RO         3255    i.init_spi          low_level0.o
    0x08005470   0x08005470   0x00000048   Code   RO         3395    i.init_symbol       display_kingbright.o
    0x080054b8   0x080054b8   0x00000020   Code   RO         3544    i.ld_clust          ff.o
    0x080054d8   0x080054d8   0x0000005c   Code   RO         3225    i.main              main.o
    0x08005534   0x08005534   0x00000074   Code   RO         3475    i.main_page_hanler  display_menu.o
    0x080055a8   0x080055a8   0x00000120   Code   RO         3396    i.matching_symbol   display_kingbright.o
    0x080056c8   0x080056c8   0x00000026   Code   RO         3545    i.mem_cmp           ff.o
    0x080056ee   0x080056ee   0x0000001a   Code   RO         3546    i.mem_cpy           ff.o
    0x08005708   0x08005708   0x00000014   Code   RO         3547    i.mem_set           ff.o
    0x0800571c   0x0800571c   0x0000002c   Code   RO         3476    i.menu_handler      display_menu.o
    0x08005748   0x08005748   0x0000001c   Code   RO         3477    i.menu_init         display_menu.o
    0x08005764   0x08005764   0x00000080   Code   RO         3358    i.mounting          filetransfer.o
    0x080057e4   0x080057e4   0x00000032   Code   RO         3548    i.move_window       ff.o
    0x08005816   0x08005816   0x00000002   PAD
    0x08005818   0x08005818   0x0000001c   Code   RO         3970    i.payer_handler     player.o
    0x08005834   0x08005834   0x000000f2   Code   RO         3397    i.pin_bssr          display_kingbright.o
    0x08005926   0x08005926   0x0000001c   Code   RO         3971    i.player_play_mem   player.o
    0x08005942   0x08005942   0x00000002   PAD
    0x08005944   0x08005944   0x0000002c   Code   RO         3972    i.player_start_mem  player.o
    0x08005970   0x08005970   0x00000018   Code   RO         3973    i.player_stop_mem   player.o
    0x08005988   0x08005988   0x00000136   Code   RO         3549    i.put_fat           ff.o
    0x08005abe   0x08005abe   0x00000002   PAD
    0x08005ac0   0x08005ac0   0x000000c0   Code   RO         2207    i.randomizer_init   randomizer.o
    0x08005b80   0x08005b80   0x0000004c   Code   RO         2179    i.rcc_adc           rcc.o
    0x08005bcc   0x08005bcc   0x0000006c   Code   RO         3550    i.remove_chain      ff.o
    0x08005c38   0x08005c38   0x00000008   Code   RO         2149    i.reverse_32        crc32.o
    0x08005c40   0x08005c40   0x000000a0   Code   RO         3303    i.rf_binding        rf_parser.o
    0x08005ce0   0x08005ce0   0x0000006c   Code   RO         3304    i.rf_init           rf_parser.o
    0x08005d4c   0x08005d4c   0x00000084   Code   RO         3478    i.rf_page_handler   display_menu.o
    0x08005dd0   0x08005dd0   0x00000058   Code   RO         3306    i.rf_sendStartCmd   rf_parser.o
    0x08005e28   0x08005e28   0x0000003c   Code   RO         3307    i.rf_sendStopCmd    rf_parser.o
    0x08005e64   0x08005e64   0x00000044   Code   RO         3308    i.rf_set_channel    rf_parser.o
    0x08005ea8   0x08005ea8   0x0000002c   Code   RO         3309    i.rf_task           rf_parser.o
    0x08005ed4   0x08005ed4   0x00000184   Code   RO         3359    i.scan_files        filetransfer.o
    0x08006058   0x08006058   0x00000018   Code   RO         3360    i.sdTask            filetransfer.o
    0x08006070   0x08006070   0x0000006e   Code   RO         3788    i.sd_cmd            fatfs_diskio_sdcard_spi.o
    0x080060de   0x080060de   0x00000076   Code   RO         3789    i.sd_get_data       fatfs_diskio_sdcard_spi.o
    0x08006154   0x08006154   0x00000026   Code   RO         3790    i.sd_get_r1         fatfs_diskio_sdcard_spi.o
    0x0800617a   0x0800617a   0x0000003a   Code   RO         3791    i.sd_get_r2         fatfs_diskio_sdcard_spi.o
    0x080061b4   0x080061b4   0x0000003c   Code   RO         3792    i.sd_get_r7         fatfs_diskio_sdcard_spi.o
    0x080061f0   0x080061f0   0x0000031c   Code   RO         3793    i.sd_init           fatfs_diskio_sdcard_spi.o
    0x0800650c   0x0800650c   0x00000014   Code   RO         3794    i.sd_nec            fatfs_diskio_sdcard_spi.o
    0x08006520   0x08006520   0x0000009c   Code   RO         3795    i.sd_put_data       fatfs_diskio_sdcard_spi.o
    0x080065bc   0x080065bc   0x0000004e   Code   RO         3796    i.sd_read           fatfs_diskio_sdcard_spi.o
    0x0800660a   0x0800660a   0x00000002   PAD
    0x0800660c   0x0800660c   0x00000084   Code   RO         3797    i.sd_read_cid       fatfs_diskio_sdcard_spi.o
    0x08006690   0x08006690   0x00000114   Code   RO         3798    i.sd_read_csd       fatfs_diskio_sdcard_spi.o
    0x080067a4   0x080067a4   0x00000044   Code   RO         3799    i.sd_read_status    fatfs_diskio_sdcard_spi.o
    0x080067e8   0x080067e8   0x000000a0   Code   RO         3800    i.sd_readsector     fatfs_diskio_sdcard_spi.o
    0x08006888   0x08006888   0x0000004e   Code   RO         3801    i.sd_write          fatfs_diskio_sdcard_spi.o
    0x080068d6   0x080068d6   0x00000002   PAD
    0x080068d8   0x080068d8   0x000000a4   Code   RO         3802    i.sd_writesector    fatfs_diskio_sdcard_spi.o
    0x0800697c   0x0800697c   0x000000ec   Code   RO         3361    i.sendFileToFlash   filetransfer.o
    0x08006a68   0x08006a68   0x0000002a   Code   RO         3398    i.set_string        display_kingbright.o
    0x08006a92   0x08006a92   0x00000002   PAD
    0x08006a94   0x08006a94   0x00000040   Code   RO         2606    i.software_timer    systick_timer.o
    0x08006ad4   0x08006ad4   0x00000012   Code   RO         2608    i.software_timer_start  systick_timer.o
    0x08006ae6   0x08006ae6   0x0000000a   Code   RO         2756    i.spi_delay         spi_bitbang.o
    0x08006af0   0x08006af0   0x0000001c   Code   RO         2757    i.spi_init          spi_bitbang.o
    0x08006b0c   0x08006b0c   0x00000002   Code   RO         3803    i.spi_set_speed     fatfs_diskio_sdcard_spi.o
    0x08006b0e   0x08006b0e   0x00000002   PAD
    0x08006b10   0x08006b10   0x00000070   Code   RO         2759    i.spi_transfer      spi_bitbang.o
    0x08006b80   0x08006b80   0x0000002c   Code   RO         2760    i.spi_transfer_block  spi_bitbang.o
    0x08006bac   0x08006bac   0x00000010   Code   RO         3804    i.spi_txrx          fatfs_diskio_sdcard_spi.o
    0x08006bbc   0x08006bbc   0x0000001c   Code   RO         2761    i.spi_write_block   spi_bitbang.o
    0x08006bd8   0x08006bd8   0x00000010   Code   RO         3551    i.st_clust          ff.o
    0x08006be8   0x08006be8   0x00000040   Code   RO         2017    i.sx1276ReadReg     sx1276_transc.o
    0x08006c28   0x08006c28   0x00000052   Code   RO         2018    i.sx1276ReadRegs    sx1276_transc.o
    0x08006c7a   0x08006c7a   0x00000016   Code   RO         2019    i.sx1276SpiXmit     sx1276_transc.o
    0x08006c90   0x08006c90   0x00000040   Code   RO         2020    i.sx1276WriteReg    sx1276_transc.o
    0x08006cd0   0x08006cd0   0x00000052   Code   RO         2021    i.sx1276WriteRegs   sx1276_transc.o
    0x08006d22   0x08006d22   0x0000019a   Code   RO         2022    i.sx1276_InitLoRaMode  sx1276_transc.o
    0x08006ebc   0x08006ebc   0x00000066   Code   RO         2024    i.sx1276_LoRa_SetFrequency  sx1276_transc.o
    0x08006f22   0x08006f22   0x0000002a   Code   RO         2025    i.sx1276_LoRa_SetMode  sx1276_transc.o
    0x08006f4c   0x08006f4c   0x0000003e   Code   RO         2027    i.sx1276_LoRa_sendPacket  sx1276_transc.o
    0x08006f8a   0x08006f8a   0x00000012   Code   RO         2029    i.sx1276_LoRa_startRx  sx1276_transc.o
    0x08006f9c   0x08006f9c   0x0000010c   Code   RO         2031    i.sx1276_LoRa_updateState  sx1276_transc.o
    0x080070a8   0x080070a8   0x00000148   Code   RO         3399    i.symbol_enable     display_kingbright.o
    0x080071f0   0x080071f0   0x0000004c   Code   RO         3553    i.sync_window       ff.o
    0x0800723c   0x0800723c   0x00000058   Code   RO         2611    i.systick_timer_init  systick_timer.o
    0x08007294   0x08007294   0x0000001c   Code   RO         3256    i.transceiverTask   low_level0.o
    0x080072b0   0x080072b0   0x0000000e   Code   RO         2230    i.uart_flush        uart.o
    0x080072be   0x080072be   0x00000002   PAD
    0x080072c0   0x080072c0   0x00000044   Code   RO         2232    i.uart_init         uart.o
    0x08007304   0x08007304   0x00000038   Code   RO         2233    i.uart_init_dma     uart.o
    0x0800733c   0x0800733c   0x00000026   Code   RO         2234    i.uart_init_dma_ch  uart.o
    0x08007362   0x08007362   0x00000002   PAD
    0x08007364   0x08007364   0x0000003c   Code   RO         2235    i.uart_init_nvic    uart.o
    0x080073a0   0x080073a0   0x0000004c   Code   RO         2236    i.uart_init_rcc     uart.o
    0x080073ec   0x080073ec   0x00000032   Code   RO         2238    i.uart_putc         uart.o
    0x0800741e   0x0800741e   0x00000078   Code   RO         3079    i.uni_eeprom_check_in  uni_eeprom.o
    0x08007496   0x08007496   0x00000034   Code   RO         3080    i.uni_eeprom_check_page_empty  uni_eeprom.o
    0x080074ca   0x080074ca   0x00000054   Code   RO         3081    i.uni_eeprom_check_page_overload_or_impossible_write  uni_eeprom.o
    0x0800751e   0x0800751e   0x00000098   Code   RO         3082    i.uni_eeprom_data_find  uni_eeprom.o
    0x080075b6   0x080075b6   0x0000002e   Code   RO         3083    i.uni_eeprom_data_load  uni_eeprom.o
    0x080075e4   0x080075e4   0x0000010c   Code   RO         3084    i.uni_eeprom_data_save  uni_eeprom.o
    0x080076f0   0x080076f0   0x0000001a   Code   RO         3085    i.uni_eeprom_init   uni_eeprom.o
    0x0800770a   0x0800770a   0x00000020   Code   RO         3086    i.uni_eeprom_init_and_get  uni_eeprom.o
    0x0800772a   0x0800772a   0x0000002e   Code   RO         3087    i.uni_eeprom_page_erase  uni_eeprom.o
    0x08007758   0x08007758   0x00000030   Code   RO         3088    i.uni_eeprom_reset_out  uni_eeprom.o
    0x08007788   0x08007788   0x0000000e   Code   RO         3167    i.uni_flash_check_page_number  uni_flash.o
    0x08007796   0x08007796   0x00000002   PAD
    0x08007798   0x08007798   0x00000070   Code   RO         3168    i.uni_flash_erase_page  uni_flash.o
    0x08007808   0x08007808   0x0000001c   Code   RO         3169    i.uni_flash_get_page_address_end  uni_flash.o
    0x08007824   0x08007824   0x00000018   Code   RO         3170    i.uni_flash_get_page_address_start  uni_flash.o
    0x0800783c   0x0800783c   0x00000048   Code   RO         3171    i.uni_flash_start_programming  uni_flash.o
    0x08007884   0x08007884   0x0000001c   Code   RO         3172    i.uni_flash_stop_programming  uni_flash.o
    0x080078a0   0x080078a0   0x00000098   Code   RO         3174    i.uni_flash_write_block  uni_flash.o
    0x08007938   0x08007938   0x00000036   Code   RO         3554    i.validate          ff.o
    0x0800796e   0x0800796e   0x00000002   PAD
    0x08007970   0x08007970   0x0000002c   Code   RO         4509    locale$$code        c_w.l(lc_numeric_c.o)
    0x0800799c   0x0800799c   0x0000002c   Code   RO         4540    locale$$code        c_w.l(lc_ctype_c.o)
    0x080079c8   0x080079c8   0x0000005a   Code   RO         4207    x$fpl$dfixu         fz_ws.l(dfixu.o)
    0x08007a22   0x08007a22   0x00000026   Code   RO         4211    x$fpl$dfltu         fz_ws.l(dflt_clz.o)
    0x08007a48   0x08007a48   0x00000154   Code   RO         4217    x$fpl$dmul          fz_ws.l(dmul.o)
    0x08007b9c   0x08007b9c   0x0000009c   Code   RO         4390    x$fpl$dnaninf       fz_ws.l(dnaninf.o)
    0x08007c38   0x08007c38   0x0000000c   Code   RO         4392    x$fpl$dretinf       fz_ws.l(dretinf.o)
    0x08007c44   0x08007c44   0x00000184   Code   RO         4226    x$fpl$fdiv          fz_ws.l(fdiv.o)
    0x08007dc8   0x08007dc8   0x0000003e   Code   RO         4229    x$fpl$ffixu         fz_ws.l(ffixu.o)
    0x08007e06   0x08007e06   0x00000002   PAD
    0x08007e08   0x08007e08   0x00000026   Code   RO         4233    x$fpl$ffltu         fz_ws.l(fflt_clz.o)
    0x08007e2e   0x08007e2e   0x00000002   PAD
    0x08007e30   0x08007e30   0x00000102   Code   RO         4239    x$fpl$fmul          fz_ws.l(fmul.o)
    0x08007f32   0x08007f32   0x0000008c   Code   RO         4394    x$fpl$fnaninf       fz_ws.l(fnaninf.o)
    0x08007fbe   0x08007fbe   0x0000000a   Code   RO         4396    x$fpl$fretinf       fz_ws.l(fretinf.o)
    0x08007fc8   0x08007fc8   0x00000004   Code   RO         4398    x$fpl$printf1       fz_ws.l(printf1.o)
    0x08007fcc   0x08007fcc   0x00000004   Code   RO         4400    x$fpl$printf2       fz_ws.l(printf2.o)
    0x08007fd0   0x08007fd0   0x00000000   Code   RO         4406    x$fpl$usenofp       fz_ws.l(usenofp.o)
    0x08007fd0   0x08007fd0   0x0000003c   Data   RO         2243    .constdata          uart.o
    0x0800800c   0x0800800c   0x00000003   Data   RO         3311    .constdata          rf_parser.o
    0x0800800f   0x0800800f   0x00000011   Data   RO         4180    .constdata          c_w.l(__printf_flags_ss_wp.o)
    0x08008020   0x08008020   0x00000008   Data   RO         4284    .constdata          c_w.l(_printf_wctomb.o)
    0x08008028   0x08008028   0x00000028   Data   RO         4313    .constdata          c_w.l(_printf_hex_int_ll_ptr.o)
    0x08008050   0x08008050   0x00000026   Data   RO         4442    .constdata          c_w.l(_printf_fp_hex.o)
    0x08008076   0x08008076   0x00000002   PAD
    0x08008078   0x08008078   0x00000094   Data   RO         4484    .constdata          c_w.l(bigflt0.o)
    0x0800810c   0x0800810c   0x000000a0   Data   RO         3363    .conststring        filetransfer.o
    0x080081ac   0x080081ac   0x00000020   Data   RO         4594    Region$$Table       anon$$obj.o
    0x080081cc   0x080081cc   0x0000001c   Data   RO         4508    locale$$data        c_w.l(lc_numeric_c.o)
    0x080081e8   0x080081e8   0x00000110   Data   RO         4539    locale$$data        c_w.l(lc_ctype_c.o)


    Execution Region ER_RW (Exec base: 0x20000000, Load base: 0x080082f8, Size: 0x000002a0, Max: 0xffffffff, ABSOLUTE, COMPRESSED[0x00000090])

    Exec Addr    Load Addr    Size         Type   Attr      Idx    E Section Name        Object

    0x20000000   COMPRESSED   0x00000014   Data   RW          630    .data               stm32f10x_rcc.o
    0x20000014   COMPRESSED   0x00000048   Data   RW         2244    .data               uart.o
    0x2000005c   COMPRESSED   0x00000008   Data   RW         2614    .data               systick_timer.o
    0x20000064   COMPRESSED   0x00000008   Data   RW         2686    .data               dprintf.o
    0x2000006c   COMPRESSED   0x00000008   Data   RW         2819    .data               at25db321_filestrorage.o
    0x20000074   COMPRESSED   0x00000009   Data   RW         2930    .data               at25df.o
    0x2000007d   COMPRESSED   0x00000001   PAD
    0x2000007e   COMPRESSED   0x00000004   Data   RW         3227    .data               main.o
    0x20000082   COMPRESSED   0x00000004   Data   RW         3453    .data               buttons.o
    0x20000086   COMPRESSED   0x00000004   Data   RW         3479    .data               display_menu.o
    0x2000008a   COMPRESSED   0x00000002   PAD
    0x2000008c   COMPRESSED   0x00000006   Data   RW         3555    .data               ff.o
    0x20000092   COMPRESSED   0x0000020e   Data   RW         3975    .data               player.o


    Execution Region ER_ZI (Exec base: 0x200002a0, Load base: 0x08008388, Size: 0x00002648, Max: 0xffffffff, ABSOLUTE)

    Exec Addr    Load Addr    Size         Type   Attr      Idx    E Section Name        Object

    0x200002a0        -       0x00000400   Zero   RW         2242    .bss                uart.o
    0x200006a0        -       0x00000018   Zero   RW         2613    .bss                systick_timer.o
    0x200006b8        -       0x0000020c   Zero   RW         2818    .bss                at25db321_filestrorage.o
    0x200008c4        -       0x0000031c   Zero   RW         3226    .bss                main.o
    0x20000be0        -       0x0000006c   Zero   RW         3310    .bss                rf_parser.o
    0x20000c4c        -       0x00000330   Zero   RW         3362    .bss                filetransfer.o
    0x20000f7c        -       0x00000014   Zero   RW         3452    .bss                buttons.o
    0x20000f90        -       0x00000010   Zero   RW         3805    .bss                fatfs_diskio_sdcard_spi.o
    0x20000fa0        -       0x000000e4   Zero   RW         4190    .bss                c_w.l(rand.o)
    0x20001084        -       0x00000060   Zero   RW         4410    .bss                c_w.l(libspace.o)
    0x200010e4   0x08008388   0x00000004   PAD
    0x200010e8        -       0x00001000   Zero   RW          131    HEAP                startup_stm32f10x_md.o
    0x200020e8        -       0x00000800   Zero   RW          130    STACK               startup_stm32f10x_md.o


==============================================================================

Image component sizes


      Code (inc. data)   RO Data    RW Data    ZI Data      Debug   Object Name

       840        114          0          8        524       4876   at25db321_filestrorage.o
       710         60          0          9          0      12909   at25df.o
       308         60          0          4         20       1081   buttons.o
         0          0          0          0          0       4540   core_cm3.o
       298          0          0          0          0       2527   crc32.o
        46          0          0          0          0       1030   delay.o
      1208         66          0          0          0       5875   display_kingbright.o
       320         64          0          4          0       2262   display_menu.o
        84         10          0          8          0       3969   dprintf.o
         0          0          0          0          0      34628   endianes.o
      2740         52          0          0         16      20337   fatfs_diskio_sdcard_spi.o
      4774         44          0          6          0      28914   ff.o
       152          0          0          0          0       2729   fifo.o
       776        364        160          0        816       2869   filetransfer.o
      2632        154          0          0          0       4305   low_level0.o
        92          8          0          4        796        982   main.o
         0          0          0          0          0     210680   misc.o
       570         74          0        526          0       5392   player.o
       192          4          0          0          0        682   randomizer.o
        76          4          0          0          0        934   rcc.o
       528        102          3          0        108       3941   rf_parser.o
       222         10          0          0          0       3945   spi_bitbang.o
        64         26        236          0       6144        780   startup_stm32f10x_md.o
       514         30          0          0          0       8484   stm32f10x_adc.o
        28         10          0          0          0        976   stm32f10x_crc.o
       416          8          0          0          0       3390   stm32f10x_dma.o
       416         64          0         20          0       7149   stm32f10x_rcc.o
        84          0          0          0          0       2117   stm32f10x_spi.o
       414         28          0          0          0       4011   stm32f10x_usart.o
      1216          8          0          0          0       8044   sx1276_transc.o
       328         28          0          0          0      33301   system_stm32f10x.o
       290         30          0          8         24      18766   systick_timer.o
       528         30         60         72       1024      39852   uart.o
       874          0          0          0          0       7373   uni_eeprom.o
       442         36          0          0          0       5996   uni_flash.o

    ----------------------------------------------------------------------
     22238       1488        491        672       9472     499646   Object Totals
         0          0         32          0          0          0   (incl. Generated)
        56          0          0          3          0          0   (incl. Padding)

    ----------------------------------------------------------------------

      Code (inc. data)   RO Data    RW Data    ZI Data      Debug   Library Member Name

        60          8          0          0          0         84   __0sscanf.o
        44          6          0          0          0         84   __2sprintf.o
        90          0          0          0          0          0   __dczerorl2.o
         8          0          0          0          0         68   __main.o
       392          4         17          0          0         92   __printf_flags_ss_wp.o
        14          0          0          0          0         68   __printf_wp.o
         0          0          0          0          0          0   __rtentry.o
        12          0          0          0          0          0   __rtentry2.o
         6          0          0          0          0          0   __rtentry4.o
        52          8          0          0          0          0   __scatter.o
        28          0          0          0          0          0   __scatter_zi.o
        28          0          0          0          0         68   _chval.o
         6          0          0          0          0          0   _printf_a.o
         6          0          0          0          0          0   _printf_c.o
        44          0          0          0          0        108   _printf_char.o
        48          6          0          0          0         96   _printf_char_common.o
        36          4          0          0          0         80   _printf_char_file.o
        40          0          0          0          0         68   _printf_charcount.o
         6          0          0          0          0          0   _printf_d.o
       120         16          0          0          0         92   _printf_dec.o
         6          0          0          0          0          0   _printf_e.o
         6          0          0          0          0          0   _printf_f.o
      1054          0          0          0          0        216   _printf_fp_dec.o
       764          8         38          0          0        100   _printf_fp_hex.o
       128         16          0          0          0         84   _printf_fp_infnan.o
         6          0          0          0          0          0   _printf_g.o
       148          4         40          0          0        160   _printf_hex_int_ll_ptr.o
         6          0          0          0          0          0   _printf_i.o
       178          0          0          0          0         88   _printf_intcommon.o
        10          0          0          0          0          0   _printf_l.o
         6          0          0          0          0          0   _printf_lc.o
        10          0          0          0          0          0   _printf_ll.o
         6          0          0          0          0          0   _printf_lld.o
         6          0          0          0          0          0   _printf_lli.o
         6          0          0          0          0          0   _printf_llo.o
         6          0          0          0          0          0   _printf_llu.o
         6          0          0          0          0          0   _printf_llx.o
       124         16          0          0          0         92   _printf_longlong_dec.o
         6          0          0          0          0          0   _printf_ls.o
         6          0          0          0          0          0   _printf_n.o
         6          0          0          0          0          0   _printf_o.o
       112         10          0          0          0        124   _printf_oct_int_ll.o
         6          0          0          0          0          0   _printf_p.o
        78          0          0          0          0        108   _printf_pad.o
         0          0          0          0          0          0   _printf_percent.o
         4          0          0          0          0          0   _printf_percent_end.o
         6          0          0          0          0          0   _printf_s.o
        82          0          0          0          0         80   _printf_str.o
        36          0          0          0          0         84   _printf_truncate.o
         6          0          0          0          0          0   _printf_u.o
        44          0          0          0          0        108   _printf_wchar.o
       188          6          8          0          0         92   _printf_wctomb.o
         6          0          0          0          0          0   _printf_x.o
       884          6          0          0          0        100   _scanf.o
       332          0          0          0          0         96   _scanf_int.o
        64          0          0          0          0         84   _sgetc.o
        10          0          0          0          0         68   _sputc.o
        64          0          0          0          0         92   _wcrtomb.o
       228          4        148          0          0         96   bigflt0.o
      1936        128          0          0          0        672   btod.o
        18          0          0          0          0         80   exit.o
         6          0          0          0          0        152   heapauxi.o
         0          0          0          0          0          0   indicate_semi.o
        18          0          0          0          0         76   isspace.o
        44         10        272          0          0         76   lc_ctype_c.o
        44         10         28          0          0         76   lc_numeric_c.o
         2          0          0          0          0          0   libinit.o
        34          0          0          0          0          0   libinit2.o
         2          0          0          0          0          0   libshutdown.o
         2          0          0          0          0          0   libshutdown2.o
         8          4          0          0         96         68   libspace.o
       138          0          0          0          0         80   lludiv10.o
        60         14          0          0        228         92   rand.o
        16          4          0          0          0         76   rt_ctype_table.o
         8          4          0          0          0         68   rt_locale_intlibspace.o
       138          0          0          0          0         68   rt_memcpy_v6.o
       100          0          0          0          0         80   rt_memcpy_w.o
         2          0          0          0          0          0   rtexit.o
        10          0          0          0          0          0   rtexit2.o
        44          8          0          0          0         84   scanf_char.o
       128          0          0          0          0         68   strcmpv7m.o
        72          0          0          0          0         80   strcpy.o
        36          0          0          0          0         80   strstr.o
        12          4          0          0          0         68   sys_exit.o
        74          0          0          0          0         80   sys_stackheap_outer.o
         2          0          0          0          0         68   use_no_semi.o
        10          0          0          0          0         68   vfprintf.o
        90          4          0          0          0         92   dfixu.o
        38          0          0          0          0         68   dflt_clz.o
       340         12          0          0          0        104   dmul.o
       156          4          0          0          0         92   dnaninf.o
        12          0          0          0          0         68   dretinf.o
       388         76          0          0          0         96   fdiv.o
        62          4          0          0          0         84   ffixu.o
        38          0          0          0          0         68   fflt_clz.o
       258          4          0          0          0         84   fmul.o
       140          4          0          0          0         84   fnaninf.o
        10          0          0          0          0         68   fretinf.o
         4          0          0          0          0         68   printf1.o
         4          0          0          0          0         68   printf2.o
         0          0          0          0          0          0   usenofp.o
        40          0          0          0          0         68   fpclassify.o

    ----------------------------------------------------------------------
     10246        416        553          0        328       6152   Library Totals
        18          0          2          0          4          0   (incl. Padding)

    ----------------------------------------------------------------------

      Code (inc. data)   RO Data    RW Data    ZI Data      Debug   Library Name

      8648        308        551          0        324       5040   c_w.l
      1540        108          0          0          0       1044   fz_ws.l
        40          0          0          0          0         68   m_ws.l

    ----------------------------------------------------------------------
     10246        416        553          0        328       6152   Library Totals

    ----------------------------------------------------------------------

==============================================================================


      Code (inc. data)   RO Data    RW Data    ZI Data      Debug   

     32484       1904       1044        672       9800     490974   Grand Totals
     32484       1904       1044        144       9800     490974   ELF Image Totals (compressed)
     32484       1904       1044        144          0          0   ROM Totals

==============================================================================

    Total RO  Size (Code + RO Data)                33528 (  32.74kB)
    Total RW  Size (RW Data + ZI Data)             10472 (  10.23kB)
    Total ROM Size (Code + RO Data + RW Data)      33672 (  32.88kB)

==============================================================================

