<html>
<body>
<pre>
<h1>µVision Build Log</h1>
<h2>Tool Versions:</h2>
IDE-Version: µVision V5.24.2.0
Copyright (C) 2017 ARM Ltd and ARM Germany GmbH. All rights reserved.
License Information: ŒÒÚ‡ÌËÌ »Î¸ˇ, ƒ“Ã, LIC=KRMQD-8DLUJ-11GPY-II3MC-44UU7-UJSR8
 
Tool Versions:
Toolchain:       MDK-ARM Plus  Version: 5.24.1
Toolchain Path:  C:\Keil_v5\ARM\ARMCC\Bin
C Compiler:      Armcc.exe V5.06 update 5 (build 528)
Assembler:       Armasm.exe V5.06 update 5 (build 528)
Linker/Locator:  ArmLink.exe V5.06 update 5 (build 528)
Library Manager: ArmAr.exe V5.06 update 5 (build 528)
Hex Converter:   FromElf.exe V5.06 update 5 (build 528)
CPU DLL:         SARMCM3.DLL V5.24.1
Dialog DLL:      DCM.DLL V1.16.0.0
Target DLL:      UL2CM3.DLL V1.160.3.0
Dialog DLL:      TCM.DLL V1.32.0.0
 
<h2>Project:</h2>
H:\OneDrive\–¿«–¿¡Œ“ »\GIT_DIRECTORY\varzin\SynchroLight\SyncLight\MASTER\lightControl-DESKTOP-JA61J2Q-2.uvprojx
Project File Date:  02/02/2020

<h2>Output:</h2>
*** Using Compiler 'V5.06 update 5 (build 528)', folder: 'C:\Keil_v5\ARM\ARMCC\Bin'
Build target 'Target 1'
assembling startup_stm32f10x_md.s...
compiling core_cm3.c...
compiling stm32f10x_dma.c...
compiling system_stm32f10x.c...
compiling stm32f10x_flash.c...
compiling misc.c...
compiling stm32f10x_crc.c...
compiling stm32f10x_gpio.c...
compiling stm32f10x_rcc.c...
compiling stm32f10x_spi.c...
compiling stm32f10x_usart.c...
compiling stm32f10x_iwdg.c...
compiling stm32f10x_tim.c...
compiling delay.c...
compiling fifo.c...
compiling endianes.c...
compiling sx1276_transc.c...
compiling crc32.c...
compiling rcc.c...
compiling uart.c...
compiling randomizer.c...
compiling stm32f10x_adc.c...
compiling adclib.c...
compiling systick_timer.c...
compiling dprintf.c...
compiling spi_bitbang.c...
compiling at25db321_fileStrorage.c...
compiling uni_eeprom.c...
compiling at25df.c...
compiling uni_flash.c...
compiling it.c...
compiling main.c...
compiling low_level0.c...
compiling rf_parser.c...
compiling buttons.c...
compiling ff.c...
compiling fileTransfer.c...
compiling display_kingbright.c...
compiling display_menu.c...
compiling player.c...
compiling fatfs_diskio_sdcard_spi.c...
compiling scen_memory.c...
linking...
Program Size: Code=32484 RO-data=1044 RW-data=672 ZI-data=9800  
FromELF: creating hex file...
After Build - User command #1: fromelf --bin "Objects\lightControl_master.axf" --output "master.bin"
".\Objects\lightControl_master.axf" - 0 Error(s), 0 Warning(s).

<h2>Software Packages used:</h2>

Package Vendor: Keil
                http://www.keil.com/pack/Keil.STM32F1xx_DFP.2.2.0.pack
                Keil.STM32F1xx_DFP.2.2.0
                STMicroelectronics STM32F1 Series Device Support, Drivers and Examples

<h2>Collection of Component include folders:</h2>
  .\RTE\_Target_1
  C:\Keil_v5\ARM\PACK\Keil\STM32F1xx_DFP\2.2.0\Device\Include

<h2>Collection of Component Files used:</h2>
Build Time Elapsed:  00:00:05
</pre>
</body>
</html>
