<html>
<body>
<pre>
<h1>µVision Build Log</h1>
<h2>Tool Versions:</h2>
IDE-Version: µVision V5.28.0.0
Copyright (C) 2019 ARM Ltd and ARM Germany GmbH. All rights reserved.
License Information: Vladimir Kharitonenko, T33, LIC=DSNX7-EEA4D-NT43G-VM64G-H3ETW-30M2Q
 
Tool Versions:
Toolchain:       MDK-ARM Professional  Version: 5.28.0.0
Toolchain Path:  D:\Keil_v5\ARM\ARMCC\Bin
C Compiler:      Armcc.exe V5.06 update 6 (build 750)
Assembler:       Armasm.exe V5.06 update 6 (build 750)
Linker/Locator:  ArmLink.exe V5.06 update 6 (build 750)
Library Manager: ArmAr.exe V5.06 update 6 (build 750)
Hex Converter:   FromElf.exe V5.06 update 6 (build 750)
CPU DLL:         SARMCM3.DLL V5.28.0.0
Dialog DLL:      DCM.DLL V1.17.3.0
Target DLL:      STLink\ST-LINKIII-KEIL_SWO.dll V3.0.6.0
Dialog DLL:      TCM.DLL V1.36.2.0
 
<h2>Project:</h2>
E:\Projects\SyncLight\SynchroLight\SyncLight\MASTER\lightControl.uvprojx
Project File Date:  01/09/2020

<h2>Output:</h2>
*** Using Compiler 'V5.06 update 6 (build 750)', folder: 'D:\Keil_v5\ARM\ARMCC\Bin'
Rebuild target 'release'
assembling startup_stm32f10x_md.s...
compiling core_cm3.c...
compiling stm32f10x_usart.c...
compiling misc.c...
compiling stm32f10x_iwdg.c...
compiling stm32f10x_dma.c...
compiling stm32f10x_crc.c...
compiling system_stm32f10x.c...
compiling stm32f10x_gpio.c...
compiling stm32f10x_flash.c...
compiling stm32f10x_spi.c...
compiling stm32f10x_rcc.c...
compiling stm32f10x_tim.c...
compiling fifo.c...
compiling endianes.c...
compiling sx1276_transc.c...
compiling delay.c...
compiling stm32f10x_adc.c...
compiling crc32.c...
compiling randomizer.c...
compiling systick_timer.c...
compiling rcc.c...
compiling spi_bitbang.c...
compiling uart.c...
compiling at25db321_fileStrorage.c...
compiling adclib.c...
compiling at25df.c...
compiling dprintf.c...
compiling main.c...
compiling uni_flash.c...
compiling uni_eeprom.c...
compiling low_level0.c...
Src\low_level0.c(23): warning:  #1215-D: #warning directive: Here must be reinitialization for use semisegment indicator directly, not by bcd decoder
  	#warning Here must be reinitialization for use semisegment indicator directly, not by bcd decoder
Src\low_level0.c: 1 warning, 0 errors
compiling it.c...
compiling ff.c...
compiling rf_parser.c...
compiling fileTransfer.c...
compiling display_kingbright.c...
compiling buttons.c...
compiling display_menu.c...
compiling scen_memory.c...
compiling player.c...
compiling fatfs_diskio_sdcard_spi.c...
linking...
Program Size: Code=25596 RO-data=604 RW-data=668 ZI-data=9756  
FromELF: creating hex file...
After Build - User command #1: D:\Keil_v5\\ARM\ARMCC\bin\fromelf.exe --bin --output=lightControl_master.bin .\Objects\lightControl_master.axf
".\Objects\lightControl_master.axf" - 0 Error(s), 1 Warning(s).

<h2>Software Packages used:</h2>

Package Vendor: Keil
                http://www.keil.com/pack/Keil.STM32F1xx_DFP.2.3.0.pack
                Keil.STM32F1xx_DFP.2.3.0
                STMicroelectronics STM32F1 Series Device Support, Drivers and Examples

<h2>Collection of Component include folders:</h2>
  .\RTE\_release
  D:\Keil_v5\ARM\PACK\Keil\STM32F1xx_DFP\2.3.0\Device\Include

<h2>Collection of Component Files used:</h2>
Build Time Elapsed:  00:00:03
</pre>
</body>
</html>
