<html>
<body>
<pre>
<h1>µVision Build Log</h1>
<h2>Tool Versions:</h2>
IDE-Version: µVision V5.28.0.0
Copyright (C) 2019 ARM Ltd and ARM Germany GmbH. All rights reserved.
License Information: Vladimir Kharitonenko, T33, LIC=DSNX7-EEA4D-NT43G-VM64G-H3ETW-30M2Q
 
Tool Versions:
Toolchain:       MDK-ARM Professional  Version: 5.28.0.0
Toolchain Path:  D:\Keil_v5\ARM\ARMCC\Bin
C Compiler:      Armcc.exe V5.06 update 6 (build 750)
Assembler:       Armasm.exe V5.06 update 6 (build 750)
Linker/Locator:  ArmLink.exe V5.06 update 6 (build 750)
Library Manager: ArmAr.exe V5.06 update 6 (build 750)
Hex Converter:   FromElf.exe V5.06 update 6 (build 750)
CPU DLL:         SARMCM3.DLL V5.28.0.0
Dialog DLL:      DCM.DLL V1.17.3.0
Target DLL:      STLink\ST-LINKIII-KEIL_SWO.dll V3.0.6.0
Dialog DLL:      TCM.DLL V1.36.2.0
 
<h2>Project:</h2>
E:\Projects\SyncLight\SynchroLight\SyncLight\SLAVE\lightControl.uvprojx
Project File Date:  01/09/2020

<h2>Output:</h2>
*** Using Compiler 'V5.06 update 6 (build 750)', folder: 'D:\Keil_v5\ARM\ARMCC\Bin'
Rebuild target 'synchroLight_slave_debug'
assembling startup_stm32f10x_md.s...
compiling core_cm3.c...
compiling system_stm32f10x.c...
compiling stm32f10x_dma.c...
compiling stm32f10x_iwdg.c...
compiling misc.c...
compiling stm32f10x_crc.c...
compiling stm32f10x_usart.c...
compiling stm32f10x_spi.c...
compiling stm32f10x_flash.c...
compiling stm32f10x_rcc.c...
compiling stm32f10x_gpio.c...
compiling stm32f10x_tim.c...
compiling endianes.c...
compiling fifo.c...
compiling sx1276_transc.c...
compiling delay.c...
compiling stm32f10x_adc.c...
compiling rcc.c...
compiling crc32.c...
compiling randomizer.c...
compiling adclib.c...
compiling systick_timer.c...
compiling uart.c...
compiling at25db321_fileStrorage.c...
compiling spi_bitbang.c...
compiling dprintf.c...
compiling uni_flash.c...
compiling at25df.c...
compiling uni_eeprom.c...
compiling main.c...
compiling ff.c...
compiling it.c...
compiling low_level0.c...
compiling fileTransfer.c...
compiling rf_parser.c...
compiling display_kingbright.c...
compiling effect_processor.c...
..\commonLibs\leds\effect_processor.c(43): warning:  #111-D: statement is unreachable
  		return this_led;
..\commonLibs\leds\effect_processor.c: 1 warning, 0 errors
compiling led_maping.c...
compiling scen_memory.c...
compiling player.c...
..\commonLibs\leds\player.c(11): warning:  #550-D: variable "synchro_flag"  was set but never used
  	static uint8_t synchro_flag = 0;
..\commonLibs\leds\player.c: 1 warning, 0 errors
compiling fatfs_diskio_sdcard_spi.c...
compiling ws2812b.c...
linking...
Program Size: Code=22878 RO-data=826 RW-data=628 ZI-data=12228  
FromELF: creating hex file...
".\Objects\lightControl_slave.axf" - 0 Error(s), 2 Warning(s).

<h2>Software Packages used:</h2>

Package Vendor: Keil
                http://www.keil.com/pack/Keil.STM32F1xx_DFP.2.3.0.pack
                Keil.STM32F1xx_DFP.2.3.0
                STMicroelectronics STM32F1 Series Device Support, Drivers and Examples

<h2>Collection of Component include folders:</h2>
  .\RTE\_synchroLight_slave_debug
  D:\Keil_v5\ARM\PACK\Keil\STM32F1xx_DFP\2.3.0\Device\Include

<h2>Collection of Component Files used:</h2>
Build Time Elapsed:  00:00:03
</pre>
</body>
</html>
