Component: ARM Compiler 5.06 update 2 (build 183) Tool: armlink [4d35b7]

==============================================================================

Section Cross References

    system_stm32f10x.o(i.SetSysClock) refers to system_stm32f10x.o(i.SetSysClockTo72) for SetSysClockTo72
    system_stm32f10x.o(i.SystemCoreClockUpdate) refers to system_stm32f10x.o(.data) for SystemCoreClock
    system_stm32f10x.o(i.SystemInit) refers to system_stm32f10x.o(i.SetSysClock) for SetSysClock
    startup_stm32f10x_md.o(STACK) refers (Special) to heapauxi.o(.text) for __use_two_region_memory
    startup_stm32f10x_md.o(HEAP) refers (Special) to heapauxi.o(.text) for __use_two_region_memory
    startup_stm32f10x_md.o(RESET) refers (Special) to heapauxi.o(.text) for __use_two_region_memory
    startup_stm32f10x_md.o(RESET) refers to startup_stm32f10x_md.o(STACK) for __initial_sp
    startup_stm32f10x_md.o(RESET) refers to startup_stm32f10x_md.o(.text) for Reset_Handler
    startup_stm32f10x_md.o(RESET) refers to systick_timer.o(i.SysTick_Handler) for SysTick_Handler
    startup_stm32f10x_md.o(RESET) refers to uart.o(i.USART1_IRQHandler) for USART1_IRQHandler
    startup_stm32f10x_md.o(RESET) refers to uart.o(i.USART2_IRQHandler) for USART2_IRQHandler
    startup_stm32f10x_md.o(.text) refers (Special) to heapauxi.o(.text) for __use_two_region_memory
    startup_stm32f10x_md.o(.text) refers to system_stm32f10x.o(i.SystemInit) for SystemInit
    startup_stm32f10x_md.o(.text) refers to __main.o(!!!main) for __main
    startup_stm32f10x_md.o(.text) refers to startup_stm32f10x_md.o(HEAP) for Heap_Mem
    startup_stm32f10x_md.o(.text) refers to startup_stm32f10x_md.o(STACK) for Stack_Mem
    stm32f10x_flash.o(i.FLASH_EnableWriteProtection) refers to stm32f10x_flash.o(i.FLASH_WaitForLastOperation) for FLASH_WaitForLastOperation
    stm32f10x_flash.o(i.FLASH_EraseAllBank1Pages) refers to stm32f10x_flash.o(i.FLASH_WaitForLastBank1Operation) for FLASH_WaitForLastBank1Operation
    stm32f10x_flash.o(i.FLASH_EraseAllPages) refers to stm32f10x_flash.o(i.FLASH_WaitForLastOperation) for FLASH_WaitForLastOperation
    stm32f10x_flash.o(i.FLASH_EraseOptionBytes) refers to stm32f10x_flash.o(i.FLASH_GetReadOutProtectionStatus) for FLASH_GetReadOutProtectionStatus
    stm32f10x_flash.o(i.FLASH_EraseOptionBytes) refers to stm32f10x_flash.o(i.FLASH_WaitForLastOperation) for FLASH_WaitForLastOperation
    stm32f10x_flash.o(i.FLASH_ErasePage) refers to stm32f10x_flash.o(i.FLASH_WaitForLastOperation) for FLASH_WaitForLastOperation
    stm32f10x_flash.o(i.FLASH_ProgramHalfWord) refers to stm32f10x_flash.o(i.FLASH_WaitForLastOperation) for FLASH_WaitForLastOperation
    stm32f10x_flash.o(i.FLASH_ProgramOptionByteData) refers to stm32f10x_flash.o(i.FLASH_WaitForLastOperation) for FLASH_WaitForLastOperation
    stm32f10x_flash.o(i.FLASH_ProgramWord) refers to stm32f10x_flash.o(i.FLASH_WaitForLastOperation) for FLASH_WaitForLastOperation
    stm32f10x_flash.o(i.FLASH_ReadOutProtection) refers to stm32f10x_flash.o(i.FLASH_WaitForLastOperation) for FLASH_WaitForLastOperation
    stm32f10x_flash.o(i.FLASH_UserOptionByteConfig) refers to stm32f10x_flash.o(i.FLASH_WaitForLastOperation) for FLASH_WaitForLastOperation
    stm32f10x_flash.o(i.FLASH_WaitForLastBank1Operation) refers to stm32f10x_flash.o(i.FLASH_GetBank1Status) for FLASH_GetBank1Status
    stm32f10x_flash.o(i.FLASH_WaitForLastOperation) refers to stm32f10x_flash.o(i.FLASH_GetBank1Status) for FLASH_GetBank1Status
    stm32f10x_gpio.o(i.GPIO_AFIODeInit) refers to stm32f10x_rcc.o(i.RCC_APB2PeriphResetCmd) for RCC_APB2PeriphResetCmd
    stm32f10x_gpio.o(i.GPIO_DeInit) refers to stm32f10x_rcc.o(i.RCC_APB2PeriphResetCmd) for RCC_APB2PeriphResetCmd
    stm32f10x_rcc.o(i.RCC_GetClocksFreq) refers to stm32f10x_rcc.o(.data) for APBAHBPrescTable
    stm32f10x_rcc.o(i.RCC_WaitForHSEStartUp) refers to stm32f10x_rcc.o(i.RCC_GetFlagStatus) for RCC_GetFlagStatus
    stm32f10x_spi.o(i.I2S_Init) refers to stm32f10x_rcc.o(i.RCC_GetClocksFreq) for RCC_GetClocksFreq
    stm32f10x_spi.o(i.SPI_I2S_DeInit) refers to stm32f10x_rcc.o(i.RCC_APB2PeriphResetCmd) for RCC_APB2PeriphResetCmd
    stm32f10x_spi.o(i.SPI_I2S_DeInit) refers to stm32f10x_rcc.o(i.RCC_APB1PeriphResetCmd) for RCC_APB1PeriphResetCmd
    stm32f10x_usart.o(i.USART_DeInit) refers to stm32f10x_rcc.o(i.RCC_APB2PeriphResetCmd) for RCC_APB2PeriphResetCmd
    stm32f10x_usart.o(i.USART_DeInit) refers to stm32f10x_rcc.o(i.RCC_APB1PeriphResetCmd) for RCC_APB1PeriphResetCmd
    stm32f10x_usart.o(i.USART_Init) refers to stm32f10x_rcc.o(i.RCC_GetClocksFreq) for RCC_GetClocksFreq
    stm32f10x_tim.o(i.TIM_DeInit) refers to stm32f10x_rcc.o(i.RCC_APB2PeriphResetCmd) for RCC_APB2PeriphResetCmd
    stm32f10x_tim.o(i.TIM_DeInit) refers to stm32f10x_rcc.o(i.RCC_APB1PeriphResetCmd) for RCC_APB1PeriphResetCmd
    stm32f10x_tim.o(i.TIM_ETRClockMode1Config) refers to stm32f10x_tim.o(i.TIM_ETRConfig) for TIM_ETRConfig
[...]
    locale$$code                             0x08004c40   Section       44  lc_ctype_c.o(locale$$code)
    x$fpl$dfixu                              0x08004c6c   Section       90  dfixu.o(x$fpl$dfixu)
    x$fpl$dfltu                              0x08004cc6   Section       38  dflt_clz.o(x$fpl$dfltu)
    x$fpl$dmul                               0x08004cec   Section      340  dmul.o(x$fpl$dmul)
    x$fpl$dnaninf                            0x08004e40   Section      156  dnaninf.o(x$fpl$dnaninf)
    x$fpl$dretinf                            0x08004edc   Section       12  dretinf.o(x$fpl$dretinf)
    x$fpl$fadd                               0x08004ee8   Section      196  faddsub_clz.o(x$fpl$fadd)
    _fadd1                                   0x08004ef7   Thumb Code     0  faddsub_clz.o(x$fpl$fadd)
    x$fpl$fdiv                               0x08004fac   Section      388  fdiv.o(x$fpl$fdiv)
    _fdiv1                                   0x08004fad   Thumb Code     0  fdiv.o(x$fpl$fdiv)
    x$fpl$ffixu                              0x08005130   Section       62  ffixu.o(x$fpl$ffixu)
    x$fpl$ffltu                              0x08005170   Section       38  fflt_clz.o(x$fpl$ffltu)
    x$fpl$fmul                               0x08005198   Section      258  fmul.o(x$fpl$fmul)
    x$fpl$fnaninf                            0x0800529a   Section      140  fnaninf.o(x$fpl$fnaninf)
    x$fpl$fretinf                            0x08005326   Section       10  fretinf.o(x$fpl$fretinf)
    x$fpl$fsub                               0x08005330   Section      234  faddsub_clz.o(x$fpl$fsub)
    _fsub1                                   0x0800533f   Thumb Code     0  faddsub_clz.o(x$fpl$fsub)
    x$fpl$printf1                            0x0800541a   Section        4  printf1.o(x$fpl$printf1)
    x$fpl$printf2                            0x0800541e   Section        4  printf2.o(x$fpl$printf2)
    x$fpl$usenofp                            0x08005422   Section        0  usenofp.o(x$fpl$usenofp)
    .constdata                               0x08005424   Section       60  uart.o(.constdata)
    .constdata                               0x08005460   Section        3  rf_parser.o(.constdata)
    rfheader                                 0x08005460   Data           3  rf_parser.o(.constdata)
    .constdata                               0x08005463   Section       17  __printf_flags_ss_wp.o(.constdata)
    maptable                                 0x08005463   Data          17  __printf_flags_ss_wp.o(.constdata)
    .constdata                               0x08005474   Section        8  _printf_wctomb.o(.constdata)
    initial_mbstate                          0x08005474   Data           8  _printf_wctomb.o(.constdata)
    .constdata                               0x0800547c   Section       40  _printf_hex_int_ll_ptr.o(.constdata)
    uc_hextab                                0x0800547c   Data          20  _printf_hex_int_ll_ptr.o(.constdata)
    lc_hextab                                0x08005490   Data          20  _printf_hex_int_ll_ptr.o(.constdata)
    .constdata                               0x080054a4   Section       38  _printf_fp_hex.o(.constdata)
    lc_hextab                                0x080054a4   Data          19  _printf_fp_hex.o(.constdata)
    uc_hextab                                0x080054b7   Data          19  _printf_fp_hex.o(.constdata)
    .constdata                               0x080054cc   Section      148  bigflt0.o(.constdata)
    tenpwrs_x                                0x080054cc   Data          60  bigflt0.o(.constdata)
    tenpwrs_i                                0x08005508   Data          64  bigflt0.o(.constdata)
    locale$$data                             0x08005580   Section       28  lc_numeric_c.o(locale$$data)
    __lcnum_c_name                           0x08005584   Data           2  lc_numeric_c.o(locale$$data)
    __lcnum_c_start                          0x0800558c   Data           0  lc_numeric_c.o(locale$$data)
    __lcnum_c_point                          0x08005598   Data           0  lc_numeric_c.o(locale$$data)
    __lcnum_c_thousands                      0x0800559a   Data           0  lc_numeric_c.o(locale$$data)
    __lcnum_c_grouping                       0x0800559b   Data           0  lc_numeric_c.o(locale$$data)
    locale$$data                             0x0800559c   Section      272  lc_ctype_c.o(locale$$data)
    __lcnum_c_end                            0x0800559c   Data           0  lc_numeric_c.o(locale$$data)
    __lcctype_c_name                         0x080055a0   Data           2  lc_ctype_c.o(locale$$data)
    __lcctype_c_start                        0x080055a8   Data           0  lc_ctype_c.o(locale$$data)
    __lcctype_c_end                          0x080056ac   Data           0  lc_ctype_c.o(locale$$data)
    .data                                    0x20000000   Section       20  stm32f10x_rcc.o(.data)
    APBAHBPrescTable                         0x20000000   Data          16  stm32f10x_rcc.o(.data)
    ADCPrescTable                            0x20000010   Data           4  stm32f10x_rcc.o(.data)
    .data                                    0x20000014   Section       72  uart.o(.data)
    .data                                    0x2000005c   Section        8  systick_timer.o(.data)
    cnt                                      0x2000005c   Data           4  systick_timer.o(.data)
    cnt2                                     0x20000060   Data           4  systick_timer.o(.data)
    .data                                    0x20000064   Section        8  dprintf.o(.data)
    .data                                    0x2000006c   Section        9  at25df.o(.data)
    buf                                      0x20000070   Data           5  at25df.o(.data)
    .data                                    0x20000076   Section        4  main.o(.data)
    .data                                    0x2000007c   Section        4  display_kingbright.o(.data)
    symbol_number                            0x2000007c   Data           4  display_kingbright.o(.data)
    .data                                    0x20000080   Section        4  buttons.o(.data)
    buttons                                  0x20000080   Data           4  buttons.o(.data)
    .data                                    0x20000084   Section        4  display_menu.o(.data)
    .data                                    0x20000088   Section      526  player.o(.data)
    synchro_flag                             0x20000088   Data           1  player.o(.data)
    .bss                                     0x20000298   Section     1024  uart.o(.bss)
    rx1_buffer                               0x20000298   Data         256  uart.o(.bss)
    tx1_buffer                               0x20000398   Data         256  uart.o(.bss)
    rx2_buffer                               0x20000498   Data         256  uart.o(.bss)
    tx2_buffer                               0x20000598   Data         256  uart.o(.bss)
    .bss                                     0x20000698   Section       24  systick_timer.o(.bss)
    .bss                                     0x200006b0   Section      524  at25db321_filestrorage.o(.bss)
    .bss                                     0x200008bc   Section      432  main.o(.bss)
    .bss                                     0x20000a6c   Section      108  rf_parser.o(.bss)
    txBuff                                   0x20000a6c   Data          64  rf_parser.o(.bss)
    settings                                 0x20000aac   Data          44  rf_parser.o(.bss)
    .bss                                     0x20000ad8   Section       80  display_kingbright.o(.bss)
    .bss                                     0x20000b28   Section       20  buttons.o(.bss)
    button_tim                               0x20000b28   Data          20  buttons.o(.bss)
    .bss                                     0x20000b3c   Section      228  rand.o(.bss)
    .bss                                     0x20000c20   Section       96  libspace.o(.bss)
    HEAP                                     0x20000c80   Section     4096  startup_stm32f10x_md.o(HEAP)
    Heap_Mem                                 0x20000c80   Data        4096  startup_stm32f10x_md.o(HEAP)
    STACK                                    0x20001c80   Section     2048  startup_stm32f10x_md.o(STACK)
    Stack_Mem                                0x20001c80   Data        2048  startup_stm32f10x_md.o(STACK)
    __initial_sp                             0x20002480   Data           0  startup_stm32f10x_md.o(STACK)

    Global Symbols

    Symbol Name                              Value     Ov Type        Size  Object(Section)

    BuildAttributes$$THM_ISAv4$P$D$K$B$S$PE$A:L22UL41UL21$X:L11$S22US41US21$IEEE1$IW$USESV6$~STKCKD$USESV7$~SHL$OTIME$ROPI$IEEEJ$EBA8$UX$STANDARDLIB$REQ8$PRES8$EABIv2 0x00000000   Number         0  anon$$obj.o ABSOLUTE
    __ARM_use_no_argv                        0x00000000   Number         0  main.o ABSOLUTE
    _printf_flags                            0x00000000   Number         0  printf_stubs.o ABSOLUTE
    _printf_return_value                     0x00000000   Number         0  printf_stubs.o ABSOLUTE
    _printf_sizespec                         0x00000000   Number         0  printf_stubs.o ABSOLUTE
    _printf_widthprec                        0x00000000   Number         0  printf_stubs.o ABSOLUTE
    __ARM_exceptions_init                     - Undefined Weak Reference
    __alloca_initialize                       - Undefined Weak Reference
    __arm_preinit_                            - Undefined Weak Reference
    __cpp_initialize__aeabi_                  - Undefined Weak Reference
    __cxa_finalize                            - Undefined Weak Reference
    __sigvec_lookup                           - Undefined Weak Reference
    __user_heap_extent                        - Undefined Weak Reference
    _atexit_init                              - Undefined Weak Reference
    _call_atexit_fns                          - Undefined Weak Reference
    _clock_init                               - Undefined Weak Reference
    _fp_trap_init                             - Undefined Weak Reference
    _fp_trap_shutdown                         - Undefined Weak Reference
    _get_lc_collate                           - Undefined Weak Reference
    _get_lc_monetary                          - Undefined Weak Reference
    _get_lc_time                              - Undefined Weak Reference
    _getenv_init                              - Undefined Weak Reference
    _handle_redirection                       - Undefined Weak Reference
    _initio                                   - Undefined Weak Reference
    _mutex_acquire                            - Undefined Weak Reference
    _mutex_free                               - Undefined Weak Reference
    _mutex_release                            - Undefined Weak Reference
    _printf_mbtowc                            - Undefined Weak Reference
    _printf_wc                                - Undefined Weak Reference
    _scanf_longlong                           - Undefined Weak Reference
    _scanf_mbtowc                             - Undefined Weak Reference
    _scanf_real                               - Undefined Weak Reference
    _scanf_string                             - Undefined Weak Reference
    _scanf_wctomb                             - Undefined Weak Reference
    _scanf_wstring                            - Undefined Weak Reference
    _signal_finish                            - Undefined Weak Reference
    _signal_init                              - Undefined Weak Reference
    _terminateio                              - Undefined Weak Reference
    __Vectors_Size                           0x000000ec   Number         0  startup_stm32f10x_md.o ABSOLUTE
    __Vectors                                0x08000000   Data           4  startup_stm32f10x_md.o(RESET)
    __Vectors_End                            0x080000ec   Data           0  startup_stm32f10x_md.o(RESET)
    __main                                   0x080000ed   Thumb Code     8  __main.o(!!!main)
    __scatterload                            0x080000f5   Thumb Code     0  __scatter.o(!!!scatter)
    __scatterload_rt2                        0x080000f5   Thumb Code    44  __scatter.o(!!!scatter)
    __scatterload_rt2_thumb_only             0x080000f5   Thumb Code     0  __scatter.o(!!!scatter)
    __scatterload_null                       0x08000103   Thumb Code     0  __scatter.o(!!!scatter)
    __decompress                             0x08000129   Thumb Code    90  __dczerorl2.o(!!dczerorl2)
    __decompress1                            0x08000129   Thumb Code     0  __dczerorl2.o(!!dczerorl2)
    __scatterload_zeroinit                   0x08000185   Thumb Code    28  __scatter_zi.o(!!handler_zi)
    _printf_n                                0x080001a1   Thumb Code     0  _printf_n.o(.ARM.Collect$$_printf_percent$$00000001)
    _printf_percent                          0x080001a1   Thumb Code     0  _printf_percent.o(.ARM.Collect$$_printf_percent$$00000000)
    _printf_p                                0x080001a7   Thumb Code     0  _printf_p.o(.ARM.Collect$$_printf_percent$$00000002)
    _printf_f                                0x080001ad   Thumb Code     0  _printf_f.o(.ARM.Collect$$_printf_percent$$00000003)
    _printf_e                                0x080001b3   Thumb Code     0  _printf_e.o(.ARM.Collect$$_printf_percent$$00000004)
    _printf_g                                0x080001b9   Thumb Code     0  _printf_g.o(.ARM.Collect$$_printf_percent$$00000005)
    _printf_a                                0x080001bf   Thumb Code     0  _printf_a.o(.ARM.Collect$$_printf_percent$$00000006)
    _printf_ll                               0x080001c5   Thumb Code     0  _printf_ll.o(.ARM.Collect$$_printf_percent$$00000007)
    _printf_i                                0x080001cf   Thumb Code     0  _printf_i.o(.ARM.Collect$$_printf_percent$$00000008)
    _printf_d                                0x080001d5   Thumb Code     0  _printf_d.o(.ARM.Collect$$_printf_percent$$00000009)
    _printf_u                                0x080001db   Thumb Code     0  _printf_u.o(.ARM.Collect$$_printf_percent$$0000000A)
    _printf_o                                0x080001e1   Thumb Code     0  _printf_o.o(.ARM.Collect$$_printf_percent$$0000000B)
    _printf_x                                0x080001e7   Thumb Code     0  _printf_x.o(.ARM.Collect$$_printf_percent$$0000000C)
    _printf_lli                              0x080001ed   Thumb Code     0  _printf_lli.o(.ARM.Collect$$_printf_percent$$0000000D)
    _printf_lld                              0x080001f3   Thumb Code     0  _printf_lld.o(.ARM.Collect$$_printf_percent$$0000000E)
    _printf_llu                              0x080001f9   Thumb Code     0  _printf_llu.o(.ARM.Collect$$_printf_percent$$0000000F)
    _printf_llo                              0x080001ff   Thumb Code     0  _printf_llo.o(.ARM.Collect$$_printf_percent$$00000010)
    _printf_llx                              0x08000205   Thumb Code     0  _printf_llx.o(.ARM.Collect$$_printf_percent$$00000011)
    _printf_l                                0x0800020b   Thumb Code     0  _printf_l.o(.ARM.Collect$$_printf_percent$$00000012)
    _printf_c                                0x08000215   Thumb Code     0  _printf_c.o(.ARM.Collect$$_printf_percent$$00000013)
    _printf_s                                0x0800021b   Thumb Code     0  _printf_s.o(.ARM.Collect$$_printf_percent$$00000014)
    _printf_lc                               0x08000221   Thumb Code     0  _printf_lc.o(.ARM.Collect$$_printf_percent$$00000015)
    _printf_ls                               0x08000227   Thumb Code     0  _printf_ls.o(.ARM.Collect$$_printf_percent$$00000016)
    _printf_percent_end                      0x0800022d   Thumb Code     0  _printf_percent_end.o(.ARM.Collect$$_printf_percent$$00000017)
    __rt_lib_init                            0x08000231   Thumb Code     0  libinit.o(.ARM.Collect$$libinit$$00000000)
    __rt_lib_init_fp_1                       0x08000233   Thumb Code     0  libinit2.o(.ARM.Collect$$libinit$$00000002)
    __rt_lib_init_heap_1                     0x08000233   Thumb Code     0  libinit2.o(.ARM.Collect$$libinit$$0000000A)
    __rt_lib_init_preinit_1                  0x08000233   Thumb Code     0  libinit2.o(.ARM.Collect$$libinit$$00000004)
    __rt_lib_init_rand_2                     0x08000233   Thumb Code     0  libinit2.o(.ARM.Collect$$libinit$$0000000D)
    __rt_lib_init_user_alloc_1               0x08000233   Thumb Code     0  libinit2.o(.ARM.Collect$$libinit$$0000000C)
    __rt_lib_init_lc_common                  0x08000237   Thumb Code     0  libinit2.o(.ARM.Collect$$libinit$$0000000F)
    __rt_lib_init_rand_1                     0x08000237   Thumb Code     0  libinit2.o(.ARM.Collect$$libinit$$0000000E)
    __rt_lib_init_lc_collate_1               0x0800023d   Thumb Code     0  libinit2.o(.ARM.Collect$$libinit$$00000011)
    __rt_lib_init_lc_ctype_2                 0x0800023d   Thumb Code     0  libinit2.o(.ARM.Collect$$libinit$$00000012)
    __rt_lib_init_lc_ctype_1                 0x08000249   Thumb Code     0  libinit2.o(.ARM.Collect$$libinit$$00000013)
    __rt_lib_init_lc_monetary_1              0x08000249   Thumb Code     0  libinit2.o(.ARM.Collect$$libinit$$00000015)
    __rt_lib_init_lc_numeric_2               0x08000249   Thumb Code     0  libinit2.o(.ARM.Collect$$libinit$$00000016)
    __rt_lib_init_alloca_1                   0x08000253   Thumb Code     0  libinit2.o(.ARM.Collect$$libinit$$0000002E)
    __rt_lib_init_argv_1                     0x08000253   Thumb Code     0  libinit2.o(.ARM.Collect$$libinit$$0000002C)
    __rt_lib_init_atexit_1                   0x08000253   Thumb Code     0  libinit2.o(.ARM.Collect$$libinit$$0000001B)
    __rt_lib_init_clock_1                    0x08000253   Thumb Code     0  libinit2.o(.ARM.Collect$$libinit$$00000021)
    __rt_lib_init_cpp_1                      0x08000253   Thumb Code     0  libinit2.o(.ARM.Collect$$libinit$$00000032)
    __rt_lib_init_exceptions_1               0x08000253   Thumb Code     0  libinit2.o(.ARM.Collect$$libinit$$00000030)
    __rt_lib_init_fp_trap_1                  0x08000253   Thumb Code     0  libinit2.o(.ARM.Collect$$libinit$$0000001F)
    __rt_lib_init_getenv_1                   0x08000253   Thumb Code     0  libinit2.o(.ARM.Collect$$libinit$$00000023)
    __rt_lib_init_lc_numeric_1               0x08000253   Thumb Code     0  libinit2.o(.ARM.Collect$$libinit$$00000017)
    __rt_lib_init_lc_time_1                  0x08000253   Thumb Code     0  libinit2.o(.ARM.Collect$$libinit$$00000019)
    __rt_lib_init_return                     0x08000253   Thumb Code     0  libinit2.o(.ARM.Collect$$libinit$$00000033)
    __rt_lib_init_signal_1                   0x08000253   Thumb Code     0  libinit2.o(.ARM.Collect$$libinit$$0000001D)
    __rt_lib_init_stdio_1                    0x08000253   Thumb Code     0  libinit2.o(.ARM.Collect$$libinit$$00000025)
    __rt_lib_shutdown                        0x08000255   Thumb Code     0  libshutdown.o(.ARM.Collect$$libshutdown$$00000000)
    __rt_lib_shutdown_cpp_1                  0x08000257   Thumb Code     0  libshutdown2.o(.ARM.Collect$$libshutdown$$00000002)
    __rt_lib_shutdown_fp_trap_1              0x08000257   Thumb Code     0  libshutdown2.o(.ARM.Collect$$libshutdown$$00000007)
    __rt_lib_shutdown_heap_1                 0x08000257   Thumb Code     0  libshutdown2.o(.ARM.Collect$$libshutdown$$0000000F)
    __rt_lib_shutdown_return                 0x08000257   Thumb Code     0  libshutdown2.o(.ARM.Collect$$libshutdown$$00000010)
    __rt_lib_shutdown_signal_1               0x08000257   Thumb Code     0  libshutdown2.o(.ARM.Collect$$libshutdown$$0000000A)
    __rt_lib_shutdown_stdio_1                0x08000257   Thumb Code     0  libshutdown2.o(.ARM.Collect$$libshutdown$$00000004)
    __rt_lib_shutdown_user_alloc_1           0x08000257   Thumb Code     0  libshutdown2.o(.ARM.Collect$$libshutdown$$0000000C)
    __rt_entry                               0x08000259   Thumb Code     0  __rtentry.o(.ARM.Collect$$rtentry$$00000000)
    __rt_entry_presh_1                       0x08000259   Thumb Code     0  __rtentry2.o(.ARM.Collect$$rtentry$$00000002)
    __rt_entry_sh                            0x08000259   Thumb Code     0  __rtentry4.o(.ARM.Collect$$rtentry$$00000004)
    __rt_entry_li                            0x0800025f   Thumb Code     0  __rtentry2.o(.ARM.Collect$$rtentry$$0000000A)
    __rt_entry_postsh_1                      0x0800025f   Thumb Code     0  __rtentry2.o(.ARM.Collect$$rtentry$$00000009)
    __rt_entry_main                          0x08000263   Thumb Code     0  __rtentry2.o(.ARM.Collect$$rtentry$$0000000D)
    __rt_entry_postli_1                      0x08000263   Thumb Code     0  __rtentry2.o(.ARM.Collect$$rtentry$$0000000C)
    __rt_exit                                0x0800026b   Thumb Code     0  rtexit.o(.ARM.Collect$$rtexit$$00000000)
    __rt_exit_ls                             0x0800026d   Thumb Code     0  rtexit2.o(.ARM.Collect$$rtexit$$00000003)
    __rt_exit_prels_1                        0x0800026d   Thumb Code     0  rtexit2.o(.ARM.Collect$$rtexit$$00000002)
    __rt_exit_exit                           0x08000271   Thumb Code     0  rtexit2.o(.ARM.Collect$$rtexit$$00000004)
    __asm___6_fifo_c_a58ba41a__get_interrupt_state 0x08000279   Thumb Code     6  fifo.o(.emb_text)
    __asm___6_fifo_c_a58ba41a__set_interrupt_state 0x0800027f   Thumb Code     6  fifo.o(.emb_text)
    __asm___11_uni_flash_c_4f08e9e3__get_interrupt_state 0x08000285   Thumb Code     6  uni_flash.o(.emb_text)
    __asm___11_uni_flash_c_4f08e9e3__set_interrupt_state 0x0800028b   Thumb Code     6  uni_flash.o(.emb_text)
    Reset_Handler                            0x08000291   Thumb Code     8  startup_stm32f10x_md.o(.text)
    NMI_Handler                              0x08000299   Thumb Code     2  startup_stm32f10x_md.o(.text)
    HardFault_Handler                        0x0800029b   Thumb Code     2  startup_stm32f10x_md.o(.text)
    MemManage_Handler                        0x0800029d   Thumb Code     2  startup_stm32f10x_md.o(.text)
    BusFault_Handler                         0x0800029f   Thumb Code     2  startup_stm32f10x_md.o(.text)
    UsageFault_Handler                       0x080002a1   Thumb Code     2  startup_stm32f10x_md.o(.text)
    SVC_Handler                              0x080002a3   Thumb Code     2  startup_stm32f10x_md.o(.text)
    DebugMon_Handler                         0x080002a5   Thumb Code     2  startup_stm32f10x_md.o(.text)
    PendSV_Handler                           0x080002a7   Thumb Code     2  startup_stm32f10x_md.o(.text)
    ADC1_2_IRQHandler                        0x080002ab   Thumb Code     0  startup_stm32f10x_md.o(.text)
    CAN1_RX1_IRQHandler                      0x080002ab   Thumb Code     0  startup_stm32f10x_md.o(.text)
    CAN1_SCE_IRQHandler                      0x080002ab   Thumb Code     0  startup_stm32f10x_md.o(.text)
    DMA1_Channel1_IRQHandler                 0x080002ab   Thumb Code     0  startup_stm32f10x_md.o(.text)
    DMA1_Channel2_IRQHandler                 0x080002ab   Thumb Code     0  startup_stm32f10x_md.o(.text)
    DMA1_Channel3_IRQHandler                 0x080002ab   Thumb Code     0  startup_stm32f10x_md.o(.text)
    DMA1_Channel4_IRQHandler                 0x080002ab   Thumb Code     0  startup_stm32f10x_md.o(.text)
    DMA1_Channel5_IRQHandler                 0x080002ab   Thumb Code     0  startup_stm32f10x_md.o(.text)
    DMA1_Channel6_IRQHandler                 0x080002ab   Thumb Code     0  startup_stm32f10x_md.o(.text)
    DMA1_Channel7_IRQHandler                 0x080002ab   Thumb Code     0  startup_stm32f10x_md.o(.text)
    EXTI0_IRQHandler                         0x080002ab   Thumb Code     0  startup_stm32f10x_md.o(.text)
    EXTI15_10_IRQHandler                     0x080002ab   Thumb Code     0  startup_stm32f10x_md.o(.text)
    EXTI1_IRQHandler                         0x080002ab   Thumb Code     0  startup_stm32f10x_md.o(.text)
    EXTI2_IRQHandler                         0x080002ab   Thumb Code     0  startup_stm32f10x_md.o(.text)
    EXTI3_IRQHandler                         0x080002ab   Thumb Code     0  startup_stm32f10x_md.o(.text)
    EXTI4_IRQHandler                         0x080002ab   Thumb Code     0  startup_stm32f10x_md.o(.text)
    EXTI9_5_IRQHandler                       0x080002ab   Thumb Code     0  startup_stm32f10x_md.o(.text)
    FLASH_IRQHandler                         0x080002ab   Thumb Code     0  startup_stm32f10x_md.o(.text)
    I2C1_ER_IRQHandler                       0x080002ab   Thumb Code     0  startup_stm32f10x_md.o(.text)
    I2C1_EV_IRQHandler                       0x080002ab   Thumb Code     0  startup_stm32f10x_md.o(.text)
    I2C2_ER_IRQHandler                       0x080002ab   Thumb Code     0  startup_stm32f10x_md.o(.text)
    I2C2_EV_IRQHandler                       0x080002ab   Thumb Code     0  startup_stm32f10x_md.o(.text)
    PVD_IRQHandler                           0x080002ab   Thumb Code     0  startup_stm32f10x_md.o(.text)
    RCC_IRQHandler                           0x080002ab   Thumb Code     0  startup_stm32f10x_md.o(.text)
    RTCAlarm_IRQHandler                      0x080002ab   Thumb Code     0  startup_stm32f10x_md.o(.text)
    RTC_IRQHandler                           0x080002ab   Thumb Code     0  startup_stm32f10x_md.o(.text)
    SPI1_IRQHandler                          0x080002ab   Thumb Code     0  startup_stm32f10x_md.o(.text)
    SPI2_IRQHandler                          0x080002ab   Thumb Code     0  startup_stm32f10x_md.o(.text)
    TAMPER_IRQHandler                        0x080002ab   Thumb Code     0  startup_stm32f10x_md.o(.text)
    TIM1_BRK_IRQHandler                      0x080002ab   Thumb Code     0  startup_stm32f10x_md.o(.text)
    TIM1_CC_IRQHandler                       0x080002ab   Thumb Code     0  startup_stm32f10x_md.o(.text)
    TIM1_TRG_COM_IRQHandler                  0x080002ab   Thumb Code     0  startup_stm32f10x_md.o(.text)
    TIM1_UP_IRQHandler                       0x080002ab   Thumb Code     0  startup_stm32f10x_md.o(.text)
    TIM2_IRQHandler                          0x080002ab   Thumb Code     0  startup_stm32f10x_md.o(.text)
    TIM3_IRQHandler                          0x080002ab   Thumb Code     0  startup_stm32f10x_md.o(.text)
    TIM4_IRQHandler                          0x080002ab   Thumb Code     0  startup_stm32f10x_md.o(.text)
    USART3_IRQHandler                        0x080002ab   Thumb Code     0  startup_stm32f10x_md.o(.text)
    USBWakeUp_IRQHandler                     0x080002ab   Thumb Code     0  startup_stm32f10x_md.o(.text)
    USB_HP_CAN1_TX_IRQHandler                0x080002ab   Thumb Code     0  startup_stm32f10x_md.o(.text)
    USB_LP_CAN1_RX0_IRQHandler               0x080002ab   Thumb Code     0  startup_stm32f10x_md.o(.text)
    WWDG_IRQHandler                          0x080002ab   Thumb Code     0  startup_stm32f10x_md.o(.text)
    __user_initial_stackheap                 0x080002ad   Thumb Code     0  startup_stm32f10x_md.o(.text)
    vfprintf                                 0x080002d1   Thumb Code    10  vfprintf.o(.text)
    __2sprintf                               0x080002dd   Thumb Code    38  __2sprintf.o(.text)
    _printf_pre_padding                      0x08000309   Thumb Code    44  _printf_pad.o(.text)
    _printf_post_padding                     0x08000335   Thumb Code    34  _printf_pad.o(.text)
    _printf_int_dec                          0x08000359   Thumb Code   104  _printf_dec.o(.text)
    __printf                                 0x080003d1   Thumb Code   388  __printf_flags_ss_wp.o(.text)
    srand                                    0x08000559   Thumb Code    42  rand.o(.text)
    _rand_init                               0x08000583   Thumb Code     4  rand.o(.text)
    memcmp                                   0x08000595   Thumb Code    88  memcmp.o(.text)
    __aeabi_memcpy                           0x080005ed   Thumb Code     0  rt_memcpy_v6.o(.text)
    __rt_memcpy                              0x080005ed   Thumb Code   138  rt_memcpy_v6.o(.text)
    _memcpy_lastbytes                        0x08000653   Thumb Code     0  rt_memcpy_v6.o(.text)
    __aeabi_memcpy4                          0x08000677   Thumb Code     0  rt_memcpy_w.o(.text)
    __aeabi_memcpy8                          0x08000677   Thumb Code     0  rt_memcpy_w.o(.text)
    __rt_memcpy_w                            0x08000677   Thumb Code   100  rt_memcpy_w.o(.text)
    _memcpy_lastbytes_aligned                0x080006bf   Thumb Code     0  rt_memcpy_w.o(.text)
    __use_two_region_memory                  0x080006db   Thumb Code     2  heapauxi.o(.text)
    __rt_heap_escrow                         0x080006dd   Thumb Code     2  heapauxi.o(.text)
    __rt_heap_expand                         0x080006df   Thumb Code     2  heapauxi.o(.text)
    _printf_truncate_signed                  0x080006e1   Thumb Code    18  _printf_truncate.o(.text)
    _printf_truncate_unsigned                0x080006f3   Thumb Code    18  _printf_truncate.o(.text)
    _printf_str                              0x08000705   Thumb Code    82  _printf_str.o(.text)
    _printf_int_common                       0x08000757   Thumb Code   178  _printf_intcommon.o(.text)
    _printf_charcount                        0x08000809   Thumb Code    40  _printf_charcount.o(.text)
    _printf_char_common                      0x0800083b   Thumb Code    32  _printf_char_common.o(.text)
    _sputc                                   0x08000861   Thumb Code    10  _sputc.o(.text)
    _printf_char_file                        0x0800086d   Thumb Code    32  _printf_char_file.o(.text)
    _printf_wctomb                           0x08000891   Thumb Code   182  _printf_wctomb.o(.text)
    _printf_longlong_dec                     0x0800094d   Thumb Code   108  _printf_longlong_dec.o(.text)
    _printf_longlong_oct                     0x080009c9   Thumb Code    68  _printf_oct_int_ll.o(.text)
    _printf_int_oct                          0x08000a0d   Thumb Code    24  _printf_oct_int_ll.o(.text)
    _printf_ll_oct                           0x08000a25   Thumb Code    12  _printf_oct_int_ll.o(.text)
    _printf_longlong_hex                     0x08000a39   Thumb Code    86  _printf_hex_int_ll_ptr.o(.text)
    _printf_int_hex                          0x08000a8f   Thumb Code    28  _printf_hex_int_ll_ptr.o(.text)
    _printf_ll_hex                           0x08000aab   Thumb Code    12  _printf_hex_int_ll_ptr.o(.text)
    _printf_hex_ptr                          0x08000ab7   Thumb Code    18  _printf_hex_int_ll_ptr.o(.text)
    __user_libspace                          0x08000acd   Thumb Code     8  libspace.o(.text)
    __user_perproc_libspace                  0x08000acd   Thumb Code     0  libspace.o(.text)
    __user_perthread_libspace                0x08000acd   Thumb Code     0  libspace.o(.text)
    _ll_udiv10                               0x08000ad5   Thumb Code   138  lludiv10.o(.text)
    __lib_sel_fp_printf                      0x08000b5f   Thumb Code     2  _printf_fp_dec.o(.text)
    _printf_fp_dec_real                      0x08000d0d   Thumb Code   620  _printf_fp_dec.o(.text)
    _printf_fp_hex_real                      0x08000f79   Thumb Code   756  _printf_fp_hex.o(.text)
    _printf_cs_common                        0x08001275   Thumb Code    20  _printf_char.o(.text)
    _printf_char                             0x08001289   Thumb Code    16  _printf_char.o(.text)
    _printf_string                           0x08001299   Thumb Code     8  _printf_char.o(.text)
    _printf_lcs_common                       0x080012a1   Thumb Code    20  _printf_wchar.o(.text)
    _printf_wchar                            0x080012b5   Thumb Code    16  _printf_wchar.o(.text)
    _printf_wstring                          0x080012c5   Thumb Code     8  _printf_wchar.o(.text)
    _wcrtomb                                 0x080012cd   Thumb Code    64  _wcrtomb.o(.text)
    __I$use$semihosting                      0x0800130d   Thumb Code     0  use_no_semi.o(.text)
    __use_no_semihosting_swi                 0x0800130d   Thumb Code     2  use_no_semi.o(.text)
    __semihosting_library_function           0x0800130f   Thumb Code     0  indicate_semi.o(.text)
    __user_setup_stackheap                   0x0800130f   Thumb Code    74  sys_stackheap_outer.o(.text)
    __rt_ctype_table                         0x08001359   Thumb Code    16  rt_ctype_table.o(.text)
    __rt_locale                              0x08001369   Thumb Code     8  rt_locale_intlibspace.o(.text)
    _printf_fp_infnan                        0x08001371   Thumb Code   112  _printf_fp_infnan.o(.text)
    _btod_etento                             0x080013f1   Thumb Code   216  bigflt0.o(.text)
    exit                                     0x080014cd   Thumb Code    18  exit.o(.text)
    _sys_exit                                0x080014e1   Thumb Code     8  sys_exit.o(.text)
    strcmp                                   0x080014ed   Thumb Code   128  strcmpv7m.o(.text)
    _btod_d2e                                0x0800156d   Thumb Code    62  btod.o(CL$$btod_d2e)
    _d2e_denorm_low                          0x080015ab   Thumb Code    70  btod.o(CL$$btod_d2e_denorm_low)
    _d2e_norm_op1                            0x080015f1   Thumb Code    96  btod.o(CL$$btod_d2e_norm_op1)
    __btod_div_common                        0x08001651   Thumb Code   696  btod.o(CL$$btod_div_common)
    _e2e                                     0x08001989   Thumb Code   198  btod.o(CL$$btod_e2e)
    _btod_ediv                               0x08001a4f   Thumb Code    40  btod.o(CL$$btod_ediv)
    _btod_emul                               0x08001a77   Thumb Code    40  btod.o(CL$$btod_emul)
    __btod_mult_common                       0x08001a9f   Thumb Code   580  btod.o(CL$$btod_mult_common)
    ADC_Cmd                                  0x08001ce3   Thumb Code    22  stm32f10x_adc.o(i.ADC_Cmd)
    ADC_DeInit                               0x08001cf9   Thumb Code    78  stm32f10x_adc.o(i.ADC_DeInit)
    ADC_GetCalibrationStatus                 0x08001d55   Thumb Code    20  stm32f10x_adc.o(i.ADC_GetCalibrationStatus)
    ADC_GetFlagStatus                        0x08001d69   Thumb Code    18  stm32f10x_adc.o(i.ADC_GetFlagStatus)
    ADC_GetResetCalibrationStatus            0x08001d7b   Thumb Code    20  stm32f10x_adc.o(i.ADC_GetResetCalibrationStatus)
    ADC_Init                                 0x08001d91   Thumb Code    70  stm32f10x_adc.o(i.ADC_Init)
    ADC_RegularChannelConfig                 0x08001de1   Thumb Code   184  stm32f10x_adc.o(i.ADC_RegularChannelConfig)
    ADC_ResetCalibration                     0x08001e99   Thumb Code    10  stm32f10x_adc.o(i.ADC_ResetCalibration)
    ADC_SoftwareStartConvCmd                 0x08001ea3   Thumb Code    22  stm32f10x_adc.o(i.ADC_SoftwareStartConvCmd)
    ADC_StartCalibration                     0x08001eb9   Thumb Code    10  stm32f10x_adc.o(i.ADC_StartCalibration)
    ADC_TempSensorVrefintCmd                 0x08001ec5   Thumb Code    30  stm32f10x_adc.o(i.ADC_TempSensorVrefintCmd)
    CRC_CalcCRC                              0x08001ee9   Thumb Code    10  stm32f10x_crc.o(i.CRC_CalcCRC)
    CRC_ResetDR                              0x08001ef9   Thumb Code     8  stm32f10x_crc.o(i.CRC_ResetDR)
    DMA_Cmd                                  0x08001f05   Thumb Code    24  stm32f10x_dma.o(i.DMA_Cmd)
    DMA_DeInit                               0x08001f1d   Thumb Code   324  stm32f10x_dma.o(i.DMA_DeInit)
    DMA_Init                                 0x08002069   Thumb Code    60  stm32f10x_dma.o(i.DMA_Init)
    RCC_AHBPeriphClockCmd                    0x080020bd   Thumb Code    26  stm32f10x_rcc.o(i.RCC_AHBPeriphClockCmd)
    RCC_APB1PeriphClockCmd                   0x080020dd   Thumb Code    26  stm32f10x_rcc.o(i.RCC_APB1PeriphClockCmd)
    RCC_APB1PeriphResetCmd                   0x080020fd   Thumb Code    26  stm32f10x_rcc.o(i.RCC_APB1PeriphResetCmd)
    RCC_APB2PeriphClockCmd                   0x0800211d   Thumb Code    26  stm32f10x_rcc.o(i.RCC_APB2PeriphClockCmd)
    RCC_APB2PeriphResetCmd                   0x0800213d   Thumb Code    26  stm32f10x_rcc.o(i.RCC_APB2PeriphResetCmd)
    RCC_GetClocksFreq                        0x0800215d   Thumb Code   192  stm32f10x_rcc.o(i.RCC_GetClocksFreq)
    RCC_PLLCmd                               0x08002235   Thumb Code     6  stm32f10x_rcc.o(i.RCC_PLLCmd)
    RCC_PLLConfig                            0x08002241   Thumb Code    24  stm32f10x_rcc.o(i.RCC_PLLConfig)
    SPI_Cmd                                  0x0800225d   Thumb Code    24  stm32f10x_spi.o(i.SPI_Cmd)
    SPI_Init                                 0x08002275   Thumb Code    60  stm32f10x_spi.o(i.SPI_Init)
    SysTick_Handler                          0x08002399   Thumb Code   108  systick_timer.o(i.SysTick_Handler)
    SystemInit                               0x08002411   Thumb Code    78  system_stm32f10x.o(i.SystemInit)
    TEST_get_frame                           0x08002471   Thumb Code    26  player.o(i.TEST_get_frame)
    USART1_IRQHandler                        0x08002495   Thumb Code    66  uart.o(i.USART1_IRQHandler)
    USART2_IRQHandler                        0x080024dd   Thumb Code    66  uart.o(i.USART2_IRQHandler)
    USART_Cmd                                0x08002525   Thumb Code    24  stm32f10x_usart.o(i.USART_Cmd)
    USART_DMACmd                             0x0800253d   Thumb Code    18  stm32f10x_usart.o(i.USART_DMACmd)
    USART_DeInit                             0x08002551   Thumb Code   134  stm32f10x_usart.o(i.USART_DeInit)
    USART_Init                               0x080025ed   Thumb Code   210  stm32f10x_usart.o(i.USART_Init)
    __ARM_fpclassify                         0x080026c5   Thumb Code    40  fpclassify.o(i.__ARM_fpclassify)
    _is_digit                                0x080026ed   Thumb Code    14  __printf_wp.o(i._is_digit)
    at25df_read                              0x08002739   Thumb Code    58  at25df.o(i.at25df_read)
    auto_start_next_frame                    0x08002779   Thumb Code    78  player.o(i.auto_start_next_frame)
    buttonTask                               0x080027cd   Thumb Code   248  buttons.o(i.buttonTask)
    crc32hw                                  0x08002905   Thumb Code   208  crc32.o(i.crc32hw)
    delay_ms                                 0x08002aed   Thumb Code    22  delay.o(i.delay_ms)
    delay_us                                 0x08002b03   Thumb Code    24  delay.o(i.delay_us)
    dislay_Handler                           0x08002b1d   Thumb Code   154  display_kingbright.o(i.dislay_Handler)
    display_init_74hc                        0x08002bc5   Thumb Code    44  display_kingbright.o(i.display_init_74hc)
    display_init_symbol                      0x08002bf5   Thumb Code    44  display_kingbright.o(i.display_init_symbol)
    display_set_string                       0x08002c25   Thumb Code    32  display_kingbright.o(i.display_set_string)
    dprintf                                  0x08002c49   Thumb Code    28  dprintf.o(i.dprintf)
    ferror                                   0x08002c69   Thumb Code     8  dprintf.o(i.ferror)
    fifo_flush                               0x08002c71   Thumb Code    30  fifo.o(i.fifo_flush)
    fifo_get_byte                            0x08002c8f   Thumb Code    66  fifo.o(i.fifo_get_byte)
    fifo_put_byte                            0x08002cd1   Thumb Code    44  fifo.o(i.fifo_put_byte)
    fileStorageInit                          0x08002cfd   Thumb Code   160  at25db321_filestrorage.o(i.fileStorageInit)
    fill_frame                               0x08002ded   Thumb Code    14  player.o(i.fill_frame)
    fputc                                    0x08002dfd   Thumb Code    38  dprintf.o(i.fputc)
    initLowLevel                             0x08002ec5   Thumb Code    98  low_level0.o(i.initLowLevel)
    main                                     0x080037f1   Thumb Code    40  main.o(i.main)
    matching_symbol                          0x08003869   Thumb Code    96  display_kingbright.o(i.matching_symbol)
    menu_handler                             0x080038c9   Thumb Code    34  display_menu.o(i.menu_handler)
    menu_init                                0x080038f1   Thumb Code    16  display_menu.o(i.menu_init)
    payer_handler                            0x0800390d   Thumb Code    24  player.o(i.payer_handler)
    pin_bssr                                 0x08003929   Thumb Code   242  display_kingbright.o(i.pin_bssr)
    player_play_mem                          0x08003a1b   Thumb Code    28  player.o(i.player_play_mem)
    player_start_mem                         0x08003a39   Thumb Code    36  player.o(i.player_start_mem)
    player_stop_mem                          0x08003a65   Thumb Code    20  player.o(i.player_stop_mem)
    player_synchro                           0x08003a7d   Thumb Code    86  player.o(i.player_synchro)
    randomizer_init                          0x08003ad9   Thumb Code   188  randomizer.o(i.randomizer_init)
    rcc_adc                                  0x08003b99   Thumb Code    72  rcc.o(i.rcc_adc)
    rf_binding                               0x08003bed   Thumb Code   138  rf_parser.o(i.rf_binding)
    rf_init                                  0x08003c91   Thumb Code    88  rf_parser.o(i.rf_init)
    rf_parse                                 0x08003d6d   Thumb Code   132  rf_parser.o(i.rf_parse)
    rf_sendStartCmd                          0x08003e35   Thumb Code    76  rf_parser.o(i.rf_sendStartCmd)
    rf_sendStopCmd                           0x08003e8d   Thumb Code    46  rf_parser.o(i.rf_sendStopCmd)
    rf_set_channel                           0x08003ec9   Thumb Code    46  rf_parser.o(i.rf_set_channel)
    rf_task                                  0x08003f0d   Thumb Code    46  rf_parser.o(i.rf_task)
    software_timer                           0x08003f45   Thumb Code    60  systick_timer.o(i.software_timer)
    software_timer_start                     0x08003f85   Thumb Code    18  systick_timer.o(i.software_timer_start)
    spi_transfer                             0x08003fa1   Thumb Code   108  spi_bitbang.o(i.spi_transfer)
    spi_transfer_block                       0x08004011   Thumb Code    44  spi_bitbang.o(i.spi_transfer_block)
    spi_write_block                          0x0800403d   Thumb Code    28  spi_bitbang.o(i.spi_write_block)
    sx1276_InitLoRaMode                      0x08004193   Thumb Code   410  sx1276_transc.o(i.sx1276_InitLoRaMode)
    sx1276_LoRa_SetFrequency                 0x0800432d   Thumb Code   102  sx1276_transc.o(i.sx1276_LoRa_SetFrequency)
    sx1276_LoRa_SetMode                      0x08004393   Thumb Code    42  sx1276_transc.o(i.sx1276_LoRa_SetMode)
    sx1276_LoRa_sendPacket                   0x080043bd   Thumb Code    62  sx1276_transc.o(i.sx1276_LoRa_sendPacket)
    sx1276_LoRa_startRx                      0x080043fb   Thumb Code    18  sx1276_transc.o(i.sx1276_LoRa_startRx)
    sx1276_LoRa_updateState                  0x0800440d   Thumb Code   260  sx1276_transc.o(i.sx1276_LoRa_updateState)
    systick_timer_init                       0x08004519   Thumb Code    74  systick_timer.o(i.systick_timer_init)
    transceiverTask                          0x08004571   Thumb Code    18  low_level0.o(i.transceiverTask)
    uart_flush                               0x0800458d   Thumb Code    14  uart.o(i.uart_flush)
    uart_init                                0x0800459d   Thumb Code    64  uart.o(i.uart_init)
    uart_putc                                0x080046c9   Thumb Code    50  uart.o(i.uart_putc)
    uni_eeprom_check_in                      0x080046fb   Thumb Code   120  uni_eeprom.o(i.uni_eeprom_check_in)
    uni_eeprom_check_page_empty              0x08004773   Thumb Code    52  uni_eeprom.o(i.uni_eeprom_check_page_empty)
    uni_eeprom_check_page_overload_or_impossible_write 0x080047a7   Thumb Code    84  uni_eeprom.o(i.uni_eeprom_check_page_overload_or_impossible_write)
    uni_eeprom_data_find                     0x080047fb   Thumb Code   152  uni_eeprom.o(i.uni_eeprom_data_find)
    uni_eeprom_data_load                     0x08004893   Thumb Code    46  uni_eeprom.o(i.uni_eeprom_data_load)
    uni_eeprom_data_save                     0x080048c1   Thumb Code   268  uni_eeprom.o(i.uni_eeprom_data_save)
    uni_eeprom_init                          0x080049cd   Thumb Code    26  uni_eeprom.o(i.uni_eeprom_init)
    uni_eeprom_init_and_get                  0x080049e7   Thumb Code    32  uni_eeprom.o(i.uni_eeprom_init_and_get)
    uni_eeprom_page_erase                    0x08004a07   Thumb Code    46  uni_eeprom.o(i.uni_eeprom_page_erase)
    uni_eeprom_reset_out                     0x08004a35   Thumb Code    48  uni_eeprom.o(i.uni_eeprom_reset_out)
    uni_flash_check_page_number              0x08004a65   Thumb Code    14  uni_flash.o(i.uni_flash_check_page_number)
    uni_flash_erase_page                     0x08004a75   Thumb Code   100  uni_flash.o(i.uni_flash_erase_page)
    uni_flash_get_page_address_end           0x08004ae5   Thumb Code    28  uni_flash.o(i.uni_flash_get_page_address_end)
    uni_flash_get_page_address_start         0x08004b01   Thumb Code    24  uni_flash.o(i.uni_flash_get_page_address_start)
    uni_flash_start_programming              0x08004b19   Thumb Code    58  uni_flash.o(i.uni_flash_start_programming)
    uni_flash_stop_programming               0x08004b61   Thumb Code    24  uni_flash.o(i.uni_flash_stop_programming)
    uni_flash_write_block                    0x08004b7d   Thumb Code   146  uni_flash.o(i.uni_flash_write_block)
    _get_lc_numeric                          0x08004c15   Thumb Code    44  lc_numeric_c.o(locale$$code)
    _get_lc_ctype                            0x08004c41   Thumb Code    44  lc_ctype_c.o(locale$$code)
    __aeabi_d2uiz                            0x08004c6d   Thumb Code     0  dfixu.o(x$fpl$dfixu)
    _dfixu                                   0x08004c6d   Thumb Code    90  dfixu.o(x$fpl$dfixu)
    __aeabi_ui2d                             0x08004cc7   Thumb Code     0  dflt_clz.o(x$fpl$dfltu)
    _dfltu                                   0x08004cc7   Thumb Code    38  dflt_clz.o(x$fpl$dfltu)
    __aeabi_dmul                             0x08004ced   Thumb Code     0  dmul.o(x$fpl$dmul)
    _dmul                                    0x08004ced   Thumb Code   332  dmul.o(x$fpl$dmul)
    __fpl_dnaninf                            0x08004e41   Thumb Code   156  dnaninf.o(x$fpl$dnaninf)
    __fpl_dretinf                            0x08004edd   Thumb Code    12  dretinf.o(x$fpl$dretinf)
    __aeabi_fadd                             0x08004ee9   Thumb Code     0  faddsub_clz.o(x$fpl$fadd)
    _fadd                                    0x08004ee9   Thumb Code   196  faddsub_clz.o(x$fpl$fadd)
    __aeabi_fdiv                             0x08004fad   Thumb Code     0  fdiv.o(x$fpl$fdiv)
    _fdiv                                    0x08004fad   Thumb Code   384  fdiv.o(x$fpl$fdiv)
    __aeabi_f2uiz                            0x08005131   Thumb Code     0  ffixu.o(x$fpl$ffixu)
    _ffixu                                   0x08005131   Thumb Code    62  ffixu.o(x$fpl$ffixu)
    __aeabi_ui2f                             0x08005171   Thumb Code     0  fflt_clz.o(x$fpl$ffltu)
    _ffltu                                   0x08005171   Thumb Code    38  fflt_clz.o(x$fpl$ffltu)
    __aeabi_fmul                             0x08005199   Thumb Code     0  fmul.o(x$fpl$fmul)
    _fmul                                    0x08005199   Thumb Code   258  fmul.o(x$fpl$fmul)
    __fpl_fnaninf                            0x0800529b   Thumb Code   140  fnaninf.o(x$fpl$fnaninf)
    __fpl_fretinf                            0x08005327   Thumb Code    10  fretinf.o(x$fpl$fretinf)
    __aeabi_fsub                             0x08005331   Thumb Code     0  faddsub_clz.o(x$fpl$fsub)
    _fsub                                    0x08005331   Thumb Code   234  faddsub_clz.o(x$fpl$fsub)
    _printf_fp_dec                           0x0800541b   Thumb Code     4  printf1.o(x$fpl$printf1)
    _printf_fp_hex                           0x0800541f   Thumb Code     4  printf2.o(x$fpl$printf2)
    __I$use$fp                               0x08005422   Number         0  usenofp.o(x$fpl$usenofp)
    Region$$Table$$Base                      0x08005560   Number         0  anon$$obj.o(Region$$Table)
    Region$$Table$$Limit                     0x08005580   Number         0  anon$$obj.o(Region$$Table)
    __ctype                                  0x080055a9   Data           0  lc_ctype_c.o(locale$$data)
    uart1                                    0x20000014   Data          36  uart.o(.data)
    uart2                                    0x20000038   Data          36  uart.o(.data)
    __stdout                                 0x20000064   Data           4  dprintf.o(.data)
    __stdin                                  0x20000068   Data           4  dprintf.o(.data)
    at25df_busy                              0x2000006c   Data           4  at25df.o(.data)
    my_coverter                              0x20000076   Data           2  main.o(.data)
    channel                                  0x20000078   Data           2  main.o(.data)
    page_number                              0x20000084   Data           1  display_menu.o(.data)
    this_channel                             0x20000086   Data           2  display_menu.o(.data)
    temp_mem                                 0x20000089   Data         525  player.o(.data)
    systick_timer                            0x20000698   Data          24  systick_timer.o(.bss)
    fStorage                                 0x200006b0   Data         524  at25db321_filestrorage.o(.bss)
    transc                                   0x200008bc   Data         168  main.o(.bss)
    transc_update                            0x20000964   Data          20  main.o(.bss)
    my_memory                                0x20000978   Data          16  main.o(.bss)
    my_player                                0x20000988   Data         228  main.o(.bss)
    disp_symbols                             0x20000ad8   Data          48  display_kingbright.o(.bss)
    ch74                                     0x20000b08   Data          32  display_kingbright.o(.bss)
    _random_number_data                      0x20000b3c   Data         228  rand.o(.bss)
    __libspace_start                         0x20000c20   Data          96  libspace.o(.bss)
    __temporary_stack_top$libspace           0x20000c80   Data           0  libspace.o(.bss)



==============================================================================

Memory Map of the image

  Image Entry point : 0x08000291

  Load Region LR_1 (Base: 0x08000000, Size: 0x00005944, Max: 0xffffffff, ABSOLUTE, COMPRESSED[0x00005738])

    Execution Region ER_RO (Base: 0x08000000, Size: 0x000056ac, Max: 0xffffffff, ABSOLUTE)

    Base Addr    Size         Type   Attr      Idx    E Section Name        Object

    0x08000000   0x000000ec   Data   RO          132    RESET               startup_stm32f10x_md.o
    0x080000ec   0x00000008   Code   RO         4218  * !!!main             c_w.l(__main.o)
    0x080000f4   0x00000034   Code   RO         4611    !!!scatter          c_w.l(__scatter.o)
    0x08000128   0x0000005a   Code   RO         4609    !!dczerorl2         c_w.l(__dczerorl2.o)
    0x08000182   0x00000002   PAD
    0x08000184   0x0000001c   Code   RO         4613    !!handler_zi        c_w.l(__scatter_zi.o)
    0x080001a0   0x00000000   Code   RO         4196    .ARM.Collect$$_printf_percent$$00000000  c_w.l(_printf_percent.o)
    0x080001a0   0x00000006   Code   RO         4330    .ARM.Collect$$_printf_percent$$00000001  c_w.l(_printf_n.o)
    0x080001a6   0x00000006   Code   RO         4332    .ARM.Collect$$_printf_percent$$00000002  c_w.l(_printf_p.o)
    0x080001ac   0x00000006   Code   RO         4336    .ARM.Collect$$_printf_percent$$00000003  c_w.l(_printf_f.o)
    0x080001b2   0x00000006   Code   RO         4337    .ARM.Collect$$_printf_percent$$00000004  c_w.l(_printf_e.o)
    0x080001b8   0x00000006   Code   RO         4338    .ARM.Collect$$_printf_percent$$00000005  c_w.l(_printf_g.o)
    0x080001be   0x00000006   Code   RO         4339    .ARM.Collect$$_printf_percent$$00000006  c_w.l(_printf_a.o)
    0x080001c4   0x0000000a   Code   RO         4344    .ARM.Collect$$_printf_percent$$00000007  c_w.l(_printf_ll.o)
    0x080001ce   0x00000006   Code   RO         4334    .ARM.Collect$$_printf_percent$$00000008  c_w.l(_printf_i.o)
    0x080001d4   0x00000006   Code   RO         4195    .ARM.Collect$$_printf_percent$$00000009  c_w.l(_printf_d.o)
    0x080001da   0x00000006   Code   RO         4335    .ARM.Collect$$_printf_percent$$0000000A  c_w.l(_printf_u.o)
    0x080001e0   0x00000006   Code   RO         4333    .ARM.Collect$$_printf_percent$$0000000B  c_w.l(_printf_o.o)
    0x080001e6   0x00000006   Code   RO         4331    .ARM.Collect$$_printf_percent$$0000000C  c_w.l(_printf_x.o)
    0x080001ec   0x00000006   Code   RO         4341    .ARM.Collect$$_printf_percent$$0000000D  c_w.l(_printf_lli.o)
    0x080001f2   0x00000006   Code   RO         4342    .ARM.Collect$$_printf_percent$$0000000E  c_w.l(_printf_lld.o)
    0x080001f8   0x00000006   Code   RO         4343    .ARM.Collect$$_printf_percent$$0000000F  c_w.l(_printf_llu.o)
    0x080001fe   0x00000006   Code   RO         4348    .ARM.Collect$$_printf_percent$$00000010  c_w.l(_printf_llo.o)
    0x08000204   0x00000006   Code   RO         4349    .ARM.Collect$$_printf_percent$$00000011  c_w.l(_printf_llx.o)
    0x0800020a   0x0000000a   Code   RO         4345    .ARM.Collect$$_printf_percent$$00000012  c_w.l(_printf_l.o)
    0x08000214   0x00000006   Code   RO         4328    .ARM.Collect$$_printf_percent$$00000013  c_w.l(_printf_c.o)
    0x0800021a   0x00000006   Code   RO         4329    .ARM.Collect$$_printf_percent$$00000014  c_w.l(_printf_s.o)
    0x08000220   0x00000006   Code   RO         4346    .ARM.Collect$$_printf_percent$$00000015  c_w.l(_printf_lc.o)
    0x08000226   0x00000006   Code   RO         4347    .ARM.Collect$$_printf_percent$$00000016  c_w.l(_printf_ls.o)
    0x0800022c   0x00000004   Code   RO         4340    .ARM.Collect$$_printf_percent$$00000017  c_w.l(_printf_percent_end.o)
    0x08000230   0x00000002   Code   RO         4539    .ARM.Collect$$libinit$$00000000  c_w.l(libinit.o)
    0x08000232   0x00000000   Code   RO         4359    .ARM.Collect$$libinit$$00000002  c_w.l(libinit2.o)
    0x08000232   0x00000000   Code   RO         4361    .ARM.Collect$$libinit$$00000004  c_w.l(libinit2.o)
    0x08000232   0x00000000   Code   RO         4364    .ARM.Collect$$libinit$$0000000A  c_w.l(libinit2.o)
    0x08000232   0x00000000   Code   RO         4366    .ARM.Collect$$libinit$$0000000C  c_w.l(libinit2.o)
    0x08000232   0x00000004   Code   RO         4367    .ARM.Collect$$libinit$$0000000D  c_w.l(libinit2.o)
    0x08000236   0x00000000   Code   RO         4368    .ARM.Collect$$libinit$$0000000E  c_w.l(libinit2.o)
    0x08000236   0x00000006   Code   RO         4369    .ARM.Collect$$libinit$$0000000F  c_w.l(libinit2.o)
    0x0800023c   0x00000000   Code   RO         4371    .ARM.Collect$$libinit$$00000011  c_w.l(libinit2.o)
    0x0800023c   0x0000000c   Code   RO         4372    .ARM.Collect$$libinit$$00000012  c_w.l(libinit2.o)
    0x08000248   0x00000000   Code   RO         4373    .ARM.Collect$$libinit$$00000013  c_w.l(libinit2.o)
    0x08000248   0x00000000   Code   RO         4375    .ARM.Collect$$libinit$$00000015  c_w.l(libinit2.o)
    0x08000248   0x0000000a   Code   RO         4376    .ARM.Collect$$libinit$$00000016  c_w.l(libinit2.o)
    0x08000252   0x00000000   Code   RO         4377    .ARM.Collect$$libinit$$00000017  c_w.l(libinit2.o)
    0x08000252   0x00000000   Code   RO         4379    .ARM.Collect$$libinit$$00000019  c_w.l(libinit2.o)
    0x08000252   0x00000000   Code   RO         4381    .ARM.Collect$$libinit$$0000001B  c_w.l(libinit2.o)
    0x08000252   0x00000000   Code   RO         4383    .ARM.Collect$$libinit$$0000001D  c_w.l(libinit2.o)
    0x08000252   0x00000000   Code   RO         4385    .ARM.Collect$$libinit$$0000001F  c_w.l(libinit2.o)
    0x08000252   0x00000000   Code   RO         4387    .ARM.Collect$$libinit$$00000021  c_w.l(libinit2.o)
    0x08000252   0x00000000   Code   RO         4389    .ARM.Collect$$libinit$$00000023  c_w.l(libinit2.o)
    0x08000252   0x00000000   Code   RO         4391    .ARM.Collect$$libinit$$00000025  c_w.l(libinit2.o)
    0x08000252   0x00000000   Code   RO         4395    .ARM.Collect$$libinit$$0000002C  c_w.l(libinit2.o)
    0x08000252   0x00000000   Code   RO         4397    .ARM.Collect$$libinit$$0000002E  c_w.l(libinit2.o)
    0x08000252   0x00000000   Code   RO         4399    .ARM.Collect$$libinit$$00000030  c_w.l(libinit2.o)
    0x08000252   0x00000000   Code   RO         4401    .ARM.Collect$$libinit$$00000032  c_w.l(libinit2.o)
    0x08000252   0x00000002   Code   RO         4402    .ARM.Collect$$libinit$$00000033  c_w.l(libinit2.o)
    0x08000254   0x00000002   Code   RO         4606    .ARM.Collect$$libshutdown$$00000000  c_w.l(libshutdown.o)
    0x08000256   0x00000000   Code   RO         4562    .ARM.Collect$$libshutdown$$00000002  c_w.l(libshutdown2.o)
    0x08000256   0x00000000   Code   RO         4564    .ARM.Collect$$libshutdown$$00000004  c_w.l(libshutdown2.o)
    0x08000256   0x00000000   Code   RO         4567    .ARM.Collect$$libshutdown$$00000007  c_w.l(libshutdown2.o)
    0x08000256   0x00000000   Code   RO         4570    .ARM.Collect$$libshutdown$$0000000A  c_w.l(libshutdown2.o)
    0x08000256   0x00000000   Code   RO         4572    .ARM.Collect$$libshutdown$$0000000C  c_w.l(libshutdown2.o)
    0x08000256   0x00000000   Code   RO         4575    .ARM.Collect$$libshutdown$$0000000F  c_w.l(libshutdown2.o)
    0x08000256   0x00000002   Code   RO         4576    .ARM.Collect$$libshutdown$$00000010  c_w.l(libshutdown2.o)
    0x08000258   0x00000000   Code   RO         4256    .ARM.Collect$$rtentry$$00000000  c_w.l(__rtentry.o)
    0x08000258   0x00000000   Code   RO         4426    .ARM.Collect$$rtentry$$00000002  c_w.l(__rtentry2.o)
    0x08000258   0x00000006   Code   RO         4438    .ARM.Collect$$rtentry$$00000004  c_w.l(__rtentry4.o)
    0x0800025e   0x00000000   Code   RO         4428    .ARM.Collect$$rtentry$$00000009  c_w.l(__rtentry2.o)
    0x0800025e   0x00000004   Code   RO         4429    .ARM.Collect$$rtentry$$0000000A  c_w.l(__rtentry2.o)
    0x08000262   0x00000000   Code   RO         4431    .ARM.Collect$$rtentry$$0000000C  c_w.l(__rtentry2.o)
    0x08000262   0x00000008   Code   RO         4432    .ARM.Collect$$rtentry$$0000000D  c_w.l(__rtentry2.o)
    0x0800026a   0x00000002   Code   RO         4546    .ARM.Collect$$rtexit$$00000000  c_w.l(rtexit.o)
    0x0800026c   0x00000000   Code   RO         4580    .ARM.Collect$$rtexit$$00000002  c_w.l(rtexit2.o)
    0x0800026c   0x00000004   Code   RO         4581    .ARM.Collect$$rtexit$$00000003  c_w.l(rtexit2.o)
    0x08000270   0x00000006   Code   RO         4582    .ARM.Collect$$rtexit$$00000004  c_w.l(rtexit2.o)
    0x08000276   0x00000002   PAD
    0x08000278   0x0000000c   Code   RO         1976    .emb_text           fifo.o
    0x08000284   0x0000000c   Code   RO         3166    .emb_text           uni_flash.o
    0x08000290   0x00000040   Code   RO          133  * .text               startup_stm32f10x_md.o
    0x080002d0   0x0000000a   Code   RO         4163    .text               c_w.l(vfprintf.o)
    0x080002da   0x00000002   PAD
    0x080002dc   0x0000002c   Code   RO         4165    .text               c_w.l(__2sprintf.o)
    0x08000308   0x0000004e   Code   RO         4171    .text               c_w.l(_printf_pad.o)
    0x08000356   0x00000002   PAD
    0x08000358   0x00000078   Code   RO         4173    .text               c_w.l(_printf_dec.o)
    0x080003d0   0x00000188   Code   RO         4192    .text               c_w.l(__printf_flags_ss_wp.o)
    0x08000558   0x0000003c   Code   RO         4202    .text               c_w.l(rand.o)
    0x08000594   0x00000058   Code   RO         4208    .text               c_w.l(memcmp.o)
    0x080005ec   0x0000008a   Code   RO         4212    .text               c_w.l(rt_memcpy_v6.o)
    0x08000676   0x00000064   Code   RO         4214    .text               c_w.l(rt_memcpy_w.o)
    0x080006da   0x00000006   Code   RO         4216    .text               c_w.l(heapauxi.o)
    0x080006e0   0x00000024   Code   RO         4282    .text               c_w.l(_printf_truncate.o)
    0x08000704   0x00000052   Code   RO         4284    .text               c_w.l(_printf_str.o)
    0x08000756   0x000000b2   Code   RO         4286    .text               c_w.l(_printf_intcommon.o)
    0x08000808   0x00000028   Code   RO         4288    .text               c_w.l(_printf_charcount.o)
    0x08000830   0x00000030   Code   RO         4290    .text               c_w.l(_printf_char_common.o)
    0x08000860   0x0000000a   Code   RO         4292    .text               c_w.l(_sputc.o)
    0x0800086a   0x00000002   PAD
    0x0800086c   0x00000024   Code   RO         4294    .text               c_w.l(_printf_char_file.o)
    0x08000890   0x000000bc   Code   RO         4296    .text               c_w.l(_printf_wctomb.o)
    0x0800094c   0x0000007c   Code   RO         4299    .text               c_w.l(_printf_longlong_dec.o)
    0x080009c8   0x00000070   Code   RO         4305    .text               c_w.l(_printf_oct_int_ll.o)
    0x08000a38   0x00000094   Code   RO         4325    .text               c_w.l(_printf_hex_int_ll_ptr.o)
    0x08000acc   0x00000008   Code   RO         4422    .text               c_w.l(libspace.o)
    0x08000ad4   0x0000008a   Code   RO         4448    .text               c_w.l(lludiv10.o)
    0x08000b5e   0x0000041a   Code   RO         4452    .text               c_w.l(_printf_fp_dec.o)
    0x08000f78   0x000002fc   Code   RO         4454    .text               c_w.l(_printf_fp_hex.o)
    0x08001274   0x0000002c   Code   RO         4459    .text               c_w.l(_printf_char.o)
    0x080012a0   0x0000002c   Code   RO         4461    .text               c_w.l(_printf_wchar.o)
    0x080012cc   0x00000040   Code   RO         4465    .text               c_w.l(_wcrtomb.o)
    0x0800130c   0x00000002   Code   RO         4478    .text               c_w.l(use_no_semi.o)
    0x0800130e   0x00000000   Code   RO         4480    .text               c_w.l(indicate_semi.o)
    0x0800130e   0x0000004a   Code   RO         4481    .text               c_w.l(sys_stackheap_outer.o)
    0x08001358   0x00000010   Code   RO         4483    .text               c_w.l(rt_ctype_table.o)
    0x08001368   0x00000008   Code   RO         4490    .text               c_w.l(rt_locale_intlibspace.o)
    0x08001370   0x00000080   Code   RO         4494    .text               c_w.l(_printf_fp_infnan.o)
    0x080013f0   0x000000dc   Code   RO         4496    .text               c_w.l(bigflt0.o)
    0x080014cc   0x00000012   Code   RO         4524    .text               c_w.l(exit.o)
    0x080014de   0x00000002   PAD
    0x080014e0   0x0000000c   Code   RO         4544    .text               c_w.l(sys_exit.o)
    0x080014ec   0x00000080   Code   RO         4559    .text               c_w.l(strcmpv7m.o)
    0x0800156c   0x0000003e   Code   RO         4499    CL$$btod_d2e        c_w.l(btod.o)
    0x080015aa   0x00000046   Code   RO         4501    CL$$btod_d2e_denorm_low  c_w.l(btod.o)
    0x080015f0   0x00000060   Code   RO         4500    CL$$btod_d2e_norm_op1  c_w.l(btod.o)
    0x08001650   0x00000338   Code   RO         4509    CL$$btod_div_common  c_w.l(btod.o)
    0x08001988   0x000000c6   Code   RO         4506    CL$$btod_e2e        c_w.l(btod.o)
    0x08001a4e   0x00000028   Code   RO         4503    CL$$btod_ediv       c_w.l(btod.o)
    0x08001a76   0x00000028   Code   RO         4502    CL$$btod_emul       c_w.l(btod.o)
    0x08001a9e   0x00000244   Code   RO         4508    CL$$btod_mult_common  c_w.l(btod.o)
    0x08001ce2   0x00000016   Code   RO         2388    i.ADC_Cmd           stm32f10x_adc.o
    0x08001cf8   0x0000005c   Code   RO         2390    i.ADC_DeInit        stm32f10x_adc.o
    0x08001d54   0x00000014   Code   RO         2396    i.ADC_GetCalibrationStatus  stm32f10x_adc.o
    0x08001d68   0x00000012   Code   RO         2399    i.ADC_GetFlagStatus  stm32f10x_adc.o
    0x08001d7a   0x00000014   Code   RO         2402    i.ADC_GetResetCalibrationStatus  stm32f10x_adc.o
    0x08001d8e   0x00000002   PAD
    0x08001d90   0x00000050   Code   RO         2406    i.ADC_Init          stm32f10x_adc.o
    0x08001de0   0x000000b8   Code   RO         2410    i.ADC_RegularChannelConfig  stm32f10x_adc.o
    0x08001e98   0x0000000a   Code   RO         2411    i.ADC_ResetCalibration  stm32f10x_adc.o
    0x08001ea2   0x00000016   Code   RO         2413    i.ADC_SoftwareStartConvCmd  stm32f10x_adc.o
    0x08001eb8   0x0000000a   Code   RO         2415    i.ADC_StartCalibration  stm32f10x_adc.o
    0x08001ec2   0x00000002   PAD
    0x08001ec4   0x00000024   Code   RO         2417    i.ADC_TempSensorVrefintCmd  stm32f10x_adc.o
    0x08001ee8   0x00000010   Code   RO          197    i.CRC_CalcCRC       stm32f10x_crc.o
    0x08001ef8   0x0000000c   Code   RO          200    i.CRC_ResetDR       stm32f10x_crc.o
    0x08001f04   0x00000018   Code   RO          240    i.DMA_Cmd           stm32f10x_dma.o
    0x08001f1c   0x0000014c   Code   RO          241    i.DMA_DeInit        stm32f10x_dma.o
    0x08002068   0x0000003c   Code   RO          246    i.DMA_Init          stm32f10x_dma.o
    0x080020a4   0x00000016   Code   RO         2223    i.NVIC_EnableIRQ    uart.o
    0x080020ba   0x00000002   PAD
    0x080020bc   0x00000020   Code   RO          599    i.RCC_AHBPeriphClockCmd  stm32f10x_rcc.o
    0x080020dc   0x00000020   Code   RO          600    i.RCC_APB1PeriphClockCmd  stm32f10x_rcc.o
    0x080020fc   0x00000020   Code   RO          601    i.RCC_APB1PeriphResetCmd  stm32f10x_rcc.o
    0x0800211c   0x00000020   Code   RO          602    i.RCC_APB2PeriphClockCmd  stm32f10x_rcc.o
    0x0800213c   0x00000020   Code   RO          603    i.RCC_APB2PeriphResetCmd  stm32f10x_rcc.o
    0x0800215c   0x000000d8   Code   RO          610    i.RCC_GetClocksFreq  stm32f10x_rcc.o
    0x08002234   0x0000000c   Code   RO          623    i.RCC_PLLCmd        stm32f10x_rcc.o
    0x08002240   0x0000001c   Code   RO          624    i.RCC_PLLConfig     stm32f10x_rcc.o
    0x0800225c   0x00000018   Code   RO          803    i.SPI_Cmd           stm32f10x_spi.o
    0x08002274   0x0000003c   Code   RO          816    i.SPI_Init          stm32f10x_spi.o
    0x080022b0   0x00000008   Code   RO           17    i.SetSysClock       system_stm32f10x.o
    0x080022b8   0x000000e0   Code   RO           18    i.SetSysClockTo72   system_stm32f10x.o
    0x08002398   0x00000078   Code   RO         2605    i.SysTick_Handler   systick_timer.o
    0x08002410   0x00000060   Code   RO           20    i.SystemInit        system_stm32f10x.o
    0x08002470   0x00000024   Code   RO         3976    i.TEST_get_frame    player.o
    0x08002494   0x00000048   Code   RO         2224    i.USART1_IRQHandler  uart.o
    0x080024dc   0x00000048   Code   RO         2225    i.USART2_IRQHandler  uart.o
    0x08002524   0x00000018   Code   RO          946    i.USART_Cmd         stm32f10x_usart.o
    0x0800253c   0x00000012   Code   RO          947    i.USART_DMACmd      stm32f10x_usart.o
    0x0800254e   0x00000002   PAD
    0x08002550   0x0000009c   Code   RO          948    i.USART_DeInit      stm32f10x_usart.o
    0x080025ec   0x000000d8   Code   RO          953    i.USART_Init        stm32f10x_usart.o
    0x080026c4   0x00000028   Code   RO         4542    i.__ARM_fpclassify  m_ws.l(fpclassify.o)
    0x080026ec   0x0000000e   Code   RO         4185    i._is_digit         c_w.l(__printf_wp.o)
    0x080026fa   0x00000008   Code   RO         2901    i.at25df_cs_high_delay  at25df.o
    0x08002702   0x00000008   Code   RO         2902    i.at25df_delay_50ns  at25df.o
    0x0800270a   0x00000002   PAD
    0x0800270c   0x00000018   Code   RO         2912    i.at25df_off        at25df.o
    0x08002724   0x00000014   Code   RO         2913    i.at25df_on         at25df.o
    0x08002738   0x00000040   Code   RO         2916    i.at25df_read       at25df.o
    0x08002778   0x00000054   Code   RO         3977    i.auto_start_next_frame  player.o
    0x080027cc   0x00000138   Code   RO         3463    i.buttonTask        buttons.o
    0x08002904   0x000000d0   Code   RO         2146    i.crc32hw           crc32.o
    0x080029d4   0x000000b0   Code   RO         3978    i.crosfade_calc     player.o
    0x08002a84   0x00000068   Code   RO         3979    i.crossfade_correct  player.o
    0x08002aec   0x00000016   Code   RO         2115    i.delay_ms          delay.o
    0x08002b02   0x00000018   Code   RO         2117    i.delay_us          delay.o
    0x08002b1a   0x00000002   PAD
    0x08002b1c   0x000000a8   Code   RO         3383    i.dislay_Handler    display_kingbright.o
    0x08002bc4   0x00000030   Code   RO         3384    i.display_init_74hc  display_kingbright.o
    0x08002bf4   0x00000030   Code   RO         3385    i.display_init_symbol  display_kingbright.o
    0x08002c24   0x00000024   Code   RO         3386    i.display_set_string  display_kingbright.o
    0x08002c48   0x00000020   Code   RO         2681    i.dprintf           dprintf.o
    0x08002c68   0x00000008   Code   RO         2683    i.ferror            dprintf.o
    0x08002c70   0x0000001e   Code   RO         1977    i.fifo_flush        fifo.o
    0x08002c8e   0x00000042   Code   RO         1978    i.fifo_get_byte     fifo.o
    0x08002cd0   0x0000002c   Code   RO         1981    i.fifo_put_byte     fifo.o
    0x08002cfc   0x000000f0   Code   RO         2804    i.fileStorageInit   at25db321_filestrorage.o
    0x08002dec   0x0000000e   Code   RO         3980    i.fill_frame        player.o
    0x08002dfa   0x00000002   PAD
    0x08002dfc   0x0000002c   Code   RO         2685    i.fputc             dprintf.o
    0x08002e28   0x0000009c   Code   RO         3982    i.holdtime_calc     player.o
    0x08002ec4   0x000000a0   Code   RO         3248    i.initLowLevel      low_level0.o
    0x08002f64   0x000000bc   Code   RO         3249    i.initTransceiver   low_level0.o
    0x08003020   0x00000700   Code   RO         3250    i.init_gpio         low_level0.o
    0x08003720   0x00000080   Code   RO         3251    i.init_rcc          low_level0.o
    0x080037a0   0x00000050   Code   RO         3252    i.init_spi          low_level0.o
    0x080037f0   0x00000028   Code   RO         3225    i.main              main.o
    0x08003818   0x00000050   Code   RO         3488    i.main_page_hanler  display_menu.o
    0x08003868   0x00000060   Code   RO         3387    i.matching_symbol   display_kingbright.o
    0x080038c8   0x00000028   Code   RO         3489    i.menu_handler      display_menu.o
    0x080038f0   0x0000001c   Code   RO         3490    i.menu_init         display_menu.o
    0x0800390c   0x0000001c   Code   RO         3983    i.payer_handler     player.o
    0x08003928   0x000000f2   Code   RO         3388    i.pin_bssr          display_kingbright.o
    0x08003a1a   0x0000001c   Code   RO         3984    i.player_play_mem   player.o
    0x08003a36   0x00000002   PAD
    0x08003a38   0x0000002c   Code   RO         3985    i.player_start_mem  player.o
    0x08003a64   0x00000018   Code   RO         3986    i.player_stop_mem   player.o
    0x08003a7c   0x0000005c   Code   RO         3987    i.player_synchro    player.o
    0x08003ad8   0x000000c0   Code   RO         2207    i.randomizer_init   randomizer.o
    0x08003b98   0x0000004c   Code   RO         2179    i.rcc_adc           rcc.o
    0x08003be4   0x00000008   Code   RO         2149    i.reverse_32        crc32.o
    0x08003bec   0x000000a4   Code   RO         3300    i.rf_binding        rf_parser.o
    0x08003c90   0x0000006c   Code   RO         3301    i.rf_init           rf_parser.o
    0x08003cfc   0x00000070   Code   RO         3491    i.rf_page_handler   display_menu.o
    0x08003d6c   0x000000c8   Code   RO         3302    i.rf_parse          rf_parser.o
    0x08003e34   0x00000058   Code   RO         3303    i.rf_sendStartCmd   rf_parser.o
    0x08003e8c   0x0000003c   Code   RO         3304    i.rf_sendStopCmd    rf_parser.o
    0x08003ec8   0x00000044   Code   RO         3305    i.rf_set_channel    rf_parser.o
    0x08003f0c   0x00000038   Code   RO         3306    i.rf_task           rf_parser.o
    0x08003f44   0x00000040   Code   RO         2606    i.software_timer    systick_timer.o
    0x08003f84   0x00000012   Code   RO         2608    i.software_timer_start  systick_timer.o
    0x08003f96   0x0000000a   Code   RO         2756    i.spi_delay         spi_bitbang.o
    0x08003fa0   0x00000070   Code   RO         2759    i.spi_transfer      spi_bitbang.o
    0x08004010   0x0000002c   Code   RO         2760    i.spi_transfer_block  spi_bitbang.o
    0x0800403c   0x0000001c   Code   RO         2761    i.spi_write_block   spi_bitbang.o
    0x08004058   0x00000040   Code   RO         2017    i.sx1276ReadReg     sx1276_transc.o
    0x08004098   0x00000052   Code   RO         2018    i.sx1276ReadRegs    sx1276_transc.o
    0x080040ea   0x00000016   Code   RO         2019    i.sx1276SpiXmit     sx1276_transc.o
    0x08004100   0x00000040   Code   RO         2020    i.sx1276WriteReg    sx1276_transc.o
    0x08004140   0x00000052   Code   RO         2021    i.sx1276WriteRegs   sx1276_transc.o
    0x08004192   0x0000019a   Code   RO         2022    i.sx1276_InitLoRaMode  sx1276_transc.o
    0x0800432c   0x00000066   Code   RO         2024    i.sx1276_LoRa_SetFrequency  sx1276_transc.o
    0x08004392   0x0000002a   Code   RO         2025    i.sx1276_LoRa_SetMode  sx1276_transc.o
    0x080043bc   0x0000003e   Code   RO         2027    i.sx1276_LoRa_sendPacket  sx1276_transc.o
    0x080043fa   0x00000012   Code   RO         2029    i.sx1276_LoRa_startRx  sx1276_transc.o
    0x0800440c   0x0000010c   Code   RO         2031    i.sx1276_LoRa_updateState  sx1276_transc.o
    0x08004518   0x00000058   Code   RO         2611    i.systick_timer_init  systick_timer.o
    0x08004570   0x0000001c   Code   RO         3253    i.transceiverTask   low_level0.o
    0x0800458c   0x0000000e   Code   RO         2230    i.uart_flush        uart.o
    0x0800459a   0x00000002   PAD
    0x0800459c   0x00000044   Code   RO         2232    i.uart_init         uart.o
    0x080045e0   0x00000038   Code   RO         2233    i.uart_init_dma     uart.o
    0x08004618   0x00000026   Code   RO         2234    i.uart_init_dma_ch  uart.o
    0x0800463e   0x00000002   PAD
    0x08004640   0x0000003c   Code   RO         2235    i.uart_init_nvic    uart.o
    0x0800467c   0x0000004c   Code   RO         2236    i.uart_init_rcc     uart.o
    0x080046c8   0x00000032   Code   RO         2238    i.uart_putc         uart.o
    0x080046fa   0x00000078   Code   RO         3079    i.uni_eeprom_check_in  uni_eeprom.o
    0x08004772   0x00000034   Code   RO         3080    i.uni_eeprom_check_page_empty  uni_eeprom.o
    0x080047a6   0x00000054   Code   RO         3081    i.uni_eeprom_check_page_overload_or_impossible_write  uni_eeprom.o
    0x080047fa   0x00000098   Code   RO         3082    i.uni_eeprom_data_find  uni_eeprom.o
    0x08004892   0x0000002e   Code   RO         3083    i.uni_eeprom_data_load  uni_eeprom.o
    0x080048c0   0x0000010c   Code   RO         3084    i.uni_eeprom_data_save  uni_eeprom.o
    0x080049cc   0x0000001a   Code   RO         3085    i.uni_eeprom_init   uni_eeprom.o
    0x080049e6   0x00000020   Code   RO         3086    i.uni_eeprom_init_and_get  uni_eeprom.o
    0x08004a06   0x0000002e   Code   RO         3087    i.uni_eeprom_page_erase  uni_eeprom.o
    0x08004a34   0x00000030   Code   RO         3088    i.uni_eeprom_reset_out  uni_eeprom.o
    0x08004a64   0x0000000e   Code   RO         3167    i.uni_flash_check_page_number  uni_flash.o
    0x08004a72   0x00000002   PAD
    0x08004a74   0x00000070   Code   RO         3168    i.uni_flash_erase_page  uni_flash.o
    0x08004ae4   0x0000001c   Code   RO         3169    i.uni_flash_get_page_address_end  uni_flash.o
    0x08004b00   0x00000018   Code   RO         3170    i.uni_flash_get_page_address_start  uni_flash.o
    0x08004b18   0x00000048   Code   RO         3171    i.uni_flash_start_programming  uni_flash.o
    0x08004b60   0x0000001c   Code   RO         3172    i.uni_flash_stop_programming  uni_flash.o
    0x08004b7c   0x00000098   Code   RO         3174    i.uni_flash_write_block  uni_flash.o
    0x08004c14   0x0000002c   Code   RO         4522    locale$$code        c_w.l(lc_numeric_c.o)
    0x08004c40   0x0000002c   Code   RO         4553    locale$$code        c_w.l(lc_ctype_c.o)
    0x08004c6c   0x0000005a   Code   RO         4220    x$fpl$dfixu         fz_ws.l(dfixu.o)
    0x08004cc6   0x00000026   Code   RO         4224    x$fpl$dfltu         fz_ws.l(dflt_clz.o)
    0x08004cec   0x00000154   Code   RO         4230    x$fpl$dmul          fz_ws.l(dmul.o)
    0x08004e40   0x0000009c   Code   RO         4403    x$fpl$dnaninf       fz_ws.l(dnaninf.o)
    0x08004edc   0x0000000c   Code   RO         4405    x$fpl$dretinf       fz_ws.l(dretinf.o)
    0x08004ee8   0x000000c4   Code   RO         4232    x$fpl$fadd          fz_ws.l(faddsub_clz.o)
    0x08004fac   0x00000184   Code   RO         4239    x$fpl$fdiv          fz_ws.l(fdiv.o)
    0x08005130   0x0000003e   Code   RO         4242    x$fpl$ffixu         fz_ws.l(ffixu.o)
    0x0800516e   0x00000002   PAD
    0x08005170   0x00000026   Code   RO         4246    x$fpl$ffltu         fz_ws.l(fflt_clz.o)
    0x08005196   0x00000002   PAD
    0x08005198   0x00000102   Code   RO         4252    x$fpl$fmul          fz_ws.l(fmul.o)
    0x0800529a   0x0000008c   Code   RO         4407    x$fpl$fnaninf       fz_ws.l(fnaninf.o)
    0x08005326   0x0000000a   Code   RO         4409    x$fpl$fretinf       fz_ws.l(fretinf.o)
    0x08005330   0x000000ea   Code   RO         4234    x$fpl$fsub          fz_ws.l(faddsub_clz.o)
    0x0800541a   0x00000004   Code   RO         4411    x$fpl$printf1       fz_ws.l(printf1.o)
    0x0800541e   0x00000004   Code   RO         4413    x$fpl$printf2       fz_ws.l(printf2.o)
    0x08005422   0x00000000   Code   RO         4419    x$fpl$usenofp       fz_ws.l(usenofp.o)
    0x08005422   0x00000002   PAD
    0x08005424   0x0000003c   Data   RO         2243    .constdata          uart.o
    0x08005460   0x00000003   Data   RO         3308    .constdata          rf_parser.o
    0x08005463   0x00000011   Data   RO         4193    .constdata          c_w.l(__printf_flags_ss_wp.o)
    0x08005474   0x00000008   Data   RO         4297    .constdata          c_w.l(_printf_wctomb.o)
    0x0800547c   0x00000028   Data   RO         4326    .constdata          c_w.l(_printf_hex_int_ll_ptr.o)
    0x080054a4   0x00000026   Data   RO         4455    .constdata          c_w.l(_printf_fp_hex.o)
    0x080054ca   0x00000002   PAD
    0x080054cc   0x00000094   Data   RO         4497    .constdata          c_w.l(bigflt0.o)
    0x08005560   0x00000020   Data   RO         4607    Region$$Table       anon$$obj.o
    0x08005580   0x0000001c   Data   RO         4521    locale$$data        c_w.l(lc_numeric_c.o)
    0x0800559c   0x00000110   Data   RO         4552    locale$$data        c_w.l(lc_ctype_c.o)


    Execution Region ER_RW (Base: 0x20000000, Size: 0x00000298, Max: 0xffffffff, ABSOLUTE, COMPRESSED[0x0000008c])

    Base Addr    Size         Type   Attr      Idx    E Section Name        Object

    0x20000000   0x00000014   Data   RW          630    .data               stm32f10x_rcc.o
    0x20000014   0x00000048   Data   RW         2244    .data               uart.o
    0x2000005c   0x00000008   Data   RW         2614    .data               systick_timer.o
    0x20000064   0x00000008   Data   RW         2686    .data               dprintf.o
    0x2000006c   0x00000009   Data   RW         2930    .data               at25df.o
    0x20000075   0x00000001   PAD
    0x20000076   0x00000004   Data   RW         3227    .data               main.o
    0x2000007a   0x00000002   PAD
    0x2000007c   0x00000004   Data   RW         3390    .data               display_kingbright.o
    0x20000080   0x00000004   Data   RW         3466    .data               buttons.o
    0x20000084   0x00000004   Data   RW         3492    .data               display_menu.o
    0x20000088   0x0000020e   Data   RW         3988    .data               player.o


    Execution Region ER_ZI (Base: 0x20000298, Size: 0x000021e8, Max: 0xffffffff, ABSOLUTE)

    Base Addr    Size         Type   Attr      Idx    E Section Name        Object

    0x20000298   0x00000400   Zero   RW         2242    .bss                uart.o
    0x20000698   0x00000018   Zero   RW         2613    .bss                systick_timer.o
    0x200006b0   0x0000020c   Zero   RW         2818    .bss                at25db321_filestrorage.o
    0x200008bc   0x000001b0   Zero   RW         3226    .bss                main.o
    0x20000a6c   0x0000006c   Zero   RW         3307    .bss                rf_parser.o
    0x20000ad8   0x00000050   Zero   RW         3389    .bss                display_kingbright.o
    0x20000b28   0x00000014   Zero   RW         3465    .bss                buttons.o
    0x20000b3c   0x000000e4   Zero   RW         4203    .bss                c_w.l(rand.o)
    0x20000c20   0x00000060   Zero   RW         4423    .bss                c_w.l(libspace.o)
    0x20000c80   0x00001000   Zero   RW          131    HEAP                startup_stm32f10x_md.o
    0x20001c80   0x00000800   Zero   RW          130    STACK               startup_stm32f10x_md.o


==============================================================================

Image component sizes


      Code (inc. data)   RO Data    RW Data    ZI Data      Debug   Object Name

       240         80          0          0        524        981   at25db321_filestrorage.o
       124         16          0          9          0       3232   at25df.o
       312         64          0          4         20       1161   buttons.o
         0          0          0          0          0       4540   core_cm3.o
       216          0          0          0          0       1770   crc32.o
        46          0          0          0          0       1086   delay.o
       638         58          0          4         80       4861   display_kingbright.o
       260         52          0          4          0       2378   display_menu.o
        84         10          0          8          0       4101   dprintf.o
         0          0          0          0          0      31520   endianes.o
       152          0          0          0          0       2861   fifo.o
      2376        140          0          0          0       4313   low_level0.o
        40          0          0          4        432        878   main.o
         0          0          0          0          0     210736   misc.o
       786         96          0        526          0       6949   player.o
       192          4          0          0          0        706   randomizer.o
        76          4          0          0          0        990   rcc.o
       744        172          3          0        108       4868   rf_parser.o
       194          4          0          0          0       3634   spi_bitbang.o
        64         26        236          0       6144        808   startup_stm32f10x_md.o
       514         30          0          0          0       8816   stm32f10x_adc.o
        28         10          0          0          0       1032   stm32f10x_crc.o
       416          8          0          0          0       3502   stm32f10x_dma.o
       416         64          0         20          0       7425   stm32f10x_rcc.o
        84          0          0          0          0       2193   stm32f10x_spi.o
       414         28          0          0          0       4147   stm32f10x_usart.o
      1216          8          0          0          0       8364   sx1276_transc.o
       328         28          0          0          0      33513   system_stm32f10x.o
       290         30          0          8         24      18982   systick_timer.o
       528         30         60         72       1024      40284   uart.o
       874          0          0          0          0       7677   uni_eeprom.o
       442         36          0          0          0       6232   uni_flash.o

    ----------------------------------------------------------------------
     12116        998        331        664       8356     434540   Object Totals
         0          0         32          0          0          0   (incl. Generated)
        22          0          0          5          0          0   (incl. Padding)

    ----------------------------------------------------------------------

      Code (inc. data)   RO Data    RW Data    ZI Data      Debug   Library Member Name

        44          6          0          0          0         84   __2sprintf.o
        90          0          0          0          0          0   __dczerorl2.o
         8          0          0          0          0         68   __main.o
       392          4         17          0          0         92   __printf_flags_ss_wp.o
        14          0          0          0          0         68   __printf_wp.o
         0          0          0          0          0          0   __rtentry.o
        12          0          0          0          0          0   __rtentry2.o
         6          0          0          0          0          0   __rtentry4.o
        52          8          0          0          0          0   __scatter.o
        28          0          0          0          0          0   __scatter_zi.o
         6          0          0          0          0          0   _printf_a.o
         6          0          0          0          0          0   _printf_c.o
        44          0          0          0          0        108   _printf_char.o
        48          6          0          0          0         96   _printf_char_common.o
        36          4          0          0          0         80   _printf_char_file.o
        40          0          0          0          0         68   _printf_charcount.o
         6          0          0          0          0          0   _printf_d.o
       120         16          0          0          0         92   _printf_dec.o
         6          0          0          0          0          0   _printf_e.o
         6          0          0          0          0          0   _printf_f.o
      1050          0          0          0          0        216   _printf_fp_dec.o
       764          8         38          0          0        100   _printf_fp_hex.o
       128         16          0          0          0         84   _printf_fp_infnan.o
         6          0          0          0          0          0   _printf_g.o
       148          4         40          0          0        160   _printf_hex_int_ll_ptr.o
         6          0          0          0          0          0   _printf_i.o
       178          0          0          0          0         88   _printf_intcommon.o
        10          0          0          0          0          0   _printf_l.o
         6          0          0          0          0          0   _printf_lc.o
        10          0          0          0          0          0   _printf_ll.o
         6          0          0          0          0          0   _printf_lld.o
         6          0          0          0          0          0   _printf_lli.o
         6          0          0          0          0          0   _printf_llo.o
         6          0          0          0          0          0   _printf_llu.o
         6          0          0          0          0          0   _printf_llx.o
       124         16          0          0          0         92   _printf_longlong_dec.o
         6          0          0          0          0          0   _printf_ls.o
         6          0          0          0          0          0   _printf_n.o
         6          0          0          0          0          0   _printf_o.o
       112          8          0          0          0        124   _printf_oct_int_ll.o
         6          0          0          0          0          0   _printf_p.o
        78          0          0          0          0        108   _printf_pad.o
         0          0          0          0          0          0   _printf_percent.o
         4          0          0          0          0          0   _printf_percent_end.o
         6          0          0          0          0          0   _printf_s.o
        82          0          0          0          0         80   _printf_str.o
        36          0          0          0          0         84   _printf_truncate.o
         6          0          0          0          0          0   _printf_u.o
        44          0          0          0          0        108   _printf_wchar.o
       188          6          8          0          0         92   _printf_wctomb.o
         6          0          0          0          0          0   _printf_x.o
        10          0          0          0          0         68   _sputc.o
        64          0          0          0          0         92   _wcrtomb.o
       220          4        148          0          0         96   bigflt0.o
      1910        128          0          0          0        672   btod.o
        18          0          0          0          0         80   exit.o
         6          0          0          0          0        152   heapauxi.o
         0          0          0          0          0          0   indicate_semi.o
        44         10        272          0          0         76   lc_ctype_c.o
        44         10         28          0          0         76   lc_numeric_c.o
         2          0          0          0          0          0   libinit.o
        34          0          0          0          0          0   libinit2.o
         2          0          0          0          0          0   libshutdown.o
         2          0          0          0          0          0   libshutdown2.o
         8          4          0          0         96         68   libspace.o
       138          0          0          0          0         80   lludiv10.o
        88          0          0          0          0         76   memcmp.o
        60         14          0          0        228         92   rand.o
        16          4          0          0          0         76   rt_ctype_table.o
         8          4          0          0          0         68   rt_locale_intlibspace.o
       138          0          0          0          0         68   rt_memcpy_v6.o
       100          0          0          0          0         80   rt_memcpy_w.o
         2          0          0          0          0          0   rtexit.o
        10          0          0          0          0          0   rtexit2.o
       128          0          0          0          0         68   strcmpv7m.o
        12          4          0          0          0         68   sys_exit.o
        74          0          0          0          0         80   sys_stackheap_outer.o
         2          0          0          0          0         68   use_no_semi.o
        10          0          0          0          0         68   vfprintf.o
        90          4          0          0          0         92   dfixu.o
        38          0          0          0          0         68   dflt_clz.o
       340         12          0          0          0        104   dmul.o
       156          4          0          0          0         92   dnaninf.o
        12          0          0          0          0         68   dretinf.o
       430          8          0          0          0        168   faddsub_clz.o
       388         76          0          0          0         96   fdiv.o
        62          4          0          0          0         84   ffixu.o
        38          0          0          0          0         68   fflt_clz.o
       258          4          0          0          0         84   fmul.o
       140          4          0          0          0         84   fnaninf.o
        10          0          0          0          0         68   fretinf.o
         4          0          0          0          0         68   printf1.o
         4          0          0          0          0         68   printf2.o
         0          0          0          0          0          0   usenofp.o
        40          0          0          0          0         68   fpclassify.o

    ----------------------------------------------------------------------
      9188        400        553          0        324       5644   Library Totals
        18          0          2          0          0          0   (incl. Padding)

    ----------------------------------------------------------------------

      Code (inc. data)   RO Data    RW Data    ZI Data      Debug   Library Name

      7160        284        551          0        324       4364   c_w.l
      1970        116          0          0          0       1212   fz_ws.l
        40          0          0          0          0         68   m_ws.l

    ----------------------------------------------------------------------
      9188        400        553          0        324       5644   Library Totals

    ----------------------------------------------------------------------

==============================================================================


      Code (inc. data)   RO Data    RW Data    ZI Data      Debug   

     21304       1398        884        664       8680     430092   Grand Totals
     21304       1398        884        140       8680     430092   ELF Image Totals (compressed)
     21304       1398        884        140          0          0   ROM Totals

==============================================================================

    Total RO  Size (Code + RO Data)                22188 (  21.67kB)
    Total RW  Size (RW Data + ZI Data)              9344 (   9.13kB)
    Total ROM Size (Code + RO Data + RW Data)      22328 (  21.80kB)

==============================================================================

